[0.585s] Invoking command in '/home/rahul/ros2_workspace/build/my_robot_controller': PYTHONPATH=/home/rahul/ros2_workspace/build/my_robot_controller/prefix_override:/usr/lib/python3/dist-packages/colcon_core/task/python/colcon_distutils_commands:/home/rahul/ros2_workspace/install/my_robot_controller/lib/python3.10/site-packages:${PYTHONPATH} /usr/bin/python3 -W ignore:setup.py install is deprecated -W ignore:easy_install command is deprecated setup.py develop --uninstall --editable --build-directory /home/rahul/ros2_workspace/build/my_robot_controller/build
[0.822s] running develop
[0.988s] Removing /home/rahul/ros2_workspace/install/my_robot_controller/lib/python3.10/site-packages/my-robot-controller.egg-link (link to .)
[30.577s] Invoked command in '/home/rahul/ros2_workspace/build/my_robot_controller' returned '0': PYTHONPATH=/home/rahul/ros2_workspace/build/my_robot_controller/prefix_override:/usr/lib/python3/dist-packages/colcon_core/task/python/colcon_distutils_commands:/home/rahul/ros2_workspace/install/my_robot_controller/lib/python3.10/site-packages:${PYTHONPATH} /usr/bin/python3 -W ignore:setup.py install is deprecated -W ignore:easy_install command is deprecated setup.py develop --uninstall --editable --build-directory /home/rahul/ros2_workspace/build/my_robot_controller/build
[30.579s] Invoking command in '/home/rahul/ros2_workspace/src/my_robot_controller': PYTHONPATH=/home/rahul/ros2_workspace/build/my_robot_controller/prefix_override:/usr/lib/python3/dist-packages/colcon_core/task/python/colcon_distutils_commands:/home/rahul/ros2_workspace/install/my_robot_controller/lib/python3.10/site-packages:${PYTHONPATH} /usr/bin/python3 -W ignore:setup.py install is deprecated -W ignore:easy_install command is deprecated setup.py egg_info --egg-base ../../build/my_robot_controller build --build-base /home/rahul/ros2_workspace/build/my_robot_controller/build install --record /home/rahul/ros2_workspace/build/my_robot_controller/install.log --single-version-externally-managed install_data --force
[30.795s] running egg_info
[30.795s] writing ../../build/my_robot_controller/my_robot_controller.egg-info/PKG-INFO
[30.795s] writing dependency_links to ../../build/my_robot_controller/my_robot_controller.egg-info/dependency_links.txt
[30.795s] writing entry points to ../../build/my_robot_controller/my_robot_controller.egg-info/entry_points.txt
[30.795s] writing requirements to ../../build/my_robot_controller/my_robot_controller.egg-info/requires.txt
[30.795s] writing top-level names to ../../build/my_robot_controller/my_robot_controller.egg-info/top_level.txt
[30.797s] reading manifest file '../../build/my_robot_controller/my_robot_controller.egg-info/SOURCES.txt'
[30.797s] writing manifest file '../../build/my_robot_controller/my_robot_controller.egg-info/SOURCES.txt'
[30.797s] running build
[30.798s] running build_py
[30.798s] copying my_robot_controller/perception_controller.py -> /home/rahul/ros2_workspace/build/my_robot_controller/build/lib/my_robot_controller
[30.798s] running install
[30.798s] running install_lib
[30.799s] creating /home/rahul/ros2_workspace/install/my_robot_controller/lib/python3.10/site-packages/my_robot_controller
[30.799s] copying /home/rahul/ros2_workspace/build/my_robot_controller/build/lib/my_robot_controller/__init__.py -> /home/rahul/ros2_workspace/install/my_robot_controller/lib/python3.10/site-packages/my_robot_controller
[30.799s] copying /home/rahul/ros2_workspace/build/my_robot_controller/build/lib/my_robot_controller/sign_detection_code.py -> /home/rahul/ros2_workspace/install/my_robot_controller/lib/python3.10/site-packages/my_robot_controller
[30.799s] copying /home/rahul/ros2_workspace/build/my_robot_controller/build/lib/my_robot_controller/perception_controller.py -> /home/rahul/ros2_workspace/install/my_robot_controller/lib/python3.10/site-packages/my_robot_controller
[30.800s] copying /home/rahul/ros2_workspace/build/my_robot_controller/build/lib/my_robot_controller/move_robot.py -> /home/rahul/ros2_workspace/install/my_robot_controller/lib/python3.10/site-packages/my_robot_controller
[30.801s] byte-compiling /home/rahul/ros2_workspace/install/my_robot_controller/lib/python3.10/site-packages/my_robot_controller/__init__.py to __init__.cpython-310.pyc
[30.801s] byte-compiling /home/rahul/ros2_workspace/install/my_robot_controller/lib/python3.10/site-packages/my_robot_controller/sign_detection_code.py to sign_detection_code.cpython-310.pyc
[30.802s] byte-compiling /home/rahul/ros2_workspace/install/my_robot_controller/lib/python3.10/site-packages/my_robot_controller/perception_controller.py to perception_controller.cpython-310.pyc
[30.804s] byte-compiling /home/rahul/ros2_workspace/install/my_robot_controller/lib/python3.10/site-packages/my_robot_controller/move_robot.py to move_robot.cpython-310.pyc
[30.805s] running install_data
[30.805s] copying resource/my_robot_controller -> /home/rahul/ros2_workspace/install/my_robot_controller/share/ament_index/resource_index/packages
[30.805s] copying package.xml -> /home/rahul/ros2_workspace/install/my_robot_controller/share/my_robot_controller
[30.805s] running install_egg_info
[30.807s] Copying ../../build/my_robot_controller/my_robot_controller.egg-info to /home/rahul/ros2_workspace/install/my_robot_controller/lib/python3.10/site-packages/my_robot_controller-0.0.0-py3.10.egg-info
[30.808s] running install_scripts
[30.824s] Installing move_robot script to /home/rahul/ros2_workspace/install/my_robot_controller/lib/my_robot_controller
[30.824s] Installing perception_controller script to /home/rahul/ros2_workspace/install/my_robot_controller/lib/my_robot_controller
[30.824s] writing list of installed files to '/home/rahul/ros2_workspace/build/my_robot_controller/install.log'
[60.588s] Invoked command in '/home/rahul/ros2_workspace/src/my_robot_controller' returned '0': PYTHONPATH=/home/rahul/ros2_workspace/build/my_robot_controller/prefix_override:/usr/lib/python3/dist-packages/colcon_core/task/python/colcon_distutils_commands:/home/rahul/ros2_workspace/install/my_robot_controller/lib/python3.10/site-packages:${PYTHONPATH} /usr/bin/python3 -W ignore:setup.py install is deprecated -W ignore:easy_install command is deprecated setup.py egg_info --egg-base ../../build/my_robot_controller build --build-base /home/rahul/ros2_workspace/build/my_robot_controller/build install --record /home/rahul/ros2_workspace/build/my_robot_controller/install.log --single-version-externally-managed install_data --force
