[30.591s] Invoking command in '/home/rahul/ros2_workspace/src/my_robot_controller': PYTHONPATH=/home/rahul/ros2_workspace/build/my_robot_controller/prefix_override:/usr/lib/python3/dist-packages/colcon_core/task/python/colcon_distutils_commands:/home/rahul/ros2_workspace/install/my_robot_controller/lib/python3.10/site-packages:${PYTHONPATH} /usr/bin/python3 -W ignore:setup.py install is deprecated -W ignore:easy_install command is deprecated setup.py egg_info --egg-base ../../build/my_robot_controller build --build-base /home/rahul/ros2_workspace/build/my_robot_controller/build install --record /home/rahul/ros2_workspace/build/my_robot_controller/install.log --single-version-externally-managed install_data
[30.807s] running egg_info
[30.807s] writing ../../build/my_robot_controller/my_robot_controller.egg-info/PKG-INFO
[30.808s] writing dependency_links to ../../build/my_robot_controller/my_robot_controller.egg-info/dependency_links.txt
[30.808s] writing entry points to ../../build/my_robot_controller/my_robot_controller.egg-info/entry_points.txt
[30.808s] writing requirements to ../../build/my_robot_controller/my_robot_controller.egg-info/requires.txt
[30.808s] writing top-level names to ../../build/my_robot_controller/my_robot_controller.egg-info/top_level.txt
[30.809s] reading manifest file '../../build/my_robot_controller/my_robot_controller.egg-info/SOURCES.txt'
[30.810s] writing manifest file '../../build/my_robot_controller/my_robot_controller.egg-info/SOURCES.txt'
[30.810s] running build
[30.810s] running build_py
[30.810s] running install
[30.810s] running install_lib
[30.812s] running install_data
[30.812s] running install_egg_info
[30.813s] removing '/home/rahul/ros2_workspace/install/my_robot_controller/lib/python3.10/site-packages/my_robot_controller-0.0.0-py3.10.egg-info' (and everything under it)
[30.814s] Copying ../../build/my_robot_controller/my_robot_controller.egg-info to /home/rahul/ros2_workspace/install/my_robot_controller/lib/python3.10/site-packages/my_robot_controller-0.0.0-py3.10.egg-info
[30.814s] running install_scripts
[30.831s] Installing lidar_navigation_controller script to /home/rahul/ros2_workspace/install/my_robot_controller/lib/my_robot_controller
[30.831s] Installing move_robot script to /home/rahul/ros2_workspace/install/my_robot_controller/lib/my_robot_controller
[30.831s] Installing perception_controller script to /home/rahul/ros2_workspace/install/my_robot_controller/lib/my_robot_controller
[30.831s] writing list of installed files to '/home/rahul/ros2_workspace/build/my_robot_controller/install.log'
[30.849s] Invoked command in '/home/rahul/ros2_workspace/src/my_robot_controller' returned '0': PYTHONPATH=/home/rahul/ros2_workspace/build/my_robot_controller/prefix_override:/usr/lib/python3/dist-packages/colcon_core/task/python/colcon_distutils_commands:/home/rahul/ros2_workspace/install/my_robot_controller/lib/python3.10/site-packages:${PYTHONPATH} /usr/bin/python3 -W ignore:setup.py install is deprecated -W ignore:easy_install command is deprecated setup.py egg_info --egg-base ../../build/my_robot_controller build --build-base /home/rahul/ros2_workspace/build/my_robot_controller/build install --record /home/rahul/ros2_workspace/build/my_robot_controller/install.log --single-version-externally-managed install_data
