[0.173s] DEBUG:colcon:Command line arguments: ['/usr/bin/colcon', 'build', '--symlink-install']
[0.173s] DEBUG:colcon:Parsed command line arguments: Namespace(log_base=None, log_level=None, verb_name='build', build_base='build', install_base='install', merge_install=False, symlink_install=True, test_result_base=None, continue_on_error=False, executor='parallel', parallel_workers=16, event_handlers=None, ignore_user_meta=False, metas=['./colcon.meta'], base_paths=['.'], packages_ignore=None, packages_ignore_regex=None, paths=None, packages_up_to=None, packages_up_to_regex=None, packages_above=None, packages_above_and_dependencies=None, packages_above_depth=None, packages_select_by_dep=None, packages_skip_by_dep=None, packages_skip_up_to=None, packages_select_build_failed=False, packages_skip_build_finished=False, packages_select_test_failures=False, packages_skip_test_passed=False, packages_select=None, packages_skip=None, packages_select_regex=None, packages_skip_regex=None, packages_start=None, packages_end=None, allow_overriding=[], cmake_args=None, cmake_target=None, cmake_target_skip_unavailable=False, cmake_clean_cache=False, cmake_clean_first=False, cmake_force_configure=False, ament_cmake_args=None, catkin_cmake_args=None, catkin_skip_building_tests=False, verb_parser=<colcon_defaults.argument_parser.defaults.DefaultArgumentsDecorator object at 0x7ec0359ef6a0>, verb_extension=<colcon_core.verb.build.BuildVerb object at 0x7ec0359ee5f0>, main=<bound method BuildVerb.main of <colcon_core.verb.build.BuildVerb object at 0x7ec0359ee5f0>>)
[0.365s] Level 1:colcon.colcon_core.package_discovery:discover_packages(colcon_meta) check parameters
[0.365s] Level 1:colcon.colcon_core.package_discovery:discover_packages(recursive) check parameters
[0.365s] Level 1:colcon.colcon_core.package_discovery:discover_packages(ignore) check parameters
[0.365s] Level 1:colcon.colcon_core.package_discovery:discover_packages(path) check parameters
[0.365s] Level 1:colcon.colcon_core.package_discovery:discover_packages(colcon_meta) discover
[0.365s] Level 1:colcon.colcon_core.package_discovery:discover_packages(recursive) discover
[0.365s] INFO:colcon.colcon_core.package_discovery:Crawling recursively for packages in '/home/rahul/ros2_workspace'
[0.365s] Level 1:colcon.colcon_core.package_identification:_identify(.) by extensions ['ignore', 'ignore_ament_install']
[0.365s] Level 1:colcon.colcon_core.package_identification:_identify(.) by extension 'ignore'
[0.365s] Level 1:colcon.colcon_core.package_identification:_identify(.) by extension 'ignore_ament_install'
[0.365s] Level 1:colcon.colcon_core.package_identification:_identify(.) by extensions ['colcon_pkg']
[0.365s] Level 1:colcon.colcon_core.package_identification:_identify(.) by extension 'colcon_pkg'
[0.366s] Level 1:colcon.colcon_core.package_identification:_identify(.) by extensions ['colcon_meta']
[0.366s] Level 1:colcon.colcon_core.package_identification:_identify(.) by extension 'colcon_meta'
[0.366s] Level 1:colcon.colcon_core.package_identification:_identify(.) by extensions ['ros']
[0.366s] Level 1:colcon.colcon_core.package_identification:_identify(.) by extension 'ros'
[0.374s] Level 1:colcon.colcon_core.package_identification:_identify(.) by extensions ['cmake', 'python']
[0.374s] Level 1:colcon.colcon_core.package_identification:_identify(.) by extension 'cmake'
[0.374s] Level 1:colcon.colcon_core.package_identification:_identify(.) by extension 'python'
[0.374s] Level 1:colcon.colcon_core.package_identification:_identify(.) by extensions ['python_setup_py']
[0.374s] Level 1:colcon.colcon_core.package_identification:_identify(.) by extension 'python_setup_py'
[0.375s] Level 1:colcon.colcon_core.package_identification:_identify(build) by extensions ['ignore', 'ignore_ament_install']
[0.375s] Level 1:colcon.colcon_core.package_identification:_identify(build) by extension 'ignore'
[0.375s] Level 1:colcon.colcon_core.package_identification:_identify(build) ignored
[0.375s] Level 1:colcon.colcon_core.package_identification:_identify(install) by extensions ['ignore', 'ignore_ament_install']
[0.375s] Level 1:colcon.colcon_core.package_identification:_identify(install) by extension 'ignore'
[0.375s] Level 1:colcon.colcon_core.package_identification:_identify(install) ignored
[0.375s] Level 1:colcon.colcon_core.package_identification:_identify(log) by extensions ['ignore', 'ignore_ament_install']
[0.375s] Level 1:colcon.colcon_core.package_identification:_identify(log) by extension 'ignore'
[0.375s] Level 1:colcon.colcon_core.package_identification:_identify(log) ignored
[0.375s] Level 1:colcon.colcon_core.package_identification:_identify(src) by extensions ['ignore', 'ignore_ament_install']
[0.375s] Level 1:colcon.colcon_core.package_identification:_identify(src) by extension 'ignore'
[0.375s] Level 1:colcon.colcon_core.package_identification:_identify(src) by extension 'ignore_ament_install'
[0.375s] Level 1:colcon.colcon_core.package_identification:_identify(src) by extensions ['colcon_pkg']
[0.375s] Level 1:colcon.colcon_core.package_identification:_identify(src) by extension 'colcon_pkg'
[0.375s] Level 1:colcon.colcon_core.package_identification:_identify(src) by extensions ['colcon_meta']
[0.375s] Level 1:colcon.colcon_core.package_identification:_identify(src) by extension 'colcon_meta'
[0.375s] Level 1:colcon.colcon_core.package_identification:_identify(src) by extensions ['ros']
[0.376s] Level 1:colcon.colcon_core.package_identification:_identify(src) by extension 'ros'
[0.376s] Level 1:colcon.colcon_core.package_identification:_identify(src) by extensions ['cmake', 'python']
[0.376s] Level 1:colcon.colcon_core.package_identification:_identify(src) by extension 'cmake'
[0.376s] Level 1:colcon.colcon_core.package_identification:_identify(src) by extension 'python'
[0.376s] Level 1:colcon.colcon_core.package_identification:_identify(src) by extensions ['python_setup_py']
[0.376s] Level 1:colcon.colcon_core.package_identification:_identify(src) by extension 'python_setup_py'
[0.376s] Level 1:colcon.colcon_core.package_identification:_identify(src/my_robot_bringup) by extensions ['ignore', 'ignore_ament_install']
[0.376s] Level 1:colcon.colcon_core.package_identification:_identify(src/my_robot_bringup) by extension 'ignore'
[0.376s] Level 1:colcon.colcon_core.package_identification:_identify(src/my_robot_bringup) by extension 'ignore_ament_install'
[0.376s] Level 1:colcon.colcon_core.package_identification:_identify(src/my_robot_bringup) by extensions ['colcon_pkg']
[0.376s] Level 1:colcon.colcon_core.package_identification:_identify(src/my_robot_bringup) by extension 'colcon_pkg'
[0.376s] Level 1:colcon.colcon_core.package_identification:_identify(src/my_robot_bringup) by extensions ['colcon_meta']
[0.376s] Level 1:colcon.colcon_core.package_identification:_identify(src/my_robot_bringup) by extension 'colcon_meta'
[0.376s] Level 1:colcon.colcon_core.package_identification:_identify(src/my_robot_bringup) by extensions ['ros']
[0.376s] Level 1:colcon.colcon_core.package_identification:_identify(src/my_robot_bringup) by extension 'ros'
[0.378s] DEBUG:colcon.colcon_core.package_identification:Package 'src/my_robot_bringup' with type 'ros.ament_cmake' and name 'my_robot_bringup'
[0.378s] Level 1:colcon.colcon_core.package_identification:_identify(src/my_robot_description) by extensions ['ignore', 'ignore_ament_install']
[0.378s] Level 1:colcon.colcon_core.package_identification:_identify(src/my_robot_description) by extension 'ignore'
[0.378s] Level 1:colcon.colcon_core.package_identification:_identify(src/my_robot_description) by extension 'ignore_ament_install'
[0.379s] Level 1:colcon.colcon_core.package_identification:_identify(src/my_robot_description) by extensions ['colcon_pkg']
[0.379s] Level 1:colcon.colcon_core.package_identification:_identify(src/my_robot_description) by extension 'colcon_pkg'
[0.379s] Level 1:colcon.colcon_core.package_identification:_identify(src/my_robot_description) by extensions ['colcon_meta']
[0.379s] Level 1:colcon.colcon_core.package_identification:_identify(src/my_robot_description) by extension 'colcon_meta'
[0.379s] Level 1:colcon.colcon_core.package_identification:_identify(src/my_robot_description) by extensions ['ros']
[0.379s] Level 1:colcon.colcon_core.package_identification:_identify(src/my_robot_description) by extension 'ros'
[0.379s] DEBUG:colcon.colcon_core.package_identification:Package 'src/my_robot_description' with type 'ros.ament_cmake' and name 'my_robot_description'
[0.379s] Level 1:colcon.colcon_core.package_discovery:discover_packages(recursive) using defaults
[0.379s] Level 1:colcon.colcon_core.package_discovery:discover_packages(ignore) discover
[0.379s] Level 1:colcon.colcon_core.package_discovery:discover_packages(ignore) using defaults
[0.379s] Level 1:colcon.colcon_core.package_discovery:discover_packages(path) discover
[0.379s] Level 1:colcon.colcon_core.package_discovery:discover_packages(path) using defaults
[0.408s] Level 1:colcon.colcon_core.package_discovery:discover_packages(prefix_path) check parameters
[0.408s] Level 1:colcon.colcon_core.package_discovery:discover_packages(prefix_path) discover
[0.412s] DEBUG:colcon.colcon_installed_package_information.package_discovery:Found 13 installed packages in /home/rahul/colcon_ws/install
[0.412s] DEBUG:colcon.colcon_installed_package_information.package_discovery:Found 23 installed packages in /home/rahul/ros2_ws/install
[0.414s] DEBUG:colcon.colcon_installed_package_information.package_discovery:Found 448 installed packages in /opt/ros/humble
[0.416s] Level 1:colcon.colcon_core.package_discovery:discover_packages(prefix_path) using defaults
[0.481s] Level 5:colcon.colcon_core.verb:set package 'my_robot_description' build argument 'cmake_args' from command line to 'None'
[0.481s] Level 5:colcon.colcon_core.verb:set package 'my_robot_description' build argument 'cmake_target' from command line to 'None'
[0.481s] Level 5:colcon.colcon_core.verb:set package 'my_robot_description' build argument 'cmake_target_skip_unavailable' from command line to 'False'
[0.481s] Level 5:colcon.colcon_core.verb:set package 'my_robot_description' build argument 'cmake_clean_cache' from command line to 'False'
[0.481s] Level 5:colcon.colcon_core.verb:set package 'my_robot_description' build argument 'cmake_clean_first' from command line to 'False'
[0.481s] Level 5:colcon.colcon_core.verb:set package 'my_robot_description' build argument 'cmake_force_configure' from command line to 'False'
[0.481s] Level 5:colcon.colcon_core.verb:set package 'my_robot_description' build argument 'ament_cmake_args' from command line to 'None'
[0.481s] Level 5:colcon.colcon_core.verb:set package 'my_robot_description' build argument 'catkin_cmake_args' from command line to 'None'
[0.481s] Level 5:colcon.colcon_core.verb:set package 'my_robot_description' build argument 'catkin_skip_building_tests' from command line to 'False'
[0.481s] DEBUG:colcon.colcon_core.verb:Building package 'my_robot_description' with the following arguments: {'ament_cmake_args': None, 'build_base': '/home/rahul/ros2_workspace/build/my_robot_description', 'catkin_cmake_args': None, 'catkin_skip_building_tests': False, 'cmake_args': None, 'cmake_clean_cache': False, 'cmake_clean_first': False, 'cmake_force_configure': False, 'cmake_target': None, 'cmake_target_skip_unavailable': False, 'install_base': '/home/rahul/ros2_workspace/install/my_robot_description', 'merge_install': False, 'path': '/home/rahul/ros2_workspace/src/my_robot_description', 'symlink_install': True, 'test_result_base': None}
[0.481s] Level 5:colcon.colcon_core.verb:set package 'my_robot_bringup' build argument 'cmake_args' from command line to 'None'
[0.481s] Level 5:colcon.colcon_core.verb:set package 'my_robot_bringup' build argument 'cmake_target' from command line to 'None'
[0.481s] Level 5:colcon.colcon_core.verb:set package 'my_robot_bringup' build argument 'cmake_target_skip_unavailable' from command line to 'False'
[0.481s] Level 5:colcon.colcon_core.verb:set package 'my_robot_bringup' build argument 'cmake_clean_cache' from command line to 'False'
[0.481s] Level 5:colcon.colcon_core.verb:set package 'my_robot_bringup' build argument 'cmake_clean_first' from command line to 'False'
[0.481s] Level 5:colcon.colcon_core.verb:set package 'my_robot_bringup' build argument 'cmake_force_configure' from command line to 'False'
[0.481s] Level 5:colcon.colcon_core.verb:set package 'my_robot_bringup' build argument 'ament_cmake_args' from command line to 'None'
[0.481s] Level 5:colcon.colcon_core.verb:set package 'my_robot_bringup' build argument 'catkin_cmake_args' from command line to 'None'
[0.481s] Level 5:colcon.colcon_core.verb:set package 'my_robot_bringup' build argument 'catkin_skip_building_tests' from command line to 'False'
[0.481s] DEBUG:colcon.colcon_core.verb:Building package 'my_robot_bringup' with the following arguments: {'ament_cmake_args': None, 'build_base': '/home/rahul/ros2_workspace/build/my_robot_bringup', 'catkin_cmake_args': None, 'catkin_skip_building_tests': False, 'cmake_args': None, 'cmake_clean_cache': False, 'cmake_clean_first': False, 'cmake_force_configure': False, 'cmake_target': None, 'cmake_target_skip_unavailable': False, 'install_base': '/home/rahul/ros2_workspace/install/my_robot_bringup', 'merge_install': False, 'path': '/home/rahul/ros2_workspace/src/my_robot_bringup', 'symlink_install': True, 'test_result_base': None}
[0.481s] INFO:colcon.colcon_core.executor:Executing jobs using 'parallel' executor
[0.482s] DEBUG:colcon.colcon_parallel_executor.executor.parallel:run_until_complete
[0.483s] INFO:colcon.colcon_ros.task.ament_cmake.build:Building ROS package in '/home/rahul/ros2_workspace/src/my_robot_description' with build type 'ament_cmake'
[0.483s] INFO:colcon.colcon_cmake.task.cmake.build:Building CMake package in '/home/rahul/ros2_workspace/src/my_robot_description'
[0.486s] INFO:colcon.colcon_core.plugin_system:Skipping extension 'colcon_core.shell.bat': Not used on non-Windows systems
[0.486s] INFO:colcon.colcon_core.shell:Skip shell extension 'powershell' for command environment: Not usable outside of PowerShell
[0.486s] DEBUG:colcon.colcon_core.shell:Skip shell extension 'dsv' for command environment
[0.497s] DEBUG:colcon.colcon_core.event_handler.log_command:Invoking command in '/home/rahul/ros2_workspace/build/my_robot_description': CMAKE_PREFIX_PATH=${CMAKE_PREFIX_PATH}:/home/rahul/ros2_ws/install/launch_testing_examples:/home/rahul/ros2_ws/install/examples_rclpy_pointcloud_publisher:/home/rahul/ros2_ws/install/examples_rclpy_minimal_subscriber:/home/rahul/ros2_ws/install/examples_rclpy_minimal_service:/home/rahul/ros2_ws/install/examples_rclpy_minimal_publisher:/home/rahul/ros2_ws/install/examples_rclpy_minimal_client:/home/rahul/ros2_ws/install/examples_rclpy_minimal_action_server:/home/rahul/ros2_ws/install/examples_rclpy_minimal_action_client:/home/rahul/ros2_ws/install/examples_rclpy_guard_conditions:/home/rahul/ros2_ws/install/examples_rclpy_executors:/home/rahul/ros2_ws/install/My_package:/home/rahul/colcon_ws/install/ur5_control:/opt/ros/humble /usr/bin/cmake --build /home/rahul/ros2_workspace/build/my_robot_description -- -j16 -l16
[0.558s] DEBUG:colcon.colcon_core.event_handler.log_command:Invoked command in '/home/rahul/ros2_workspace/build/my_robot_description' returned '0': CMAKE_PREFIX_PATH=${CMAKE_PREFIX_PATH}:/home/rahul/ros2_ws/install/launch_testing_examples:/home/rahul/ros2_ws/install/examples_rclpy_pointcloud_publisher:/home/rahul/ros2_ws/install/examples_rclpy_minimal_subscriber:/home/rahul/ros2_ws/install/examples_rclpy_minimal_service:/home/rahul/ros2_ws/install/examples_rclpy_minimal_publisher:/home/rahul/ros2_ws/install/examples_rclpy_minimal_client:/home/rahul/ros2_ws/install/examples_rclpy_minimal_action_server:/home/rahul/ros2_ws/install/examples_rclpy_minimal_action_client:/home/rahul/ros2_ws/install/examples_rclpy_guard_conditions:/home/rahul/ros2_ws/install/examples_rclpy_executors:/home/rahul/ros2_ws/install/My_package:/home/rahul/colcon_ws/install/ur5_control:/opt/ros/humble /usr/bin/cmake --build /home/rahul/ros2_workspace/build/my_robot_description -- -j16 -l16
[0.568s] DEBUG:colcon.colcon_core.event_handler.log_command:Invoking command in '/home/rahul/ros2_workspace/build/my_robot_description': CMAKE_PREFIX_PATH=${CMAKE_PREFIX_PATH}:/home/rahul/ros2_ws/install/launch_testing_examples:/home/rahul/ros2_ws/install/examples_rclpy_pointcloud_publisher:/home/rahul/ros2_ws/install/examples_rclpy_minimal_subscriber:/home/rahul/ros2_ws/install/examples_rclpy_minimal_service:/home/rahul/ros2_ws/install/examples_rclpy_minimal_publisher:/home/rahul/ros2_ws/install/examples_rclpy_minimal_client:/home/rahul/ros2_ws/install/examples_rclpy_minimal_action_server:/home/rahul/ros2_ws/install/examples_rclpy_minimal_action_client:/home/rahul/ros2_ws/install/examples_rclpy_guard_conditions:/home/rahul/ros2_ws/install/examples_rclpy_executors:/home/rahul/ros2_ws/install/My_package:/home/rahul/colcon_ws/install/ur5_control:/opt/ros/humble /usr/bin/cmake --install /home/rahul/ros2_workspace/build/my_robot_description
[0.592s] Level 1:colcon.colcon_core.environment:create_environment_scripts_only(my_robot_description)
[0.592s] DEBUG:colcon.colcon_core.event_handler.log_command:Invoked command in '/home/rahul/ros2_workspace/build/my_robot_description' returned '0': CMAKE_PREFIX_PATH=${CMAKE_PREFIX_PATH}:/home/rahul/ros2_ws/install/launch_testing_examples:/home/rahul/ros2_ws/install/examples_rclpy_pointcloud_publisher:/home/rahul/ros2_ws/install/examples_rclpy_minimal_subscriber:/home/rahul/ros2_ws/install/examples_rclpy_minimal_service:/home/rahul/ros2_ws/install/examples_rclpy_minimal_publisher:/home/rahul/ros2_ws/install/examples_rclpy_minimal_client:/home/rahul/ros2_ws/install/examples_rclpy_minimal_action_server:/home/rahul/ros2_ws/install/examples_rclpy_minimal_action_client:/home/rahul/ros2_ws/install/examples_rclpy_guard_conditions:/home/rahul/ros2_ws/install/examples_rclpy_executors:/home/rahul/ros2_ws/install/My_package:/home/rahul/colcon_ws/install/ur5_control:/opt/ros/humble /usr/bin/cmake --install /home/rahul/ros2_workspace/build/my_robot_description
[0.596s] Level 1:colcon.colcon_core.environment:checking '/home/rahul/ros2_workspace/install/my_robot_description' for CMake module files
[0.597s] Level 1:colcon.colcon_core.environment:checking '/home/rahul/ros2_workspace/install/my_robot_description' for CMake config files
[0.597s] Level 1:colcon.colcon_core.shell:create_environment_hook('my_robot_description', 'cmake_prefix_path')
[0.597s] INFO:colcon.colcon_core.shell:Creating environment hook '/home/rahul/ros2_workspace/install/my_robot_description/share/my_robot_description/hook/cmake_prefix_path.ps1'
[0.598s] INFO:colcon.colcon_core.shell:Creating environment descriptor '/home/rahul/ros2_workspace/install/my_robot_description/share/my_robot_description/hook/cmake_prefix_path.dsv'
[0.599s] INFO:colcon.colcon_core.shell:Creating environment hook '/home/rahul/ros2_workspace/install/my_robot_description/share/my_robot_description/hook/cmake_prefix_path.sh'
[0.599s] Level 1:colcon.colcon_core.environment:checking '/home/rahul/ros2_workspace/install/my_robot_description/bin'
[0.599s] Level 1:colcon.colcon_core.environment:checking '/home/rahul/ros2_workspace/install/my_robot_description/lib/pkgconfig/my_robot_description.pc'
[0.600s] Level 1:colcon.colcon_core.environment:checking '/home/rahul/ros2_workspace/install/my_robot_description/lib/python3.10/site-packages'
[0.600s] Level 1:colcon.colcon_core.environment:checking '/home/rahul/ros2_workspace/install/my_robot_description/bin'
[0.600s] INFO:colcon.colcon_core.shell:Creating package script '/home/rahul/ros2_workspace/install/my_robot_description/share/my_robot_description/package.ps1'
[0.600s] INFO:colcon.colcon_core.shell:Creating package descriptor '/home/rahul/ros2_workspace/install/my_robot_description/share/my_robot_description/package.dsv'
[0.601s] INFO:colcon.colcon_core.shell:Creating package script '/home/rahul/ros2_workspace/install/my_robot_description/share/my_robot_description/package.sh'
[0.601s] INFO:colcon.colcon_core.shell:Creating package script '/home/rahul/ros2_workspace/install/my_robot_description/share/my_robot_description/package.bash'
[0.602s] INFO:colcon.colcon_core.shell:Creating package script '/home/rahul/ros2_workspace/install/my_robot_description/share/my_robot_description/package.zsh'
[0.603s] Level 1:colcon.colcon_core.environment:create_file_with_runtime_dependencies(/home/rahul/ros2_workspace/install/my_robot_description/share/colcon-core/packages/my_robot_description)
[0.603s] Level 1:colcon.colcon_core.environment:create_environment_scripts_only(my_robot_description)
[0.603s] Level 1:colcon.colcon_core.environment:checking '/home/rahul/ros2_workspace/install/my_robot_description' for CMake module files
[0.604s] Level 1:colcon.colcon_core.environment:checking '/home/rahul/ros2_workspace/install/my_robot_description' for CMake config files
[0.604s] Level 1:colcon.colcon_core.shell:create_environment_hook('my_robot_description', 'cmake_prefix_path')
[0.604s] INFO:colcon.colcon_core.shell:Creating environment hook '/home/rahul/ros2_workspace/install/my_robot_description/share/my_robot_description/hook/cmake_prefix_path.ps1'
[0.604s] INFO:colcon.colcon_core.shell:Creating environment descriptor '/home/rahul/ros2_workspace/install/my_robot_description/share/my_robot_description/hook/cmake_prefix_path.dsv'
[0.605s] INFO:colcon.colcon_core.shell:Creating environment hook '/home/rahul/ros2_workspace/install/my_robot_description/share/my_robot_description/hook/cmake_prefix_path.sh'
[0.605s] Level 1:colcon.colcon_core.environment:checking '/home/rahul/ros2_workspace/install/my_robot_description/bin'
[0.605s] Level 1:colcon.colcon_core.environment:checking '/home/rahul/ros2_workspace/install/my_robot_description/lib/pkgconfig/my_robot_description.pc'
[0.605s] Level 1:colcon.colcon_core.environment:checking '/home/rahul/ros2_workspace/install/my_robot_description/lib/python3.10/site-packages'
[0.605s] Level 1:colcon.colcon_core.environment:checking '/home/rahul/ros2_workspace/install/my_robot_description/bin'
[0.605s] INFO:colcon.colcon_core.shell:Creating package script '/home/rahul/ros2_workspace/install/my_robot_description/share/my_robot_description/package.ps1'
[0.606s] INFO:colcon.colcon_core.shell:Creating package descriptor '/home/rahul/ros2_workspace/install/my_robot_description/share/my_robot_description/package.dsv'
[0.606s] INFO:colcon.colcon_core.shell:Creating package script '/home/rahul/ros2_workspace/install/my_robot_description/share/my_robot_description/package.sh'
[0.606s] INFO:colcon.colcon_core.shell:Creating package script '/home/rahul/ros2_workspace/install/my_robot_description/share/my_robot_description/package.bash'
[0.607s] INFO:colcon.colcon_core.shell:Creating package script '/home/rahul/ros2_workspace/install/my_robot_description/share/my_robot_description/package.zsh'
[0.607s] Level 1:colcon.colcon_core.environment:create_file_with_runtime_dependencies(/home/rahul/ros2_workspace/install/my_robot_description/share/colcon-core/packages/my_robot_description)
[0.607s] INFO:colcon.colcon_ros.task.ament_cmake.build:Building ROS package in '/home/rahul/ros2_workspace/src/my_robot_bringup' with build type 'ament_cmake'
[0.607s] INFO:colcon.colcon_cmake.task.cmake.build:Building CMake package in '/home/rahul/ros2_workspace/src/my_robot_bringup'
[0.607s] INFO:colcon.colcon_core.shell:Skip shell extension 'powershell' for command environment: Not usable outside of PowerShell
[0.607s] DEBUG:colcon.colcon_core.shell:Skip shell extension 'dsv' for command environment
[0.618s] DEBUG:colcon.colcon_core.event_handler.log_command:Invoking command in '/home/rahul/ros2_workspace/build/my_robot_bringup': AMENT_PREFIX_PATH=/home/rahul/ros2_workspace/install/my_robot_description:${AMENT_PREFIX_PATH} CMAKE_PREFIX_PATH=/home/rahul/ros2_workspace/install/my_robot_description:/home/rahul/ros2_ws/install/examples_rclcpp_wait_set:/home/rahul/ros2_ws/install/examples_rclcpp_multithreaded_executor:/home/rahul/ros2_ws/install/examples_rclcpp_minimal_timer:/home/rahul/ros2_ws/install/examples_rclcpp_minimal_subscriber:/home/rahul/ros2_ws/install/examples_rclcpp_minimal_service:/home/rahul/ros2_ws/install/examples_rclcpp_minimal_publisher:/home/rahul/ros2_ws/install/examples_rclcpp_minimal_composition:/home/rahul/ros2_ws/install/examples_rclcpp_minimal_client:/home/rahul/ros2_ws/install/examples_rclcpp_minimal_action_server:/home/rahul/ros2_ws/install/examples_rclcpp_minimal_action_client:/home/rahul/ros2_ws/install/examples_rclcpp_cbg_executor:/home/rahul/ros2_ws/install/examples_rclcpp_async_client:/home/rahul/colcon_ws/install/ur_simulation_gazebo:/home/rahul/colcon_ws/install/ur_moveit_config:/home/rahul/colcon_ws/install/ur_description:/home/rahul/colcon_ws/install/servo_msgs:/home/rahul/colcon_ws/install/realsense_gazebo_plugin:/home/rahul/colcon_ws/install/pymoveit2:/home/rahul/colcon_ws/install/ebot_description:/home/rahul/colcon_ws/install/payload_service:/home/rahul/colcon_ws/install/linkattacher_msgs:/home/rahul/colcon_ws/install/eyantra_warehouse:/home/rahul/colcon_ws/install/ebot_nav2:/home/rahul/colcon_ws/install/ebot_docking:/home/rahul/ros2_ws/install/launch_testing_examples:/home/rahul/ros2_ws/install/examples_rclpy_pointcloud_publisher:/home/rahul/ros2_ws/install/examples_rclpy_minimal_subscriber:/home/rahul/ros2_ws/install/examples_rclpy_minimal_service:/home/rahul/ros2_ws/install/examples_rclpy_minimal_publisher:/home/rahul/ros2_ws/install/examples_rclpy_minimal_client:/home/rahul/ros2_ws/install/examples_rclpy_minimal_action_server:/home/rahul/ros2_ws/install/examples_rclpy_minimal_action_client:/home/rahul/ros2_ws/install/examples_rclpy_guard_conditions:/home/rahul/ros2_ws/install/examples_rclpy_executors:/home/rahul/ros2_ws/install/My_package:/home/rahul/colcon_ws/install/ur5_control:/opt/ros/humble /usr/bin/cmake --build /home/rahul/ros2_workspace/build/my_robot_bringup -- -j16 -l16
[0.659s] DEBUG:colcon.colcon_core.event_handler.log_command:Invoked command in '/home/rahul/ros2_workspace/build/my_robot_bringup' returned '0': AMENT_PREFIX_PATH=/home/rahul/ros2_workspace/install/my_robot_description:${AMENT_PREFIX_PATH} CMAKE_PREFIX_PATH=/home/rahul/ros2_workspace/install/my_robot_description:/home/rahul/ros2_ws/install/examples_rclcpp_wait_set:/home/rahul/ros2_ws/install/examples_rclcpp_multithreaded_executor:/home/rahul/ros2_ws/install/examples_rclcpp_minimal_timer:/home/rahul/ros2_ws/install/examples_rclcpp_minimal_subscriber:/home/rahul/ros2_ws/install/examples_rclcpp_minimal_service:/home/rahul/ros2_ws/install/examples_rclcpp_minimal_publisher:/home/rahul/ros2_ws/install/examples_rclcpp_minimal_composition:/home/rahul/ros2_ws/install/examples_rclcpp_minimal_client:/home/rahul/ros2_ws/install/examples_rclcpp_minimal_action_server:/home/rahul/ros2_ws/install/examples_rclcpp_minimal_action_client:/home/rahul/ros2_ws/install/examples_rclcpp_cbg_executor:/home/rahul/ros2_ws/install/examples_rclcpp_async_client:/home/rahul/colcon_ws/install/ur_simulation_gazebo:/home/rahul/colcon_ws/install/ur_moveit_config:/home/rahul/colcon_ws/install/ur_description:/home/rahul/colcon_ws/install/servo_msgs:/home/rahul/colcon_ws/install/realsense_gazebo_plugin:/home/rahul/colcon_ws/install/pymoveit2:/home/rahul/colcon_ws/install/ebot_description:/home/rahul/colcon_ws/install/payload_service:/home/rahul/colcon_ws/install/linkattacher_msgs:/home/rahul/colcon_ws/install/eyantra_warehouse:/home/rahul/colcon_ws/install/ebot_nav2:/home/rahul/colcon_ws/install/ebot_docking:/home/rahul/ros2_ws/install/launch_testing_examples:/home/rahul/ros2_ws/install/examples_rclpy_pointcloud_publisher:/home/rahul/ros2_ws/install/examples_rclpy_minimal_subscriber:/home/rahul/ros2_ws/install/examples_rclpy_minimal_service:/home/rahul/ros2_ws/install/examples_rclpy_minimal_publisher:/home/rahul/ros2_ws/install/examples_rclpy_minimal_client:/home/rahul/ros2_ws/install/examples_rclpy_minimal_action_server:/home/rahul/ros2_ws/install/examples_rclpy_minimal_action_client:/home/rahul/ros2_ws/install/examples_rclpy_guard_conditions:/home/rahul/ros2_ws/install/examples_rclpy_executors:/home/rahul/ros2_ws/install/My_package:/home/rahul/colcon_ws/install/ur5_control:/opt/ros/humble /usr/bin/cmake --build /home/rahul/ros2_workspace/build/my_robot_bringup -- -j16 -l16
[0.660s] DEBUG:colcon.colcon_core.event_handler.log_command:Invoking command in '/home/rahul/ros2_workspace/build/my_robot_bringup': AMENT_PREFIX_PATH=/home/rahul/ros2_workspace/install/my_robot_description:${AMENT_PREFIX_PATH} CMAKE_PREFIX_PATH=/home/rahul/ros2_workspace/install/my_robot_description:/home/rahul/ros2_ws/install/examples_rclcpp_wait_set:/home/rahul/ros2_ws/install/examples_rclcpp_multithreaded_executor:/home/rahul/ros2_ws/install/examples_rclcpp_minimal_timer:/home/rahul/ros2_ws/install/examples_rclcpp_minimal_subscriber:/home/rahul/ros2_ws/install/examples_rclcpp_minimal_service:/home/rahul/ros2_ws/install/examples_rclcpp_minimal_publisher:/home/rahul/ros2_ws/install/examples_rclcpp_minimal_composition:/home/rahul/ros2_ws/install/examples_rclcpp_minimal_client:/home/rahul/ros2_ws/install/examples_rclcpp_minimal_action_server:/home/rahul/ros2_ws/install/examples_rclcpp_minimal_action_client:/home/rahul/ros2_ws/install/examples_rclcpp_cbg_executor:/home/rahul/ros2_ws/install/examples_rclcpp_async_client:/home/rahul/colcon_ws/install/ur_simulation_gazebo:/home/rahul/colcon_ws/install/ur_moveit_config:/home/rahul/colcon_ws/install/ur_description:/home/rahul/colcon_ws/install/servo_msgs:/home/rahul/colcon_ws/install/realsense_gazebo_plugin:/home/rahul/colcon_ws/install/pymoveit2:/home/rahul/colcon_ws/install/ebot_description:/home/rahul/colcon_ws/install/payload_service:/home/rahul/colcon_ws/install/linkattacher_msgs:/home/rahul/colcon_ws/install/eyantra_warehouse:/home/rahul/colcon_ws/install/ebot_nav2:/home/rahul/colcon_ws/install/ebot_docking:/home/rahul/ros2_ws/install/launch_testing_examples:/home/rahul/ros2_ws/install/examples_rclpy_pointcloud_publisher:/home/rahul/ros2_ws/install/examples_rclpy_minimal_subscriber:/home/rahul/ros2_ws/install/examples_rclpy_minimal_service:/home/rahul/ros2_ws/install/examples_rclpy_minimal_publisher:/home/rahul/ros2_ws/install/examples_rclpy_minimal_client:/home/rahul/ros2_ws/install/examples_rclpy_minimal_action_server:/home/rahul/ros2_ws/install/examples_rclpy_minimal_action_client:/home/rahul/ros2_ws/install/examples_rclpy_guard_conditions:/home/rahul/ros2_ws/install/examples_rclpy_executors:/home/rahul/ros2_ws/install/My_package:/home/rahul/colcon_ws/install/ur5_control:/opt/ros/humble /usr/bin/cmake --install /home/rahul/ros2_workspace/build/my_robot_bringup
[0.683s] Level 1:colcon.colcon_core.environment:create_environment_scripts_only(my_robot_bringup)
[0.683s] Level 1:colcon.colcon_core.environment:checking '/home/rahul/ros2_workspace/install/my_robot_bringup' for CMake module files
[0.683s] DEBUG:colcon.colcon_core.event_handler.log_command:Invoked command in '/home/rahul/ros2_workspace/build/my_robot_bringup' returned '0': AMENT_PREFIX_PATH=/home/rahul/ros2_workspace/install/my_robot_description:${AMENT_PREFIX_PATH} CMAKE_PREFIX_PATH=/home/rahul/ros2_workspace/install/my_robot_description:/home/rahul/ros2_ws/install/examples_rclcpp_wait_set:/home/rahul/ros2_ws/install/examples_rclcpp_multithreaded_executor:/home/rahul/ros2_ws/install/examples_rclcpp_minimal_timer:/home/rahul/ros2_ws/install/examples_rclcpp_minimal_subscriber:/home/rahul/ros2_ws/install/examples_rclcpp_minimal_service:/home/rahul/ros2_ws/install/examples_rclcpp_minimal_publisher:/home/rahul/ros2_ws/install/examples_rclcpp_minimal_composition:/home/rahul/ros2_ws/install/examples_rclcpp_minimal_client:/home/rahul/ros2_ws/install/examples_rclcpp_minimal_action_server:/home/rahul/ros2_ws/install/examples_rclcpp_minimal_action_client:/home/rahul/ros2_ws/install/examples_rclcpp_cbg_executor:/home/rahul/ros2_ws/install/examples_rclcpp_async_client:/home/rahul/colcon_ws/install/ur_simulation_gazebo:/home/rahul/colcon_ws/install/ur_moveit_config:/home/rahul/colcon_ws/install/ur_description:/home/rahul/colcon_ws/install/servo_msgs:/home/rahul/colcon_ws/install/realsense_gazebo_plugin:/home/rahul/colcon_ws/install/pymoveit2:/home/rahul/colcon_ws/install/ebot_description:/home/rahul/colcon_ws/install/payload_service:/home/rahul/colcon_ws/install/linkattacher_msgs:/home/rahul/colcon_ws/install/eyantra_warehouse:/home/rahul/colcon_ws/install/ebot_nav2:/home/rahul/colcon_ws/install/ebot_docking:/home/rahul/ros2_ws/install/launch_testing_examples:/home/rahul/ros2_ws/install/examples_rclpy_pointcloud_publisher:/home/rahul/ros2_ws/install/examples_rclpy_minimal_subscriber:/home/rahul/ros2_ws/install/examples_rclpy_minimal_service:/home/rahul/ros2_ws/install/examples_rclpy_minimal_publisher:/home/rahul/ros2_ws/install/examples_rclpy_minimal_client:/home/rahul/ros2_ws/install/examples_rclpy_minimal_action_server:/home/rahul/ros2_ws/install/examples_rclpy_minimal_action_client:/home/rahul/ros2_ws/install/examples_rclpy_guard_conditions:/home/rahul/ros2_ws/install/examples_rclpy_executors:/home/rahul/ros2_ws/install/My_package:/home/rahul/colcon_ws/install/ur5_control:/opt/ros/humble /usr/bin/cmake --install /home/rahul/ros2_workspace/build/my_robot_bringup
[0.684s] Level 1:colcon.colcon_core.environment:checking '/home/rahul/ros2_workspace/install/my_robot_bringup' for CMake config files
[0.684s] Level 1:colcon.colcon_core.shell:create_environment_hook('my_robot_bringup', 'cmake_prefix_path')
[0.684s] INFO:colcon.colcon_core.shell:Creating environment hook '/home/rahul/ros2_workspace/install/my_robot_bringup/share/my_robot_bringup/hook/cmake_prefix_path.ps1'
[0.684s] INFO:colcon.colcon_core.shell:Creating environment descriptor '/home/rahul/ros2_workspace/install/my_robot_bringup/share/my_robot_bringup/hook/cmake_prefix_path.dsv'
[0.685s] INFO:colcon.colcon_core.shell:Creating environment hook '/home/rahul/ros2_workspace/install/my_robot_bringup/share/my_robot_bringup/hook/cmake_prefix_path.sh'
[0.685s] Level 1:colcon.colcon_core.environment:checking '/home/rahul/ros2_workspace/install/my_robot_bringup/bin'
[0.685s] Level 1:colcon.colcon_core.environment:checking '/home/rahul/ros2_workspace/install/my_robot_bringup/lib/pkgconfig/my_robot_bringup.pc'
[0.685s] Level 1:colcon.colcon_core.environment:checking '/home/rahul/ros2_workspace/install/my_robot_bringup/lib/python3.10/site-packages'
[0.685s] Level 1:colcon.colcon_core.environment:checking '/home/rahul/ros2_workspace/install/my_robot_bringup/bin'
[0.686s] INFO:colcon.colcon_core.shell:Creating package script '/home/rahul/ros2_workspace/install/my_robot_bringup/share/my_robot_bringup/package.ps1'
[0.686s] INFO:colcon.colcon_core.shell:Creating package descriptor '/home/rahul/ros2_workspace/install/my_robot_bringup/share/my_robot_bringup/package.dsv'
[0.686s] INFO:colcon.colcon_core.shell:Creating package script '/home/rahul/ros2_workspace/install/my_robot_bringup/share/my_robot_bringup/package.sh'
[0.687s] INFO:colcon.colcon_core.shell:Creating package script '/home/rahul/ros2_workspace/install/my_robot_bringup/share/my_robot_bringup/package.bash'
[0.687s] INFO:colcon.colcon_core.shell:Creating package script '/home/rahul/ros2_workspace/install/my_robot_bringup/share/my_robot_bringup/package.zsh'
[0.687s] Level 1:colcon.colcon_core.environment:create_file_with_runtime_dependencies(/home/rahul/ros2_workspace/install/my_robot_bringup/share/colcon-core/packages/my_robot_bringup)
[0.688s] Level 1:colcon.colcon_core.environment:create_environment_scripts_only(my_robot_bringup)
[0.688s] Level 1:colcon.colcon_core.environment:checking '/home/rahul/ros2_workspace/install/my_robot_bringup' for CMake module files
[0.688s] Level 1:colcon.colcon_core.environment:checking '/home/rahul/ros2_workspace/install/my_robot_bringup' for CMake config files
[0.688s] Level 1:colcon.colcon_core.shell:create_environment_hook('my_robot_bringup', 'cmake_prefix_path')
[0.688s] INFO:colcon.colcon_core.shell:Creating environment hook '/home/rahul/ros2_workspace/install/my_robot_bringup/share/my_robot_bringup/hook/cmake_prefix_path.ps1'
[0.689s] INFO:colcon.colcon_core.shell:Creating environment descriptor '/home/rahul/ros2_workspace/install/my_robot_bringup/share/my_robot_bringup/hook/cmake_prefix_path.dsv'
[0.689s] INFO:colcon.colcon_core.shell:Creating environment hook '/home/rahul/ros2_workspace/install/my_robot_bringup/share/my_robot_bringup/hook/cmake_prefix_path.sh'
[0.689s] Level 1:colcon.colcon_core.environment:checking '/home/rahul/ros2_workspace/install/my_robot_bringup/bin'
[0.689s] Level 1:colcon.colcon_core.environment:checking '/home/rahul/ros2_workspace/install/my_robot_bringup/lib/pkgconfig/my_robot_bringup.pc'
[0.689s] Level 1:colcon.colcon_core.environment:checking '/home/rahul/ros2_workspace/install/my_robot_bringup/lib/python3.10/site-packages'
[0.690s] Level 1:colcon.colcon_core.environment:checking '/home/rahul/ros2_workspace/install/my_robot_bringup/bin'
[0.690s] INFO:colcon.colcon_core.shell:Creating package script '/home/rahul/ros2_workspace/install/my_robot_bringup/share/my_robot_bringup/package.ps1'
[0.690s] INFO:colcon.colcon_core.shell:Creating package descriptor '/home/rahul/ros2_workspace/install/my_robot_bringup/share/my_robot_bringup/package.dsv'
[0.690s] INFO:colcon.colcon_core.shell:Creating package script '/home/rahul/ros2_workspace/install/my_robot_bringup/share/my_robot_bringup/package.sh'
[0.691s] INFO:colcon.colcon_core.shell:Creating package script '/home/rahul/ros2_workspace/install/my_robot_bringup/share/my_robot_bringup/package.bash'
[0.691s] INFO:colcon.colcon_core.shell:Creating package script '/home/rahul/ros2_workspace/install/my_robot_bringup/share/my_robot_bringup/package.zsh'
[0.691s] Level 1:colcon.colcon_core.environment:create_file_with_runtime_dependencies(/home/rahul/ros2_workspace/install/my_robot_bringup/share/colcon-core/packages/my_robot_bringup)
[0.691s] DEBUG:colcon.colcon_parallel_executor.executor.parallel:closing loop
[0.692s] DEBUG:colcon.colcon_parallel_executor.executor.parallel:loop closed
[0.692s] DEBUG:colcon.colcon_parallel_executor.executor.parallel:run_until_complete finished with '0'
[0.692s] DEBUG:colcon.colcon_core.event_reactor:joining thread
[0.698s] INFO:colcon.colcon_core.plugin_system:Skipping extension 'colcon_notification.desktop_notification.terminal_notifier': Not used on non-Darwin systems
[0.698s] INFO:colcon.colcon_core.plugin_system:Skipping extension 'colcon_notification.desktop_notification.win32': Not used on non-Windows systems
[0.698s] INFO:colcon.colcon_notification.desktop_notification:Sending desktop notification using 'notify2'
[0.711s] DEBUG:colcon.colcon_core.event_reactor:joined thread
[0.711s] INFO:colcon.colcon_core.shell:Creating prefix script '/home/rahul/ros2_workspace/install/local_setup.ps1'
[0.712s] INFO:colcon.colcon_core.shell:Creating prefix util module '/home/rahul/ros2_workspace/install/_local_setup_util_ps1.py'
[0.713s] INFO:colcon.colcon_core.shell:Creating prefix chain script '/home/rahul/ros2_workspace/install/setup.ps1'
[0.715s] INFO:colcon.colcon_core.shell:Creating prefix script '/home/rahul/ros2_workspace/install/local_setup.sh'
[0.716s] INFO:colcon.colcon_core.shell:Creating prefix util module '/home/rahul/ros2_workspace/install/_local_setup_util_sh.py'
[0.716s] INFO:colcon.colcon_core.shell:Creating prefix chain script '/home/rahul/ros2_workspace/install/setup.sh'
[0.718s] INFO:colcon.colcon_core.shell:Creating prefix script '/home/rahul/ros2_workspace/install/local_setup.bash'
[0.718s] INFO:colcon.colcon_core.shell:Creating prefix chain script '/home/rahul/ros2_workspace/install/setup.bash'
[0.720s] INFO:colcon.colcon_core.shell:Creating prefix script '/home/rahul/ros2_workspace/install/local_setup.zsh'
[0.721s] INFO:colcon.colcon_core.shell:Creating prefix chain script '/home/rahul/ros2_workspace/install/setup.zsh'
