[0.187s] DEBUG:colcon:Command line arguments: ['/usr/bin/colcon', 'build', '--symlink-install']
[0.187s] DEBUG:colcon:Parsed command line arguments: Namespace(log_base=None, log_level=None, verb_name='build', build_base='build', install_base='install', merge_install=False, symlink_install=True, test_result_base=None, continue_on_error=False, executor='parallel', parallel_workers=16, event_handlers=None, ignore_user_meta=False, metas=['./colcon.meta'], base_paths=['.'], packages_ignore=None, packages_ignore_regex=None, paths=None, packages_up_to=None, packages_up_to_regex=None, packages_above=None, packages_above_and_dependencies=None, packages_above_depth=None, packages_select_by_dep=None, packages_skip_by_dep=None, packages_skip_up_to=None, packages_select_build_failed=False, packages_skip_build_finished=False, packages_select_test_failures=False, packages_skip_test_passed=False, packages_select=None, packages_skip=None, packages_select_regex=None, packages_skip_regex=None, packages_start=None, packages_end=None, allow_overriding=[], cmake_args=None, cmake_target=None, cmake_target_skip_unavailable=False, cmake_clean_cache=False, cmake_clean_first=False, cmake_force_configure=False, ament_cmake_args=None, catkin_cmake_args=None, catkin_skip_building_tests=False, verb_parser=<colcon_defaults.argument_parser.defaults.DefaultArgumentsDecorator object at 0x73efd2ff3520>, verb_extension=<colcon_core.verb.build.BuildVerb object at 0x73efd2ff2470>, main=<bound method BuildVerb.main of <colcon_core.verb.build.BuildVerb object at 0x73efd2ff2470>>)
[0.388s] Level 1:colcon.colcon_core.package_discovery:discover_packages(colcon_meta) check parameters
[0.388s] Level 1:colcon.colcon_core.package_discovery:discover_packages(recursive) check parameters
[0.388s] Level 1:colcon.colcon_core.package_discovery:discover_packages(ignore) check parameters
[0.388s] Level 1:colcon.colcon_core.package_discovery:discover_packages(path) check parameters
[0.388s] Level 1:colcon.colcon_core.package_discovery:discover_packages(colcon_meta) discover
[0.388s] Level 1:colcon.colcon_core.package_discovery:discover_packages(recursive) discover
[0.388s] INFO:colcon.colcon_core.package_discovery:Crawling recursively for packages in '/home/rahul/ros2_workspace'
[0.388s] Level 1:colcon.colcon_core.package_identification:_identify(.) by extensions ['ignore', 'ignore_ament_install']
[0.389s] Level 1:colcon.colcon_core.package_identification:_identify(.) by extension 'ignore'
[0.389s] Level 1:colcon.colcon_core.package_identification:_identify(.) by extension 'ignore_ament_install'
[0.389s] Level 1:colcon.colcon_core.package_identification:_identify(.) by extensions ['colcon_pkg']
[0.389s] Level 1:colcon.colcon_core.package_identification:_identify(.) by extension 'colcon_pkg'
[0.389s] Level 1:colcon.colcon_core.package_identification:_identify(.) by extensions ['colcon_meta']
[0.389s] Level 1:colcon.colcon_core.package_identification:_identify(.) by extension 'colcon_meta'
[0.389s] Level 1:colcon.colcon_core.package_identification:_identify(.) by extensions ['ros']
[0.389s] Level 1:colcon.colcon_core.package_identification:_identify(.) by extension 'ros'
[0.398s] Level 1:colcon.colcon_core.package_identification:_identify(.) by extensions ['cmake', 'python']
[0.398s] Level 1:colcon.colcon_core.package_identification:_identify(.) by extension 'cmake'
[0.398s] Level 1:colcon.colcon_core.package_identification:_identify(.) by extension 'python'
[0.398s] Level 1:colcon.colcon_core.package_identification:_identify(.) by extensions ['python_setup_py']
[0.398s] Level 1:colcon.colcon_core.package_identification:_identify(.) by extension 'python_setup_py'
[0.398s] Level 1:colcon.colcon_core.package_identification:_identify(build) by extensions ['ignore', 'ignore_ament_install']
[0.398s] Level 1:colcon.colcon_core.package_identification:_identify(build) by extension 'ignore'
[0.398s] Level 1:colcon.colcon_core.package_identification:_identify(build) ignored
[0.398s] Level 1:colcon.colcon_core.package_identification:_identify(install) by extensions ['ignore', 'ignore_ament_install']
[0.398s] Level 1:colcon.colcon_core.package_identification:_identify(install) by extension 'ignore'
[0.398s] Level 1:colcon.colcon_core.package_identification:_identify(install) ignored
[0.398s] Level 1:colcon.colcon_core.package_identification:_identify(log) by extensions ['ignore', 'ignore_ament_install']
[0.398s] Level 1:colcon.colcon_core.package_identification:_identify(log) by extension 'ignore'
[0.398s] Level 1:colcon.colcon_core.package_identification:_identify(log) ignored
[0.399s] Level 1:colcon.colcon_core.package_identification:_identify(src) by extensions ['ignore', 'ignore_ament_install']
[0.399s] Level 1:colcon.colcon_core.package_identification:_identify(src) by extension 'ignore'
[0.399s] Level 1:colcon.colcon_core.package_identification:_identify(src) by extension 'ignore_ament_install'
[0.399s] Level 1:colcon.colcon_core.package_identification:_identify(src) by extensions ['colcon_pkg']
[0.399s] Level 1:colcon.colcon_core.package_identification:_identify(src) by extension 'colcon_pkg'
[0.399s] Level 1:colcon.colcon_core.package_identification:_identify(src) by extensions ['colcon_meta']
[0.399s] Level 1:colcon.colcon_core.package_identification:_identify(src) by extension 'colcon_meta'
[0.399s] Level 1:colcon.colcon_core.package_identification:_identify(src) by extensions ['ros']
[0.399s] Level 1:colcon.colcon_core.package_identification:_identify(src) by extension 'ros'
[0.399s] Level 1:colcon.colcon_core.package_identification:_identify(src) by extensions ['cmake', 'python']
[0.399s] Level 1:colcon.colcon_core.package_identification:_identify(src) by extension 'cmake'
[0.399s] Level 1:colcon.colcon_core.package_identification:_identify(src) by extension 'python'
[0.399s] Level 1:colcon.colcon_core.package_identification:_identify(src) by extensions ['python_setup_py']
[0.399s] Level 1:colcon.colcon_core.package_identification:_identify(src) by extension 'python_setup_py'
[0.399s] Level 1:colcon.colcon_core.package_identification:_identify(src/my_robot_bringup) by extensions ['ignore', 'ignore_ament_install']
[0.399s] Level 1:colcon.colcon_core.package_identification:_identify(src/my_robot_bringup) by extension 'ignore'
[0.399s] Level 1:colcon.colcon_core.package_identification:_identify(src/my_robot_bringup) by extension 'ignore_ament_install'
[0.399s] Level 1:colcon.colcon_core.package_identification:_identify(src/my_robot_bringup) by extensions ['colcon_pkg']
[0.399s] Level 1:colcon.colcon_core.package_identification:_identify(src/my_robot_bringup) by extension 'colcon_pkg'
[0.399s] Level 1:colcon.colcon_core.package_identification:_identify(src/my_robot_bringup) by extensions ['colcon_meta']
[0.399s] Level 1:colcon.colcon_core.package_identification:_identify(src/my_robot_bringup) by extension 'colcon_meta'
[0.400s] Level 1:colcon.colcon_core.package_identification:_identify(src/my_robot_bringup) by extensions ['ros']
[0.400s] Level 1:colcon.colcon_core.package_identification:_identify(src/my_robot_bringup) by extension 'ros'
[0.402s] DEBUG:colcon.colcon_core.package_identification:Package 'src/my_robot_bringup' with type 'ros.ament_cmake' and name 'my_robot_bringup'
[0.402s] Level 1:colcon.colcon_core.package_identification:_identify(src/my_robot_description) by extensions ['ignore', 'ignore_ament_install']
[0.402s] Level 1:colcon.colcon_core.package_identification:_identify(src/my_robot_description) by extension 'ignore'
[0.402s] Level 1:colcon.colcon_core.package_identification:_identify(src/my_robot_description) by extension 'ignore_ament_install'
[0.402s] Level 1:colcon.colcon_core.package_identification:_identify(src/my_robot_description) by extensions ['colcon_pkg']
[0.402s] Level 1:colcon.colcon_core.package_identification:_identify(src/my_robot_description) by extension 'colcon_pkg'
[0.402s] Level 1:colcon.colcon_core.package_identification:_identify(src/my_robot_description) by extensions ['colcon_meta']
[0.402s] Level 1:colcon.colcon_core.package_identification:_identify(src/my_robot_description) by extension 'colcon_meta'
[0.402s] Level 1:colcon.colcon_core.package_identification:_identify(src/my_robot_description) by extensions ['ros']
[0.402s] Level 1:colcon.colcon_core.package_identification:_identify(src/my_robot_description) by extension 'ros'
[0.403s] DEBUG:colcon.colcon_core.package_identification:Package 'src/my_robot_description' with type 'ros.ament_cmake' and name 'my_robot_description'
[0.403s] Level 1:colcon.colcon_core.package_discovery:discover_packages(recursive) using defaults
[0.403s] Level 1:colcon.colcon_core.package_discovery:discover_packages(ignore) discover
[0.403s] Level 1:colcon.colcon_core.package_discovery:discover_packages(ignore) using defaults
[0.403s] Level 1:colcon.colcon_core.package_discovery:discover_packages(path) discover
[0.403s] Level 1:colcon.colcon_core.package_discovery:discover_packages(path) using defaults
[0.436s] Level 1:colcon.colcon_core.package_discovery:discover_packages(prefix_path) check parameters
[0.436s] Level 1:colcon.colcon_core.package_discovery:discover_packages(prefix_path) discover
[0.440s] DEBUG:colcon.colcon_installed_package_information.package_discovery:Found 13 installed packages in /home/rahul/colcon_ws/install
[0.440s] DEBUG:colcon.colcon_installed_package_information.package_discovery:Found 23 installed packages in /home/rahul/ros2_ws/install
[0.442s] DEBUG:colcon.colcon_installed_package_information.package_discovery:Found 448 installed packages in /opt/ros/humble
[0.444s] Level 1:colcon.colcon_core.package_discovery:discover_packages(prefix_path) using defaults
[0.508s] Level 5:colcon.colcon_core.verb:set package 'my_robot_description' build argument 'cmake_args' from command line to 'None'
[0.508s] Level 5:colcon.colcon_core.verb:set package 'my_robot_description' build argument 'cmake_target' from command line to 'None'
[0.508s] Level 5:colcon.colcon_core.verb:set package 'my_robot_description' build argument 'cmake_target_skip_unavailable' from command line to 'False'
[0.508s] Level 5:colcon.colcon_core.verb:set package 'my_robot_description' build argument 'cmake_clean_cache' from command line to 'False'
[0.508s] Level 5:colcon.colcon_core.verb:set package 'my_robot_description' build argument 'cmake_clean_first' from command line to 'False'
[0.508s] Level 5:colcon.colcon_core.verb:set package 'my_robot_description' build argument 'cmake_force_configure' from command line to 'False'
[0.508s] Level 5:colcon.colcon_core.verb:set package 'my_robot_description' build argument 'ament_cmake_args' from command line to 'None'
[0.509s] Level 5:colcon.colcon_core.verb:set package 'my_robot_description' build argument 'catkin_cmake_args' from command line to 'None'
[0.509s] Level 5:colcon.colcon_core.verb:set package 'my_robot_description' build argument 'catkin_skip_building_tests' from command line to 'False'
[0.509s] DEBUG:colcon.colcon_core.verb:Building package 'my_robot_description' with the following arguments: {'ament_cmake_args': None, 'build_base': '/home/rahul/ros2_workspace/build/my_robot_description', 'catkin_cmake_args': None, 'catkin_skip_building_tests': False, 'cmake_args': None, 'cmake_clean_cache': False, 'cmake_clean_first': False, 'cmake_force_configure': False, 'cmake_target': None, 'cmake_target_skip_unavailable': False, 'install_base': '/home/rahul/ros2_workspace/install/my_robot_description', 'merge_install': False, 'path': '/home/rahul/ros2_workspace/src/my_robot_description', 'symlink_install': True, 'test_result_base': None}
[0.509s] Level 5:colcon.colcon_core.verb:set package 'my_robot_bringup' build argument 'cmake_args' from command line to 'None'
[0.509s] Level 5:colcon.colcon_core.verb:set package 'my_robot_bringup' build argument 'cmake_target' from command line to 'None'
[0.509s] Level 5:colcon.colcon_core.verb:set package 'my_robot_bringup' build argument 'cmake_target_skip_unavailable' from command line to 'False'
[0.509s] Level 5:colcon.colcon_core.verb:set package 'my_robot_bringup' build argument 'cmake_clean_cache' from command line to 'False'
[0.509s] Level 5:colcon.colcon_core.verb:set package 'my_robot_bringup' build argument 'cmake_clean_first' from command line to 'False'
[0.509s] Level 5:colcon.colcon_core.verb:set package 'my_robot_bringup' build argument 'cmake_force_configure' from command line to 'False'
[0.509s] Level 5:colcon.colcon_core.verb:set package 'my_robot_bringup' build argument 'ament_cmake_args' from command line to 'None'
[0.509s] Level 5:colcon.colcon_core.verb:set package 'my_robot_bringup' build argument 'catkin_cmake_args' from command line to 'None'
[0.509s] Level 5:colcon.colcon_core.verb:set package 'my_robot_bringup' build argument 'catkin_skip_building_tests' from command line to 'False'
[0.509s] DEBUG:colcon.colcon_core.verb:Building package 'my_robot_bringup' with the following arguments: {'ament_cmake_args': None, 'build_base': '/home/rahul/ros2_workspace/build/my_robot_bringup', 'catkin_cmake_args': None, 'catkin_skip_building_tests': False, 'cmake_args': None, 'cmake_clean_cache': False, 'cmake_clean_first': False, 'cmake_force_configure': False, 'cmake_target': None, 'cmake_target_skip_unavailable': False, 'install_base': '/home/rahul/ros2_workspace/install/my_robot_bringup', 'merge_install': False, 'path': '/home/rahul/ros2_workspace/src/my_robot_bringup', 'symlink_install': True, 'test_result_base': None}
[0.509s] INFO:colcon.colcon_core.executor:Executing jobs using 'parallel' executor
[0.511s] DEBUG:colcon.colcon_parallel_executor.executor.parallel:run_until_complete
[0.511s] INFO:colcon.colcon_ros.task.ament_cmake.build:Building ROS package in '/home/rahul/ros2_workspace/src/my_robot_description' with build type 'ament_cmake'
[0.511s] INFO:colcon.colcon_cmake.task.cmake.build:Building CMake package in '/home/rahul/ros2_workspace/src/my_robot_description'
[0.514s] INFO:colcon.colcon_core.plugin_system:Skipping extension 'colcon_core.shell.bat': Not used on non-Windows systems
[0.514s] INFO:colcon.colcon_core.shell:Skip shell extension 'powershell' for command environment: Not usable outside of PowerShell
[0.514s] DEBUG:colcon.colcon_core.shell:Skip shell extension 'dsv' for command environment
[0.525s] DEBUG:colcon.colcon_core.event_handler.log_command:Invoking command in '/home/rahul/ros2_workspace/build/my_robot_description': CMAKE_PREFIX_PATH=${CMAKE_PREFIX_PATH}:/home/rahul/ros2_ws/install/launch_testing_examples:/home/rahul/ros2_ws/install/examples_rclpy_pointcloud_publisher:/home/rahul/ros2_ws/install/examples_rclpy_minimal_subscriber:/home/rahul/ros2_ws/install/examples_rclpy_minimal_service:/home/rahul/ros2_ws/install/examples_rclpy_minimal_publisher:/home/rahul/ros2_ws/install/examples_rclpy_minimal_client:/home/rahul/ros2_ws/install/examples_rclpy_minimal_action_server:/home/rahul/ros2_ws/install/examples_rclpy_minimal_action_client:/home/rahul/ros2_ws/install/examples_rclpy_guard_conditions:/home/rahul/ros2_ws/install/examples_rclpy_executors:/home/rahul/ros2_ws/install/My_package:/home/rahul/colcon_ws/install/ur5_control:/opt/ros/humble /usr/bin/cmake --build /home/rahul/ros2_workspace/build/my_robot_description -- -j16 -l16
[0.600s] DEBUG:colcon.colcon_core.event_handler.log_command:Invoked command in '/home/rahul/ros2_workspace/build/my_robot_description' returned '0': CMAKE_PREFIX_PATH=${CMAKE_PREFIX_PATH}:/home/rahul/ros2_ws/install/launch_testing_examples:/home/rahul/ros2_ws/install/examples_rclpy_pointcloud_publisher:/home/rahul/ros2_ws/install/examples_rclpy_minimal_subscriber:/home/rahul/ros2_ws/install/examples_rclpy_minimal_service:/home/rahul/ros2_ws/install/examples_rclpy_minimal_publisher:/home/rahul/ros2_ws/install/examples_rclpy_minimal_client:/home/rahul/ros2_ws/install/examples_rclpy_minimal_action_server:/home/rahul/ros2_ws/install/examples_rclpy_minimal_action_client:/home/rahul/ros2_ws/install/examples_rclpy_guard_conditions:/home/rahul/ros2_ws/install/examples_rclpy_executors:/home/rahul/ros2_ws/install/My_package:/home/rahul/colcon_ws/install/ur5_control:/opt/ros/humble /usr/bin/cmake --build /home/rahul/ros2_workspace/build/my_robot_description -- -j16 -l16
[0.612s] DEBUG:colcon.colcon_core.event_handler.log_command:Invoking command in '/home/rahul/ros2_workspace/build/my_robot_description': CMAKE_PREFIX_PATH=${CMAKE_PREFIX_PATH}:/home/rahul/ros2_ws/install/launch_testing_examples:/home/rahul/ros2_ws/install/examples_rclpy_pointcloud_publisher:/home/rahul/ros2_ws/install/examples_rclpy_minimal_subscriber:/home/rahul/ros2_ws/install/examples_rclpy_minimal_service:/home/rahul/ros2_ws/install/examples_rclpy_minimal_publisher:/home/rahul/ros2_ws/install/examples_rclpy_minimal_client:/home/rahul/ros2_ws/install/examples_rclpy_minimal_action_server:/home/rahul/ros2_ws/install/examples_rclpy_minimal_action_client:/home/rahul/ros2_ws/install/examples_rclpy_guard_conditions:/home/rahul/ros2_ws/install/examples_rclpy_executors:/home/rahul/ros2_ws/install/My_package:/home/rahul/colcon_ws/install/ur5_control:/opt/ros/humble /usr/bin/cmake --install /home/rahul/ros2_workspace/build/my_robot_description
[0.640s] Level 1:colcon.colcon_core.environment:create_environment_scripts_only(my_robot_description)
[0.641s] DEBUG:colcon.colcon_core.event_handler.log_command:Invoked command in '/home/rahul/ros2_workspace/build/my_robot_description' returned '0': CMAKE_PREFIX_PATH=${CMAKE_PREFIX_PATH}:/home/rahul/ros2_ws/install/launch_testing_examples:/home/rahul/ros2_ws/install/examples_rclpy_pointcloud_publisher:/home/rahul/ros2_ws/install/examples_rclpy_minimal_subscriber:/home/rahul/ros2_ws/install/examples_rclpy_minimal_service:/home/rahul/ros2_ws/install/examples_rclpy_minimal_publisher:/home/rahul/ros2_ws/install/examples_rclpy_minimal_client:/home/rahul/ros2_ws/install/examples_rclpy_minimal_action_server:/home/rahul/ros2_ws/install/examples_rclpy_minimal_action_client:/home/rahul/ros2_ws/install/examples_rclpy_guard_conditions:/home/rahul/ros2_ws/install/examples_rclpy_executors:/home/rahul/ros2_ws/install/My_package:/home/rahul/colcon_ws/install/ur5_control:/opt/ros/humble /usr/bin/cmake --install /home/rahul/ros2_workspace/build/my_robot_description
[0.645s] Level 1:colcon.colcon_core.environment:checking '/home/rahul/ros2_workspace/install/my_robot_description' for CMake module files
[0.645s] Level 1:colcon.colcon_core.environment:checking '/home/rahul/ros2_workspace/install/my_robot_description' for CMake config files
[0.646s] Level 1:colcon.colcon_core.shell:create_environment_hook('my_robot_description', 'cmake_prefix_path')
[0.646s] INFO:colcon.colcon_core.shell:Creating environment hook '/home/rahul/ros2_workspace/install/my_robot_description/share/my_robot_description/hook/cmake_prefix_path.ps1'
[0.647s] INFO:colcon.colcon_core.shell:Creating environment descriptor '/home/rahul/ros2_workspace/install/my_robot_description/share/my_robot_description/hook/cmake_prefix_path.dsv'
[0.647s] INFO:colcon.colcon_core.shell:Creating environment hook '/home/rahul/ros2_workspace/install/my_robot_description/share/my_robot_description/hook/cmake_prefix_path.sh'
[0.648s] Level 1:colcon.colcon_core.environment:checking '/home/rahul/ros2_workspace/install/my_robot_description/bin'
[0.648s] Level 1:colcon.colcon_core.environment:checking '/home/rahul/ros2_workspace/install/my_robot_description/lib/pkgconfig/my_robot_description.pc'
[0.649s] Level 1:colcon.colcon_core.environment:checking '/home/rahul/ros2_workspace/install/my_robot_description/lib/python3.10/site-packages'
[0.649s] Level 1:colcon.colcon_core.environment:checking '/home/rahul/ros2_workspace/install/my_robot_description/bin'
[0.649s] INFO:colcon.colcon_core.shell:Creating package script '/home/rahul/ros2_workspace/install/my_robot_description/share/my_robot_description/package.ps1'
[0.650s] INFO:colcon.colcon_core.shell:Creating package descriptor '/home/rahul/ros2_workspace/install/my_robot_description/share/my_robot_description/package.dsv'
[0.650s] INFO:colcon.colcon_core.shell:Creating package script '/home/rahul/ros2_workspace/install/my_robot_description/share/my_robot_description/package.sh'
[0.651s] INFO:colcon.colcon_core.shell:Creating package script '/home/rahul/ros2_workspace/install/my_robot_description/share/my_robot_description/package.bash'
[0.651s] INFO:colcon.colcon_core.shell:Creating package script '/home/rahul/ros2_workspace/install/my_robot_description/share/my_robot_description/package.zsh'
[0.652s] Level 1:colcon.colcon_core.environment:create_file_with_runtime_dependencies(/home/rahul/ros2_workspace/install/my_robot_description/share/colcon-core/packages/my_robot_description)
[0.652s] Level 1:colcon.colcon_core.environment:create_environment_scripts_only(my_robot_description)
[0.653s] Level 1:colcon.colcon_core.environment:checking '/home/rahul/ros2_workspace/install/my_robot_description' for CMake module files
[0.653s] Level 1:colcon.colcon_core.environment:checking '/home/rahul/ros2_workspace/install/my_robot_description' for CMake config files
[0.653s] Level 1:colcon.colcon_core.shell:create_environment_hook('my_robot_description', 'cmake_prefix_path')
[0.653s] INFO:colcon.colcon_core.shell:Creating environment hook '/home/rahul/ros2_workspace/install/my_robot_description/share/my_robot_description/hook/cmake_prefix_path.ps1'
[0.654s] INFO:colcon.colcon_core.shell:Creating environment descriptor '/home/rahul/ros2_workspace/install/my_robot_description/share/my_robot_description/hook/cmake_prefix_path.dsv'
[0.654s] INFO:colcon.colcon_core.shell:Creating environment hook '/home/rahul/ros2_workspace/install/my_robot_description/share/my_robot_description/hook/cmake_prefix_path.sh'
[0.654s] Level 1:colcon.colcon_core.environment:checking '/home/rahul/ros2_workspace/install/my_robot_description/bin'
[0.654s] Level 1:colcon.colcon_core.environment:checking '/home/rahul/ros2_workspace/install/my_robot_description/lib/pkgconfig/my_robot_description.pc'
[0.654s] Level 1:colcon.colcon_core.environment:checking '/home/rahul/ros2_workspace/install/my_robot_description/lib/python3.10/site-packages'
[0.655s] Level 1:colcon.colcon_core.environment:checking '/home/rahul/ros2_workspace/install/my_robot_description/bin'
[0.655s] INFO:colcon.colcon_core.shell:Creating package script '/home/rahul/ros2_workspace/install/my_robot_description/share/my_robot_description/package.ps1'
[0.655s] INFO:colcon.colcon_core.shell:Creating package descriptor '/home/rahul/ros2_workspace/install/my_robot_description/share/my_robot_description/package.dsv'
[0.655s] INFO:colcon.colcon_core.shell:Creating package script '/home/rahul/ros2_workspace/install/my_robot_description/share/my_robot_description/package.sh'
[0.656s] INFO:colcon.colcon_core.shell:Creating package script '/home/rahul/ros2_workspace/install/my_robot_description/share/my_robot_description/package.bash'
[0.656s] INFO:colcon.colcon_core.shell:Creating package script '/home/rahul/ros2_workspace/install/my_robot_description/share/my_robot_description/package.zsh'
[0.656s] Level 1:colcon.colcon_core.environment:create_file_with_runtime_dependencies(/home/rahul/ros2_workspace/install/my_robot_description/share/colcon-core/packages/my_robot_description)
[0.657s] INFO:colcon.colcon_ros.task.ament_cmake.build:Building ROS package in '/home/rahul/ros2_workspace/src/my_robot_bringup' with build type 'ament_cmake'
[0.657s] INFO:colcon.colcon_cmake.task.cmake.build:Building CMake package in '/home/rahul/ros2_workspace/src/my_robot_bringup'
[0.657s] INFO:colcon.colcon_core.shell:Skip shell extension 'powershell' for command environment: Not usable outside of PowerShell
[0.657s] DEBUG:colcon.colcon_core.shell:Skip shell extension 'dsv' for command environment
[0.669s] DEBUG:colcon.colcon_core.event_handler.log_command:Invoking command in '/home/rahul/ros2_workspace/build/my_robot_bringup': AMENT_PREFIX_PATH=/home/rahul/ros2_workspace/install/my_robot_description:${AMENT_PREFIX_PATH} CMAKE_PREFIX_PATH=/home/rahul/ros2_workspace/install/my_robot_description:/home/rahul/ros2_ws/install/examples_rclcpp_wait_set:/home/rahul/ros2_ws/install/examples_rclcpp_multithreaded_executor:/home/rahul/ros2_ws/install/examples_rclcpp_minimal_timer:/home/rahul/ros2_ws/install/examples_rclcpp_minimal_subscriber:/home/rahul/ros2_ws/install/examples_rclcpp_minimal_service:/home/rahul/ros2_ws/install/examples_rclcpp_minimal_publisher:/home/rahul/ros2_ws/install/examples_rclcpp_minimal_composition:/home/rahul/ros2_ws/install/examples_rclcpp_minimal_client:/home/rahul/ros2_ws/install/examples_rclcpp_minimal_action_server:/home/rahul/ros2_ws/install/examples_rclcpp_minimal_action_client:/home/rahul/ros2_ws/install/examples_rclcpp_cbg_executor:/home/rahul/ros2_ws/install/examples_rclcpp_async_client:/home/rahul/colcon_ws/install/ur_simulation_gazebo:/home/rahul/colcon_ws/install/ur_moveit_config:/home/rahul/colcon_ws/install/ur_description:/home/rahul/colcon_ws/install/servo_msgs:/home/rahul/colcon_ws/install/realsense_gazebo_plugin:/home/rahul/colcon_ws/install/pymoveit2:/home/rahul/colcon_ws/install/ebot_description:/home/rahul/colcon_ws/install/payload_service:/home/rahul/colcon_ws/install/linkattacher_msgs:/home/rahul/colcon_ws/install/eyantra_warehouse:/home/rahul/colcon_ws/install/ebot_nav2:/home/rahul/colcon_ws/install/ebot_docking:/home/rahul/ros2_ws/install/launch_testing_examples:/home/rahul/ros2_ws/install/examples_rclpy_pointcloud_publisher:/home/rahul/ros2_ws/install/examples_rclpy_minimal_subscriber:/home/rahul/ros2_ws/install/examples_rclpy_minimal_service:/home/rahul/ros2_ws/install/examples_rclpy_minimal_publisher:/home/rahul/ros2_ws/install/examples_rclpy_minimal_client:/home/rahul/ros2_ws/install/examples_rclpy_minimal_action_server:/home/rahul/ros2_ws/install/examples_rclpy_minimal_action_client:/home/rahul/ros2_ws/install/examples_rclpy_guard_conditions:/home/rahul/ros2_ws/install/examples_rclpy_executors:/home/rahul/ros2_ws/install/My_package:/home/rahul/colcon_ws/install/ur5_control:/opt/ros/humble /usr/bin/cmake --build /home/rahul/ros2_workspace/build/my_robot_bringup -- -j16 -l16
[0.715s] DEBUG:colcon.colcon_core.event_handler.log_command:Invoked command in '/home/rahul/ros2_workspace/build/my_robot_bringup' returned '0': AMENT_PREFIX_PATH=/home/rahul/ros2_workspace/install/my_robot_description:${AMENT_PREFIX_PATH} CMAKE_PREFIX_PATH=/home/rahul/ros2_workspace/install/my_robot_description:/home/rahul/ros2_ws/install/examples_rclcpp_wait_set:/home/rahul/ros2_ws/install/examples_rclcpp_multithreaded_executor:/home/rahul/ros2_ws/install/examples_rclcpp_minimal_timer:/home/rahul/ros2_ws/install/examples_rclcpp_minimal_subscriber:/home/rahul/ros2_ws/install/examples_rclcpp_minimal_service:/home/rahul/ros2_ws/install/examples_rclcpp_minimal_publisher:/home/rahul/ros2_ws/install/examples_rclcpp_minimal_composition:/home/rahul/ros2_ws/install/examples_rclcpp_minimal_client:/home/rahul/ros2_ws/install/examples_rclcpp_minimal_action_server:/home/rahul/ros2_ws/install/examples_rclcpp_minimal_action_client:/home/rahul/ros2_ws/install/examples_rclcpp_cbg_executor:/home/rahul/ros2_ws/install/examples_rclcpp_async_client:/home/rahul/colcon_ws/install/ur_simulation_gazebo:/home/rahul/colcon_ws/install/ur_moveit_config:/home/rahul/colcon_ws/install/ur_description:/home/rahul/colcon_ws/install/servo_msgs:/home/rahul/colcon_ws/install/realsense_gazebo_plugin:/home/rahul/colcon_ws/install/pymoveit2:/home/rahul/colcon_ws/install/ebot_description:/home/rahul/colcon_ws/install/payload_service:/home/rahul/colcon_ws/install/linkattacher_msgs:/home/rahul/colcon_ws/install/eyantra_warehouse:/home/rahul/colcon_ws/install/ebot_nav2:/home/rahul/colcon_ws/install/ebot_docking:/home/rahul/ros2_ws/install/launch_testing_examples:/home/rahul/ros2_ws/install/examples_rclpy_pointcloud_publisher:/home/rahul/ros2_ws/install/examples_rclpy_minimal_subscriber:/home/rahul/ros2_ws/install/examples_rclpy_minimal_service:/home/rahul/ros2_ws/install/examples_rclpy_minimal_publisher:/home/rahul/ros2_ws/install/examples_rclpy_minimal_client:/home/rahul/ros2_ws/install/examples_rclpy_minimal_action_server:/home/rahul/ros2_ws/install/examples_rclpy_minimal_action_client:/home/rahul/ros2_ws/install/examples_rclpy_guard_conditions:/home/rahul/ros2_ws/install/examples_rclpy_executors:/home/rahul/ros2_ws/install/My_package:/home/rahul/colcon_ws/install/ur5_control:/opt/ros/humble /usr/bin/cmake --build /home/rahul/ros2_workspace/build/my_robot_bringup -- -j16 -l16
[0.718s] DEBUG:colcon.colcon_core.event_handler.log_command:Invoking command in '/home/rahul/ros2_workspace/build/my_robot_bringup': AMENT_PREFIX_PATH=/home/rahul/ros2_workspace/install/my_robot_description:${AMENT_PREFIX_PATH} CMAKE_PREFIX_PATH=/home/rahul/ros2_workspace/install/my_robot_description:/home/rahul/ros2_ws/install/examples_rclcpp_wait_set:/home/rahul/ros2_ws/install/examples_rclcpp_multithreaded_executor:/home/rahul/ros2_ws/install/examples_rclcpp_minimal_timer:/home/rahul/ros2_ws/install/examples_rclcpp_minimal_subscriber:/home/rahul/ros2_ws/install/examples_rclcpp_minimal_service:/home/rahul/ros2_ws/install/examples_rclcpp_minimal_publisher:/home/rahul/ros2_ws/install/examples_rclcpp_minimal_composition:/home/rahul/ros2_ws/install/examples_rclcpp_minimal_client:/home/rahul/ros2_ws/install/examples_rclcpp_minimal_action_server:/home/rahul/ros2_ws/install/examples_rclcpp_minimal_action_client:/home/rahul/ros2_ws/install/examples_rclcpp_cbg_executor:/home/rahul/ros2_ws/install/examples_rclcpp_async_client:/home/rahul/colcon_ws/install/ur_simulation_gazebo:/home/rahul/colcon_ws/install/ur_moveit_config:/home/rahul/colcon_ws/install/ur_description:/home/rahul/colcon_ws/install/servo_msgs:/home/rahul/colcon_ws/install/realsense_gazebo_plugin:/home/rahul/colcon_ws/install/pymoveit2:/home/rahul/colcon_ws/install/ebot_description:/home/rahul/colcon_ws/install/payload_service:/home/rahul/colcon_ws/install/linkattacher_msgs:/home/rahul/colcon_ws/install/eyantra_warehouse:/home/rahul/colcon_ws/install/ebot_nav2:/home/rahul/colcon_ws/install/ebot_docking:/home/rahul/ros2_ws/install/launch_testing_examples:/home/rahul/ros2_ws/install/examples_rclpy_pointcloud_publisher:/home/rahul/ros2_ws/install/examples_rclpy_minimal_subscriber:/home/rahul/ros2_ws/install/examples_rclpy_minimal_service:/home/rahul/ros2_ws/install/examples_rclpy_minimal_publisher:/home/rahul/ros2_ws/install/examples_rclpy_minimal_client:/home/rahul/ros2_ws/install/examples_rclpy_minimal_action_server:/home/rahul/ros2_ws/install/examples_rclpy_minimal_action_client:/home/rahul/ros2_ws/install/examples_rclpy_guard_conditions:/home/rahul/ros2_ws/install/examples_rclpy_executors:/home/rahul/ros2_ws/install/My_package:/home/rahul/colcon_ws/install/ur5_control:/opt/ros/humble /usr/bin/cmake --install /home/rahul/ros2_workspace/build/my_robot_bringup
[0.747s] Level 1:colcon.colcon_core.environment:create_environment_scripts_only(my_robot_bringup)
[0.747s] Level 1:colcon.colcon_core.environment:checking '/home/rahul/ros2_workspace/install/my_robot_bringup' for CMake module files
[0.748s] DEBUG:colcon.colcon_core.event_handler.log_command:Invoked command in '/home/rahul/ros2_workspace/build/my_robot_bringup' returned '0': AMENT_PREFIX_PATH=/home/rahul/ros2_workspace/install/my_robot_description:${AMENT_PREFIX_PATH} CMAKE_PREFIX_PATH=/home/rahul/ros2_workspace/install/my_robot_description:/home/rahul/ros2_ws/install/examples_rclcpp_wait_set:/home/rahul/ros2_ws/install/examples_rclcpp_multithreaded_executor:/home/rahul/ros2_ws/install/examples_rclcpp_minimal_timer:/home/rahul/ros2_ws/install/examples_rclcpp_minimal_subscriber:/home/rahul/ros2_ws/install/examples_rclcpp_minimal_service:/home/rahul/ros2_ws/install/examples_rclcpp_minimal_publisher:/home/rahul/ros2_ws/install/examples_rclcpp_minimal_composition:/home/rahul/ros2_ws/install/examples_rclcpp_minimal_client:/home/rahul/ros2_ws/install/examples_rclcpp_minimal_action_server:/home/rahul/ros2_ws/install/examples_rclcpp_minimal_action_client:/home/rahul/ros2_ws/install/examples_rclcpp_cbg_executor:/home/rahul/ros2_ws/install/examples_rclcpp_async_client:/home/rahul/colcon_ws/install/ur_simulation_gazebo:/home/rahul/colcon_ws/install/ur_moveit_config:/home/rahul/colcon_ws/install/ur_description:/home/rahul/colcon_ws/install/servo_msgs:/home/rahul/colcon_ws/install/realsense_gazebo_plugin:/home/rahul/colcon_ws/install/pymoveit2:/home/rahul/colcon_ws/install/ebot_description:/home/rahul/colcon_ws/install/payload_service:/home/rahul/colcon_ws/install/linkattacher_msgs:/home/rahul/colcon_ws/install/eyantra_warehouse:/home/rahul/colcon_ws/install/ebot_nav2:/home/rahul/colcon_ws/install/ebot_docking:/home/rahul/ros2_ws/install/launch_testing_examples:/home/rahul/ros2_ws/install/examples_rclpy_pointcloud_publisher:/home/rahul/ros2_ws/install/examples_rclpy_minimal_subscriber:/home/rahul/ros2_ws/install/examples_rclpy_minimal_service:/home/rahul/ros2_ws/install/examples_rclpy_minimal_publisher:/home/rahul/ros2_ws/install/examples_rclpy_minimal_client:/home/rahul/ros2_ws/install/examples_rclpy_minimal_action_server:/home/rahul/ros2_ws/install/examples_rclpy_minimal_action_client:/home/rahul/ros2_ws/install/examples_rclpy_guard_conditions:/home/rahul/ros2_ws/install/examples_rclpy_executors:/home/rahul/ros2_ws/install/My_package:/home/rahul/colcon_ws/install/ur5_control:/opt/ros/humble /usr/bin/cmake --install /home/rahul/ros2_workspace/build/my_robot_bringup
[0.749s] Level 1:colcon.colcon_core.environment:checking '/home/rahul/ros2_workspace/install/my_robot_bringup' for CMake config files
[0.749s] Level 1:colcon.colcon_core.shell:create_environment_hook('my_robot_bringup', 'cmake_prefix_path')
[0.749s] INFO:colcon.colcon_core.shell:Creating environment hook '/home/rahul/ros2_workspace/install/my_robot_bringup/share/my_robot_bringup/hook/cmake_prefix_path.ps1'
[0.750s] INFO:colcon.colcon_core.shell:Creating environment descriptor '/home/rahul/ros2_workspace/install/my_robot_bringup/share/my_robot_bringup/hook/cmake_prefix_path.dsv'
[0.750s] INFO:colcon.colcon_core.shell:Creating environment hook '/home/rahul/ros2_workspace/install/my_robot_bringup/share/my_robot_bringup/hook/cmake_prefix_path.sh'
[0.751s] Level 1:colcon.colcon_core.environment:checking '/home/rahul/ros2_workspace/install/my_robot_bringup/bin'
[0.751s] Level 1:colcon.colcon_core.environment:checking '/home/rahul/ros2_workspace/install/my_robot_bringup/lib/pkgconfig/my_robot_bringup.pc'
[0.751s] Level 1:colcon.colcon_core.environment:checking '/home/rahul/ros2_workspace/install/my_robot_bringup/lib/python3.10/site-packages'
[0.751s] Level 1:colcon.colcon_core.environment:checking '/home/rahul/ros2_workspace/install/my_robot_bringup/bin'
[0.751s] INFO:colcon.colcon_core.shell:Creating package script '/home/rahul/ros2_workspace/install/my_robot_bringup/share/my_robot_bringup/package.ps1'
[0.752s] INFO:colcon.colcon_core.shell:Creating package descriptor '/home/rahul/ros2_workspace/install/my_robot_bringup/share/my_robot_bringup/package.dsv'
[0.752s] INFO:colcon.colcon_core.shell:Creating package script '/home/rahul/ros2_workspace/install/my_robot_bringup/share/my_robot_bringup/package.sh'
[0.752s] INFO:colcon.colcon_core.shell:Creating package script '/home/rahul/ros2_workspace/install/my_robot_bringup/share/my_robot_bringup/package.bash'
[0.752s] INFO:colcon.colcon_core.shell:Creating package script '/home/rahul/ros2_workspace/install/my_robot_bringup/share/my_robot_bringup/package.zsh'
[0.753s] Level 1:colcon.colcon_core.environment:create_file_with_runtime_dependencies(/home/rahul/ros2_workspace/install/my_robot_bringup/share/colcon-core/packages/my_robot_bringup)
[0.754s] Level 1:colcon.colcon_core.environment:create_environment_scripts_only(my_robot_bringup)
[0.754s] Level 1:colcon.colcon_core.environment:checking '/home/rahul/ros2_workspace/install/my_robot_bringup' for CMake module files
[0.754s] Level 1:colcon.colcon_core.environment:checking '/home/rahul/ros2_workspace/install/my_robot_bringup' for CMake config files
[0.755s] Level 1:colcon.colcon_core.shell:create_environment_hook('my_robot_bringup', 'cmake_prefix_path')
[0.755s] INFO:colcon.colcon_core.shell:Creating environment hook '/home/rahul/ros2_workspace/install/my_robot_bringup/share/my_robot_bringup/hook/cmake_prefix_path.ps1'
[0.755s] INFO:colcon.colcon_core.shell:Creating environment descriptor '/home/rahul/ros2_workspace/install/my_robot_bringup/share/my_robot_bringup/hook/cmake_prefix_path.dsv'
[0.755s] INFO:colcon.colcon_core.shell:Creating environment hook '/home/rahul/ros2_workspace/install/my_robot_bringup/share/my_robot_bringup/hook/cmake_prefix_path.sh'
[0.756s] Level 1:colcon.colcon_core.environment:checking '/home/rahul/ros2_workspace/install/my_robot_bringup/bin'
[0.756s] Level 1:colcon.colcon_core.environment:checking '/home/rahul/ros2_workspace/install/my_robot_bringup/lib/pkgconfig/my_robot_bringup.pc'
[0.756s] Level 1:colcon.colcon_core.environment:checking '/home/rahul/ros2_workspace/install/my_robot_bringup/lib/python3.10/site-packages'
[0.756s] Level 1:colcon.colcon_core.environment:checking '/home/rahul/ros2_workspace/install/my_robot_bringup/bin'
[0.756s] INFO:colcon.colcon_core.shell:Creating package script '/home/rahul/ros2_workspace/install/my_robot_bringup/share/my_robot_bringup/package.ps1'
[0.757s] INFO:colcon.colcon_core.shell:Creating package descriptor '/home/rahul/ros2_workspace/install/my_robot_bringup/share/my_robot_bringup/package.dsv'
[0.757s] INFO:colcon.colcon_core.shell:Creating package script '/home/rahul/ros2_workspace/install/my_robot_bringup/share/my_robot_bringup/package.sh'
[0.757s] INFO:colcon.colcon_core.shell:Creating package script '/home/rahul/ros2_workspace/install/my_robot_bringup/share/my_robot_bringup/package.bash'
[0.758s] INFO:colcon.colcon_core.shell:Creating package script '/home/rahul/ros2_workspace/install/my_robot_bringup/share/my_robot_bringup/package.zsh'
[0.758s] Level 1:colcon.colcon_core.environment:create_file_with_runtime_dependencies(/home/rahul/ros2_workspace/install/my_robot_bringup/share/colcon-core/packages/my_robot_bringup)
[0.758s] DEBUG:colcon.colcon_parallel_executor.executor.parallel:closing loop
[0.758s] DEBUG:colcon.colcon_parallel_executor.executor.parallel:loop closed
[0.758s] DEBUG:colcon.colcon_parallel_executor.executor.parallel:run_until_complete finished with '0'
[0.758s] DEBUG:colcon.colcon_core.event_reactor:joining thread
[0.764s] INFO:colcon.colcon_core.plugin_system:Skipping extension 'colcon_notification.desktop_notification.terminal_notifier': Not used on non-Darwin systems
[0.764s] INFO:colcon.colcon_core.plugin_system:Skipping extension 'colcon_notification.desktop_notification.win32': Not used on non-Windows systems
[0.764s] INFO:colcon.colcon_notification.desktop_notification:Sending desktop notification using 'notify2'
[0.778s] DEBUG:colcon.colcon_core.event_reactor:joined thread
[0.779s] INFO:colcon.colcon_core.shell:Creating prefix script '/home/rahul/ros2_workspace/install/local_setup.ps1'
[0.780s] INFO:colcon.colcon_core.shell:Creating prefix util module '/home/rahul/ros2_workspace/install/_local_setup_util_ps1.py'
[0.781s] INFO:colcon.colcon_core.shell:Creating prefix chain script '/home/rahul/ros2_workspace/install/setup.ps1'
[0.784s] INFO:colcon.colcon_core.shell:Creating prefix script '/home/rahul/ros2_workspace/install/local_setup.sh'
[0.785s] INFO:colcon.colcon_core.shell:Creating prefix util module '/home/rahul/ros2_workspace/install/_local_setup_util_sh.py'
[0.785s] INFO:colcon.colcon_core.shell:Creating prefix chain script '/home/rahul/ros2_workspace/install/setup.sh'
[0.787s] INFO:colcon.colcon_core.shell:Creating prefix script '/home/rahul/ros2_workspace/install/local_setup.bash'
[0.788s] INFO:colcon.colcon_core.shell:Creating prefix chain script '/home/rahul/ros2_workspace/install/setup.bash'
[0.790s] INFO:colcon.colcon_core.shell:Creating prefix script '/home/rahul/ros2_workspace/install/local_setup.zsh'
[0.790s] INFO:colcon.colcon_core.shell:Creating prefix chain script '/home/rahul/ros2_workspace/install/setup.zsh'
