[0.571s] Invoking command in '/home/rahul/ros2_workspace/src/my_robot_controller': PYTHONPATH=/home/rahul/ros2_workspace/build/my_robot_controller/prefix_override:/usr/lib/python3/dist-packages/colcon_core/task/python/colcon_distutils_commands:/home/rahul/ros2_workspace/install/my_robot_controller/lib/python3.10/site-packages:${PYTHONPATH} /usr/bin/python3 -W ignore:setup.py install is deprecated -W ignore:easy_install command is deprecated setup.py egg_info --egg-base ../../build/my_robot_controller build --build-base /home/rahul/ros2_workspace/build/my_robot_controller/build install --record /home/rahul/ros2_workspace/build/my_robot_controller/install.log --single-version-externally-managed install_data
[0.795s] running egg_info
[0.795s] writing ../../build/my_robot_controller/my_robot_controller.egg-info/PKG-INFO
[0.796s] writing dependency_links to ../../build/my_robot_controller/my_robot_controller.egg-info/dependency_links.txt
[0.796s] writing entry points to ../../build/my_robot_controller/my_robot_controller.egg-info/entry_points.txt
[0.796s] writing requirements to ../../build/my_robot_controller/my_robot_controller.egg-info/requires.txt
[0.796s] writing top-level names to ../../build/my_robot_controller/my_robot_controller.egg-info/top_level.txt
[0.797s] reading manifest file '../../build/my_robot_controller/my_robot_controller.egg-info/SOURCES.txt'
[0.798s] writing manifest file '../../build/my_robot_controller/my_robot_controller.egg-info/SOURCES.txt'
[0.798s] running build
[0.798s] running build_py
[0.798s] copying my_robot_controller/lidar_navigation_controller.py -> /home/rahul/ros2_workspace/build/my_robot_controller/build/lib/my_robot_controller
[0.799s] running install
[0.799s] running install_lib
[0.800s] copying /home/rahul/ros2_workspace/build/my_robot_controller/build/lib/my_robot_controller/lidar_navigation_controller.py -> /home/rahul/ros2_workspace/install/my_robot_controller/lib/python3.10/site-packages/my_robot_controller
[0.800s] byte-compiling /home/rahul/ros2_workspace/install/my_robot_controller/lib/python3.10/site-packages/my_robot_controller/lidar_navigation_controller.py to lidar_navigation_controller.cpython-310.pyc
[0.802s] running install_data
[0.802s] running install_egg_info
[0.804s] removing '/home/rahul/ros2_workspace/install/my_robot_controller/lib/python3.10/site-packages/my_robot_controller-0.0.0-py3.10.egg-info' (and everything under it)
[0.804s] Copying ../../build/my_robot_controller/my_robot_controller.egg-info to /home/rahul/ros2_workspace/install/my_robot_controller/lib/python3.10/site-packages/my_robot_controller-0.0.0-py3.10.egg-info
[0.805s] running install_scripts
[0.821s] Installing lidar_navigation_controller script to /home/rahul/ros2_workspace/install/my_robot_controller/lib/my_robot_controller
[0.821s] Installing move_robot script to /home/rahul/ros2_workspace/install/my_robot_controller/lib/my_robot_controller
[0.822s] Installing perception_controller script to /home/rahul/ros2_workspace/install/my_robot_controller/lib/my_robot_controller
[0.822s] writing list of installed files to '/home/rahul/ros2_workspace/build/my_robot_controller/install.log'
[0.843s] Invoked command in '/home/rahul/ros2_workspace/src/my_robot_controller' returned '0': PYTHONPATH=/home/rahul/ros2_workspace/build/my_robot_controller/prefix_override:/usr/lib/python3/dist-packages/colcon_core/task/python/colcon_distutils_commands:/home/rahul/ros2_workspace/install/my_robot_controller/lib/python3.10/site-packages:${PYTHONPATH} /usr/bin/python3 -W ignore:setup.py install is deprecated -W ignore:easy_install command is deprecated setup.py egg_info --egg-base ../../build/my_robot_controller build --build-base /home/rahul/ros2_workspace/build/my_robot_controller/build install --record /home/rahul/ros2_workspace/build/my_robot_controller/install.log --single-version-externally-managed install_data
