[0.014s] Invoking command in '/home/rahul/ros2_workspace/build/my_robot_description': CMAKE_PREFIX_PATH=${CMAKE_PREFIX_PATH}:/home/rahul/ros2_ws/install/launch_testing_examples:/home/rahul/ros2_ws/install/examples_rclpy_pointcloud_publisher:/home/rahul/ros2_ws/install/examples_rclpy_minimal_subscriber:/home/rahul/ros2_ws/install/examples_rclpy_minimal_service:/home/rahul/ros2_ws/install/examples_rclpy_minimal_publisher:/home/rahul/ros2_ws/install/examples_rclpy_minimal_client:/home/rahul/ros2_ws/install/examples_rclpy_minimal_action_server:/home/rahul/ros2_ws/install/examples_rclpy_minimal_action_client:/home/rahul/ros2_ws/install/examples_rclpy_guard_conditions:/home/rahul/ros2_ws/install/examples_rclpy_executors:/home/rahul/ros2_ws/install/My_package:/home/rahul/colcon_ws/install/ur5_control:/opt/ros/humble /usr/bin/cmake --build /home/rahul/ros2_workspace/build/my_robot_description -- -j16 -l16
[0.088s] Invoked command in '/home/rahul/ros2_workspace/build/my_robot_description' returned '0': CMAKE_PREFIX_PATH=${CMAKE_PREFIX_PATH}:/home/rahul/ros2_ws/install/launch_testing_examples:/home/rahul/ros2_ws/install/examples_rclpy_pointcloud_publisher:/home/rahul/ros2_ws/install/examples_rclpy_minimal_subscriber:/home/rahul/ros2_ws/install/examples_rclpy_minimal_service:/home/rahul/ros2_ws/install/examples_rclpy_minimal_publisher:/home/rahul/ros2_ws/install/examples_rclpy_minimal_client:/home/rahul/ros2_ws/install/examples_rclpy_minimal_action_server:/home/rahul/ros2_ws/install/examples_rclpy_minimal_action_client:/home/rahul/ros2_ws/install/examples_rclpy_guard_conditions:/home/rahul/ros2_ws/install/examples_rclpy_executors:/home/rahul/ros2_ws/install/My_package:/home/rahul/colcon_ws/install/ur5_control:/opt/ros/humble /usr/bin/cmake --build /home/rahul/ros2_workspace/build/my_robot_description -- -j16 -l16
[0.101s] Invoking command in '/home/rahul/ros2_workspace/build/my_robot_description': CMAKE_PREFIX_PATH=${CMAKE_PREFIX_PATH}:/home/rahul/ros2_ws/install/launch_testing_examples:/home/rahul/ros2_ws/install/examples_rclpy_pointcloud_publisher:/home/rahul/ros2_ws/install/examples_rclpy_minimal_subscriber:/home/rahul/ros2_ws/install/examples_rclpy_minimal_service:/home/rahul/ros2_ws/install/examples_rclpy_minimal_publisher:/home/rahul/ros2_ws/install/examples_rclpy_minimal_client:/home/rahul/ros2_ws/install/examples_rclpy_minimal_action_server:/home/rahul/ros2_ws/install/examples_rclpy_minimal_action_client:/home/rahul/ros2_ws/install/examples_rclpy_guard_conditions:/home/rahul/ros2_ws/install/examples_rclpy_executors:/home/rahul/ros2_ws/install/My_package:/home/rahul/colcon_ws/install/ur5_control:/opt/ros/humble /usr/bin/cmake --install /home/rahul/ros2_workspace/build/my_robot_description
[0.108s] -- Install configuration: ""
[0.109s] -- Execute custom install script
[0.110s] -- Up-to-date symlink: /home/rahul/ros2_workspace/install/my_robot_description/share/my_robot_description//urdf/camera.xacro
[0.111s] -- Up-to-date symlink: /home/rahul/ros2_workspace/install/my_robot_description/share/my_robot_description//urdf/common_properties.xacro
[0.111s] -- Up-to-date symlink: /home/rahul/ros2_workspace/install/my_robot_description/share/my_robot_description//urdf/mobile_base.xacro
[0.111s] -- Up-to-date symlink: /home/rahul/ros2_workspace/install/my_robot_description/share/my_robot_description//urdf/mobile_base_gazebo.xacro
[0.111s] -- Up-to-date symlink: /home/rahul/ros2_workspace/install/my_robot_description/share/my_robot_description//urdf/my_robot.urdf.xacro
[0.112s] -- Up-to-date symlink: /home/rahul/ros2_workspace/install/my_robot_description/share/my_robot_description//launch/display.launch.xml
[0.112s] -- Up-to-date symlink: /home/rahul/ros2_workspace/install/my_robot_description/share/my_robot_description//rviz/urdf_config.rviz
[0.113s] -- Up-to-date symlink: /home/rahul/ros2_workspace/install/my_robot_description/share/ament_index/resource_index/package_run_dependencies/my_robot_description
[0.113s] -- Up-to-date symlink: /home/rahul/ros2_workspace/install/my_robot_description/share/ament_index/resource_index/parent_prefix_path/my_robot_description
[0.114s] -- Up-to-date symlink: /home/rahul/ros2_workspace/install/my_robot_description/share/my_robot_description/environment/ament_prefix_path.sh
[0.114s] -- Up-to-date symlink: /home/rahul/ros2_workspace/install/my_robot_description/share/my_robot_description/environment/ament_prefix_path.dsv
[0.114s] -- Up-to-date symlink: /home/rahul/ros2_workspace/install/my_robot_description/share/my_robot_description/environment/path.sh
[0.114s] -- Up-to-date symlink: /home/rahul/ros2_workspace/install/my_robot_description/share/my_robot_description/environment/path.dsv
[0.115s] -- Up-to-date symlink: /home/rahul/ros2_workspace/install/my_robot_description/share/my_robot_description/local_setup.bash
[0.115s] -- Up-to-date symlink: /home/rahul/ros2_workspace/install/my_robot_description/share/my_robot_description/local_setup.sh
[0.115s] -- Up-to-date symlink: /home/rahul/ros2_workspace/install/my_robot_description/share/my_robot_description/local_setup.zsh
[0.115s] -- Up-to-date symlink: /home/rahul/ros2_workspace/install/my_robot_description/share/my_robot_description/local_setup.dsv
[0.115s] -- Symlinking: /home/rahul/ros2_workspace/install/my_robot_description/share/my_robot_description/package.dsv
[0.126s] -- Up-to-date symlink: /home/rahul/ros2_workspace/install/my_robot_description/share/ament_index/resource_index/packages/my_robot_description
[0.126s] -- Up-to-date symlink: /home/rahul/ros2_workspace/install/my_robot_description/share/my_robot_description/cmake/my_robot_descriptionConfig.cmake
[0.127s] -- Up-to-date symlink: /home/rahul/ros2_workspace/install/my_robot_description/share/my_robot_description/cmake/my_robot_descriptionConfig-version.cmake
[0.127s] -- Up-to-date symlink: /home/rahul/ros2_workspace/install/my_robot_description/share/my_robot_description/package.xml
[0.129s] Invoked command in '/home/rahul/ros2_workspace/build/my_robot_description' returned '0': CMAKE_PREFIX_PATH=${CMAKE_PREFIX_PATH}:/home/rahul/ros2_ws/install/launch_testing_examples:/home/rahul/ros2_ws/install/examples_rclpy_pointcloud_publisher:/home/rahul/ros2_ws/install/examples_rclpy_minimal_subscriber:/home/rahul/ros2_ws/install/examples_rclpy_minimal_service:/home/rahul/ros2_ws/install/examples_rclpy_minimal_publisher:/home/rahul/ros2_ws/install/examples_rclpy_minimal_client:/home/rahul/ros2_ws/install/examples_rclpy_minimal_action_server:/home/rahul/ros2_ws/install/examples_rclpy_minimal_action_client:/home/rahul/ros2_ws/install/examples_rclpy_guard_conditions:/home/rahul/ros2_ws/install/examples_rclpy_executors:/home/rahul/ros2_ws/install/My_package:/home/rahul/colcon_ws/install/ur5_control:/opt/ros/humble /usr/bin/cmake --install /home/rahul/ros2_workspace/build/my_robot_description
