[0.013s] Invoking command in '/home/rahul/ros2_workspace/build/my_robot_description': CMAKE_PREFIX_PATH=${CMAKE_PREFIX_PATH}:/home/rahul/ros2_ws/install/launch_testing_examples:/home/rahul/ros2_ws/install/examples_rclpy_pointcloud_publisher:/home/rahul/ros2_ws/install/examples_rclpy_minimal_subscriber:/home/rahul/ros2_ws/install/examples_rclpy_minimal_service:/home/rahul/ros2_ws/install/examples_rclpy_minimal_publisher:/home/rahul/ros2_ws/install/examples_rclpy_minimal_client:/home/rahul/ros2_ws/install/examples_rclpy_minimal_action_server:/home/rahul/ros2_ws/install/examples_rclpy_minimal_action_client:/home/rahul/ros2_ws/install/examples_rclpy_guard_conditions:/home/rahul/ros2_ws/install/examples_rclpy_executors:/home/rahul/ros2_ws/install/My_package:/home/rahul/colcon_ws/install/ur5_control:/opt/ros/humble /usr/bin/cmake /home/rahul/ros2_workspace/src/my_robot_description -DAMENT_CMAKE_SYMLINK_INSTALL=1 -DCMAKE_INSTALL_PREFIX=/home/rahul/ros2_workspace/install/my_robot_description
[0.025s] -- Found ament_cmake: 1.3.11 (/opt/ros/humble/share/ament_cmake/cmake)
[0.141s] -- Override CMake install command with custom implementation using symlinks instead of copying resources
[0.217s] -- Configuring done
[0.219s] -- Generating done
[0.220s] -- Build files have been written to: /home/rahul/ros2_workspace/build/my_robot_description
[0.223s] Invoked command in '/home/rahul/ros2_workspace/build/my_robot_description' returned '0': CMAKE_PREFIX_PATH=${CMAKE_PREFIX_PATH}:/home/rahul/ros2_ws/install/launch_testing_examples:/home/rahul/ros2_ws/install/examples_rclpy_pointcloud_publisher:/home/rahul/ros2_ws/install/examples_rclpy_minimal_subscriber:/home/rahul/ros2_ws/install/examples_rclpy_minimal_service:/home/rahul/ros2_ws/install/examples_rclpy_minimal_publisher:/home/rahul/ros2_ws/install/examples_rclpy_minimal_client:/home/rahul/ros2_ws/install/examples_rclpy_minimal_action_server:/home/rahul/ros2_ws/install/examples_rclpy_minimal_action_client:/home/rahul/ros2_ws/install/examples_rclpy_guard_conditions:/home/rahul/ros2_ws/install/examples_rclpy_executors:/home/rahul/ros2_ws/install/My_package:/home/rahul/colcon_ws/install/ur5_control:/opt/ros/humble /usr/bin/cmake /home/rahul/ros2_workspace/src/my_robot_description -DAMENT_CMAKE_SYMLINK_INSTALL=1 -DCMAKE_INSTALL_PREFIX=/home/rahul/ros2_workspace/install/my_robot_description
[0.225s] Invoking command in '/home/rahul/ros2_workspace/build/my_robot_description': CMAKE_PREFIX_PATH=${CMAKE_PREFIX_PATH}:/home/rahul/ros2_ws/install/launch_testing_examples:/home/rahul/ros2_ws/install/examples_rclpy_pointcloud_publisher:/home/rahul/ros2_ws/install/examples_rclpy_minimal_subscriber:/home/rahul/ros2_ws/install/examples_rclpy_minimal_service:/home/rahul/ros2_ws/install/examples_rclpy_minimal_publisher:/home/rahul/ros2_ws/install/examples_rclpy_minimal_client:/home/rahul/ros2_ws/install/examples_rclpy_minimal_action_server:/home/rahul/ros2_ws/install/examples_rclpy_minimal_action_client:/home/rahul/ros2_ws/install/examples_rclpy_guard_conditions:/home/rahul/ros2_ws/install/examples_rclpy_executors:/home/rahul/ros2_ws/install/My_package:/home/rahul/colcon_ws/install/ur5_control:/opt/ros/humble /usr/bin/cmake --build /home/rahul/ros2_workspace/build/my_robot_description -- -j16 -l16
[0.268s] Invoked command in '/home/rahul/ros2_workspace/build/my_robot_description' returned '0': CMAKE_PREFIX_PATH=${CMAKE_PREFIX_PATH}:/home/rahul/ros2_ws/install/launch_testing_examples:/home/rahul/ros2_ws/install/examples_rclpy_pointcloud_publisher:/home/rahul/ros2_ws/install/examples_rclpy_minimal_subscriber:/home/rahul/ros2_ws/install/examples_rclpy_minimal_service:/home/rahul/ros2_ws/install/examples_rclpy_minimal_publisher:/home/rahul/ros2_ws/install/examples_rclpy_minimal_client:/home/rahul/ros2_ws/install/examples_rclpy_minimal_action_server:/home/rahul/ros2_ws/install/examples_rclpy_minimal_action_client:/home/rahul/ros2_ws/install/examples_rclpy_guard_conditions:/home/rahul/ros2_ws/install/examples_rclpy_executors:/home/rahul/ros2_ws/install/My_package:/home/rahul/colcon_ws/install/ur5_control:/opt/ros/humble /usr/bin/cmake --build /home/rahul/ros2_workspace/build/my_robot_description -- -j16 -l16
[0.280s] Invoking command in '/home/rahul/ros2_workspace/build/my_robot_description': CMAKE_PREFIX_PATH=${CMAKE_PREFIX_PATH}:/home/rahul/ros2_ws/install/launch_testing_examples:/home/rahul/ros2_ws/install/examples_rclpy_pointcloud_publisher:/home/rahul/ros2_ws/install/examples_rclpy_minimal_subscriber:/home/rahul/ros2_ws/install/examples_rclpy_minimal_service:/home/rahul/ros2_ws/install/examples_rclpy_minimal_publisher:/home/rahul/ros2_ws/install/examples_rclpy_minimal_client:/home/rahul/ros2_ws/install/examples_rclpy_minimal_action_server:/home/rahul/ros2_ws/install/examples_rclpy_minimal_action_client:/home/rahul/ros2_ws/install/examples_rclpy_guard_conditions:/home/rahul/ros2_ws/install/examples_rclpy_executors:/home/rahul/ros2_ws/install/My_package:/home/rahul/colcon_ws/install/ur5_control:/opt/ros/humble /usr/bin/cmake --install /home/rahul/ros2_workspace/build/my_robot_description
[0.288s] -- Install configuration: ""
[0.289s] -- Execute custom install script
[0.289s] -- Up-to-date symlink: /home/rahul/ros2_workspace/install/my_robot_description/share/my_robot_description//urdf/common_properties.xacro
[0.289s] -- Up-to-date symlink: /home/rahul/ros2_workspace/install/my_robot_description/share/my_robot_description//urdf/mobile_base.xacro
[0.289s] -- Up-to-date symlink: /home/rahul/ros2_workspace/install/my_robot_description/share/my_robot_description//urdf/mobile_base_gazebo.xacro
[0.289s] -- Up-to-date symlink: /home/rahul/ros2_workspace/install/my_robot_description/share/my_robot_description//urdf/my_robot.urdf.xacro
[0.289s] -- Up-to-date symlink: /home/rahul/ros2_workspace/install/my_robot_description/share/my_robot_description//launch/display.launch.xml
[0.289s] -- Up-to-date symlink: /home/rahul/ros2_workspace/install/my_robot_description/share/my_robot_description//rviz/urdf_config.rviz
[0.290s] -- Up-to-date symlink: /home/rahul/ros2_workspace/install/my_robot_description/share/ament_index/resource_index/package_run_dependencies/my_robot_description
[0.290s] -- Up-to-date symlink: /home/rahul/ros2_workspace/install/my_robot_description/share/ament_index/resource_index/parent_prefix_path/my_robot_description
[0.290s] -- Up-to-date symlink: /home/rahul/ros2_workspace/install/my_robot_description/share/my_robot_description/environment/ament_prefix_path.sh
[0.290s] -- Up-to-date symlink: /home/rahul/ros2_workspace/install/my_robot_description/share/my_robot_description/environment/ament_prefix_path.dsv
[0.290s] -- Up-to-date symlink: /home/rahul/ros2_workspace/install/my_robot_description/share/my_robot_description/environment/path.sh
[0.290s] -- Up-to-date symlink: /home/rahul/ros2_workspace/install/my_robot_description/share/my_robot_description/environment/path.dsv
[0.290s] -- Up-to-date symlink: /home/rahul/ros2_workspace/install/my_robot_description/share/my_robot_description/local_setup.bash
[0.290s] -- Up-to-date symlink: /home/rahul/ros2_workspace/install/my_robot_description/share/my_robot_description/local_setup.sh
[0.291s] -- Up-to-date symlink: /home/rahul/ros2_workspace/install/my_robot_description/share/my_robot_description/local_setup.zsh
[0.291s] -- Up-to-date symlink: /home/rahul/ros2_workspace/install/my_robot_description/share/my_robot_description/local_setup.dsv
[0.291s] -- Symlinking: /home/rahul/ros2_workspace/install/my_robot_description/share/my_robot_description/package.dsv
[0.301s] -- Up-to-date symlink: /home/rahul/ros2_workspace/install/my_robot_description/share/ament_index/resource_index/packages/my_robot_description
[0.301s] -- Up-to-date symlink: /home/rahul/ros2_workspace/install/my_robot_description/share/my_robot_description/cmake/my_robot_descriptionConfig.cmake
[0.301s] -- Up-to-date symlink: /home/rahul/ros2_workspace/install/my_robot_description/share/my_robot_description/cmake/my_robot_descriptionConfig-version.cmake
[0.301s] -- Up-to-date symlink: /home/rahul/ros2_workspace/install/my_robot_description/share/my_robot_description/package.xml
[0.303s] Invoked command in '/home/rahul/ros2_workspace/build/my_robot_description' returned '0': CMAKE_PREFIX_PATH=${CMAKE_PREFIX_PATH}:/home/rahul/ros2_ws/install/launch_testing_examples:/home/rahul/ros2_ws/install/examples_rclpy_pointcloud_publisher:/home/rahul/ros2_ws/install/examples_rclpy_minimal_subscriber:/home/rahul/ros2_ws/install/examples_rclpy_minimal_service:/home/rahul/ros2_ws/install/examples_rclpy_minimal_publisher:/home/rahul/ros2_ws/install/examples_rclpy_minimal_client:/home/rahul/ros2_ws/install/examples_rclpy_minimal_action_server:/home/rahul/ros2_ws/install/examples_rclpy_minimal_action_client:/home/rahul/ros2_ws/install/examples_rclpy_guard_conditions:/home/rahul/ros2_ws/install/examples_rclpy_executors:/home/rahul/ros2_ws/install/My_package:/home/rahul/colcon_ws/install/ur5_control:/opt/ros/humble /usr/bin/cmake --install /home/rahul/ros2_workspace/build/my_robot_description
