-- Install configuration: ""
-- Execute custom install script
-- Up-to-date symlink: /home/rahul/ros2_workspace/install/my_robot_bringup/share/my_robot_bringup//launch/my_robot_gazebo.launch.xml
-- Up-to-date symlink: /home/rahul/ros2_workspace/install/my_robot_bringup/share/my_robot_bringup//rviz/urdf_config.rviz
-- Up-to-date symlink: /home/rahul/ros2_workspace/install/my_robot_bringup/share/my_robot_bringup//worlds/my_world_2
-- Up-to-date symlink: /home/rahul/ros2_workspace/install/my_robot_bringup/share/my_robot_bringup//worlds/road_world.world
-- Up-to-date symlink: /home/rahul/ros2_workspace/install/my_robot_bringup/share/my_robot_bringup//materials/scripts/turn_left_sign.material
-- Up-to-date symlink: /home/rahul/ros2_workspace/install/my_robot_bringup/share/my_robot_bringup//materials/textures/turn_left_sign.png
-- Up-to-date symlink: /home/rahul/ros2_workspace/install/my_robot_bringup/share/my_robot_bringup//meshes/sign_board.dae
-- Up-to-date symlink: /home/rahul/ros2_workspace/install/my_robot_bringup/share/ament_index/resource_index/package_run_dependencies/my_robot_bringup
-- Up-to-date symlink: /home/rahul/ros2_workspace/install/my_robot_bringup/share/ament_index/resource_index/parent_prefix_path/my_robot_bringup
-- Up-to-date symlink: /home/rahul/ros2_workspace/install/my_robot_bringup/share/my_robot_bringup/environment/ament_prefix_path.sh
-- Up-to-date symlink: /home/rahul/ros2_workspace/install/my_robot_bringup/share/my_robot_bringup/environment/ament_prefix_path.dsv
-- Up-to-date symlink: /home/rahul/ros2_workspace/install/my_robot_bringup/share/my_robot_bringup/environment/path.sh
-- Up-to-date symlink: /home/rahul/ros2_workspace/install/my_robot_bringup/share/my_robot_bringup/environment/path.dsv
-- Up-to-date symlink: /home/rahul/ros2_workspace/install/my_robot_bringup/share/my_robot_bringup/local_setup.bash
-- Up-to-date symlink: /home/rahul/ros2_workspace/install/my_robot_bringup/share/my_robot_bringup/local_setup.sh
-- Up-to-date symlink: /home/rahul/ros2_workspace/install/my_robot_bringup/share/my_robot_bringup/local_setup.zsh
-- Up-to-date symlink: /home/rahul/ros2_workspace/install/my_robot_bringup/share/my_robot_bringup/local_setup.dsv
-- Symlinking: /home/rahul/ros2_workspace/install/my_robot_bringup/share/my_robot_bringup/package.dsv
-- Up-to-date symlink: /home/rahul/ros2_workspace/install/my_robot_bringup/share/ament_index/resource_index/packages/my_robot_bringup
-- Up-to-date symlink: /home/rahul/ros2_workspace/install/my_robot_bringup/share/my_robot_bringup/cmake/my_robot_bringupConfig.cmake
-- Up-to-date symlink: /home/rahul/ros2_workspace/install/my_robot_bringup/share/my_robot_bringup/cmake/my_robot_bringupConfig-version.cmake
-- Up-to-date symlink: /home/rahul/ros2_workspace/install/my_robot_bringup/share/my_robot_bringup/package.xml
