[0.091s] DEBUG:colcon:Command line arguments: ['/usr/bin/colcon', 'build', '--symlink-install']
[0.091s] DEBUG:colcon:Parsed command line arguments: Namespace(log_base=None, log_level=None, verb_name='build', build_base='build', install_base='install', merge_install=False, symlink_install=True, test_result_base=None, continue_on_error=False, executor='parallel', parallel_workers=16, event_handlers=None, ignore_user_meta=False, metas=['./colcon.meta'], base_paths=['.'], packages_ignore=None, packages_ignore_regex=None, paths=None, packages_up_to=None, packages_up_to_regex=None, packages_above=None, packages_above_and_dependencies=None, packages_above_depth=None, packages_select_by_dep=None, packages_skip_by_dep=None, packages_skip_up_to=None, packages_select_build_failed=False, packages_skip_build_finished=False, packages_select_test_failures=False, packages_skip_test_passed=False, packages_select=None, packages_skip=None, packages_select_regex=None, packages_skip_regex=None, packages_start=None, packages_end=None, allow_overriding=[], cmake_args=None, cmake_target=None, cmake_target_skip_unavailable=False, cmake_clean_cache=False, cmake_clean_first=False, cmake_force_configure=False, ament_cmake_args=None, catkin_cmake_args=None, catkin_skip_building_tests=False, verb_parser=<colcon_defaults.argument_parser.defaults.DefaultArgumentsDecorator object at 0x7df73565fd30>, verb_extension=<colcon_core.verb.build.BuildVerb object at 0x7df7357a11e0>, main=<bound method BuildVerb.main of <colcon_core.verb.build.BuildVerb object at 0x7df7357a11e0>>)
[0.234s] Level 1:colcon.colcon_core.package_discovery:discover_packages(colcon_meta) check parameters
[0.234s] Level 1:colcon.colcon_core.package_discovery:discover_packages(recursive) check parameters
[0.234s] Level 1:colcon.colcon_core.package_discovery:discover_packages(ignore) check parameters
[0.234s] Level 1:colcon.colcon_core.package_discovery:discover_packages(path) check parameters
[0.234s] Level 1:colcon.colcon_core.package_discovery:discover_packages(colcon_meta) discover
[0.234s] Level 1:colcon.colcon_core.package_discovery:discover_packages(recursive) discover
[0.234s] INFO:colcon.colcon_core.package_discovery:Crawling recursively for packages in '/home/rahul/ros2_workspace'
[0.234s] Level 1:colcon.colcon_core.package_identification:_identify(.) by extensions ['ignore', 'ignore_ament_install']
[0.234s] Level 1:colcon.colcon_core.package_identification:_identify(.) by extension 'ignore'
[0.234s] Level 1:colcon.colcon_core.package_identification:_identify(.) by extension 'ignore_ament_install'
[0.234s] Level 1:colcon.colcon_core.package_identification:_identify(.) by extensions ['colcon_pkg']
[0.234s] Level 1:colcon.colcon_core.package_identification:_identify(.) by extension 'colcon_pkg'
[0.234s] Level 1:colcon.colcon_core.package_identification:_identify(.) by extensions ['colcon_meta']
[0.234s] Level 1:colcon.colcon_core.package_identification:_identify(.) by extension 'colcon_meta'
[0.235s] Level 1:colcon.colcon_core.package_identification:_identify(.) by extensions ['ros']
[0.235s] Level 1:colcon.colcon_core.package_identification:_identify(.) by extension 'ros'
[0.250s] Level 1:colcon.colcon_core.package_identification:_identify(.) by extensions ['cmake', 'python']
[0.251s] Level 1:colcon.colcon_core.package_identification:_identify(.) by extension 'cmake'
[0.251s] Level 1:colcon.colcon_core.package_identification:_identify(.) by extension 'python'
[0.251s] Level 1:colcon.colcon_core.package_identification:_identify(.) by extensions ['python_setup_py']
[0.251s] Level 1:colcon.colcon_core.package_identification:_identify(.) by extension 'python_setup_py'
[0.251s] Level 1:colcon.colcon_core.package_identification:_identify(build) by extensions ['ignore', 'ignore_ament_install']
[0.251s] Level 1:colcon.colcon_core.package_identification:_identify(build) by extension 'ignore'
[0.251s] Level 1:colcon.colcon_core.package_identification:_identify(build) ignored
[0.251s] Level 1:colcon.colcon_core.package_identification:_identify(install) by extensions ['ignore', 'ignore_ament_install']
[0.251s] Level 1:colcon.colcon_core.package_identification:_identify(install) by extension 'ignore'
[0.251s] Level 1:colcon.colcon_core.package_identification:_identify(install) ignored
[0.251s] Level 1:colcon.colcon_core.package_identification:_identify(log) by extensions ['ignore', 'ignore_ament_install']
[0.251s] Level 1:colcon.colcon_core.package_identification:_identify(log) by extension 'ignore'
[0.251s] Level 1:colcon.colcon_core.package_identification:_identify(log) ignored
[0.251s] Level 1:colcon.colcon_core.package_identification:_identify(src) by extensions ['ignore', 'ignore_ament_install']
[0.251s] Level 1:colcon.colcon_core.package_identification:_identify(src) by extension 'ignore'
[0.252s] Level 1:colcon.colcon_core.package_identification:_identify(src) by extension 'ignore_ament_install'
[0.252s] Level 1:colcon.colcon_core.package_identification:_identify(src) by extensions ['colcon_pkg']
[0.252s] Level 1:colcon.colcon_core.package_identification:_identify(src) by extension 'colcon_pkg'
[0.252s] Level 1:colcon.colcon_core.package_identification:_identify(src) by extensions ['colcon_meta']
[0.252s] Level 1:colcon.colcon_core.package_identification:_identify(src) by extension 'colcon_meta'
[0.252s] Level 1:colcon.colcon_core.package_identification:_identify(src) by extensions ['ros']
[0.252s] Level 1:colcon.colcon_core.package_identification:_identify(src) by extension 'ros'
[0.252s] Level 1:colcon.colcon_core.package_identification:_identify(src) by extensions ['cmake', 'python']
[0.252s] Level 1:colcon.colcon_core.package_identification:_identify(src) by extension 'cmake'
[0.252s] Level 1:colcon.colcon_core.package_identification:_identify(src) by extension 'python'
[0.252s] Level 1:colcon.colcon_core.package_identification:_identify(src) by extensions ['python_setup_py']
[0.252s] Level 1:colcon.colcon_core.package_identification:_identify(src) by extension 'python_setup_py'
[0.252s] Level 1:colcon.colcon_core.package_identification:_identify(src/my_robot_bringup) by extensions ['ignore', 'ignore_ament_install']
[0.252s] Level 1:colcon.colcon_core.package_identification:_identify(src/my_robot_bringup) by extension 'ignore'
[0.252s] Level 1:colcon.colcon_core.package_identification:_identify(src/my_robot_bringup) by extension 'ignore_ament_install'
[0.252s] Level 1:colcon.colcon_core.package_identification:_identify(src/my_robot_bringup) by extensions ['colcon_pkg']
[0.252s] Level 1:colcon.colcon_core.package_identification:_identify(src/my_robot_bringup) by extension 'colcon_pkg'
[0.252s] Level 1:colcon.colcon_core.package_identification:_identify(src/my_robot_bringup) by extensions ['colcon_meta']
[0.252s] Level 1:colcon.colcon_core.package_identification:_identify(src/my_robot_bringup) by extension 'colcon_meta'
[0.252s] Level 1:colcon.colcon_core.package_identification:_identify(src/my_robot_bringup) by extensions ['ros']
[0.252s] Level 1:colcon.colcon_core.package_identification:_identify(src/my_robot_bringup) by extension 'ros'
[0.254s] DEBUG:colcon.colcon_core.package_identification:Package 'src/my_robot_bringup' with type 'ros.ament_cmake' and name 'my_robot_bringup'
[0.254s] Level 1:colcon.colcon_core.package_identification:_identify(src/my_robot_controller) by extensions ['ignore', 'ignore_ament_install']
[0.254s] Level 1:colcon.colcon_core.package_identification:_identify(src/my_robot_controller) by extension 'ignore'
[0.254s] Level 1:colcon.colcon_core.package_identification:_identify(src/my_robot_controller) by extension 'ignore_ament_install'
[0.254s] Level 1:colcon.colcon_core.package_identification:_identify(src/my_robot_controller) by extensions ['colcon_pkg']
[0.254s] Level 1:colcon.colcon_core.package_identification:_identify(src/my_robot_controller) by extension 'colcon_pkg'
[0.254s] Level 1:colcon.colcon_core.package_identification:_identify(src/my_robot_controller) by extensions ['colcon_meta']
[0.254s] Level 1:colcon.colcon_core.package_identification:_identify(src/my_robot_controller) by extension 'colcon_meta'
[0.254s] Level 1:colcon.colcon_core.package_identification:_identify(src/my_robot_controller) by extensions ['ros']
[0.254s] Level 1:colcon.colcon_core.package_identification:_identify(src/my_robot_controller) by extension 'ros'
[0.255s] DEBUG:colcon.colcon_core.package_identification:Package 'src/my_robot_controller' with type 'ros.ament_python' and name 'my_robot_controller'
[0.255s] Level 1:colcon.colcon_core.package_identification:_identify(src/my_robot_description) by extensions ['ignore', 'ignore_ament_install']
[0.255s] Level 1:colcon.colcon_core.package_identification:_identify(src/my_robot_description) by extension 'ignore'
[0.255s] Level 1:colcon.colcon_core.package_identification:_identify(src/my_robot_description) by extension 'ignore_ament_install'
[0.255s] Level 1:colcon.colcon_core.package_identification:_identify(src/my_robot_description) by extensions ['colcon_pkg']
[0.255s] Level 1:colcon.colcon_core.package_identification:_identify(src/my_robot_description) by extension 'colcon_pkg'
[0.255s] Level 1:colcon.colcon_core.package_identification:_identify(src/my_robot_description) by extensions ['colcon_meta']
[0.255s] Level 1:colcon.colcon_core.package_identification:_identify(src/my_robot_description) by extension 'colcon_meta'
[0.255s] Level 1:colcon.colcon_core.package_identification:_identify(src/my_robot_description) by extensions ['ros']
[0.255s] Level 1:colcon.colcon_core.package_identification:_identify(src/my_robot_description) by extension 'ros'
[0.256s] DEBUG:colcon.colcon_core.package_identification:Package 'src/my_robot_description' with type 'ros.ament_cmake' and name 'my_robot_description'
[0.256s] Level 1:colcon.colcon_core.package_discovery:discover_packages(recursive) using defaults
[0.256s] Level 1:colcon.colcon_core.package_discovery:discover_packages(ignore) discover
[0.256s] Level 1:colcon.colcon_core.package_discovery:discover_packages(ignore) using defaults
[0.256s] Level 1:colcon.colcon_core.package_discovery:discover_packages(path) discover
[0.256s] Level 1:colcon.colcon_core.package_discovery:discover_packages(path) using defaults
[0.278s] Level 1:colcon.colcon_core.package_discovery:discover_packages(prefix_path) check parameters
[0.278s] Level 1:colcon.colcon_core.package_discovery:discover_packages(prefix_path) discover
[0.282s] DEBUG:colcon.colcon_installed_package_information.package_discovery:Found 13 installed packages in /home/rahul/colcon_ws/install
[0.282s] DEBUG:colcon.colcon_installed_package_information.package_discovery:Found 23 installed packages in /home/rahul/ros2_ws/install
[0.283s] DEBUG:colcon.colcon_installed_package_information.package_discovery:Found 2 installed packages in /home/rahul/arduinobot_ws/install
[0.285s] DEBUG:colcon.colcon_installed_package_information.package_discovery:Found 465 installed packages in /opt/ros/humble
[0.287s] Level 1:colcon.colcon_core.package_discovery:discover_packages(prefix_path) using defaults
[0.365s] Level 5:colcon.colcon_core.verb:set package 'my_robot_controller' build argument 'cmake_args' from command line to 'None'
[0.365s] Level 5:colcon.colcon_core.verb:set package 'my_robot_controller' build argument 'cmake_target' from command line to 'None'
[0.365s] Level 5:colcon.colcon_core.verb:set package 'my_robot_controller' build argument 'cmake_target_skip_unavailable' from command line to 'False'
[0.365s] Level 5:colcon.colcon_core.verb:set package 'my_robot_controller' build argument 'cmake_clean_cache' from command line to 'False'
[0.365s] Level 5:colcon.colcon_core.verb:set package 'my_robot_controller' build argument 'cmake_clean_first' from command line to 'False'
[0.365s] Level 5:colcon.colcon_core.verb:set package 'my_robot_controller' build argument 'cmake_force_configure' from command line to 'False'
[0.365s] Level 5:colcon.colcon_core.verb:set package 'my_robot_controller' build argument 'ament_cmake_args' from command line to 'None'
[0.365s] Level 5:colcon.colcon_core.verb:set package 'my_robot_controller' build argument 'catkin_cmake_args' from command line to 'None'
[0.365s] Level 5:colcon.colcon_core.verb:set package 'my_robot_controller' build argument 'catkin_skip_building_tests' from command line to 'False'
[0.365s] DEBUG:colcon.colcon_core.verb:Building package 'my_robot_controller' with the following arguments: {'ament_cmake_args': None, 'build_base': '/home/rahul/ros2_workspace/build/my_robot_controller', 'catkin_cmake_args': None, 'catkin_skip_building_tests': False, 'cmake_args': None, 'cmake_clean_cache': False, 'cmake_clean_first': False, 'cmake_force_configure': False, 'cmake_target': None, 'cmake_target_skip_unavailable': False, 'install_base': '/home/rahul/ros2_workspace/install/my_robot_controller', 'merge_install': False, 'path': '/home/rahul/ros2_workspace/src/my_robot_controller', 'symlink_install': True, 'test_result_base': None}
[0.365s] Level 5:colcon.colcon_core.verb:set package 'my_robot_description' build argument 'cmake_args' from command line to 'None'
[0.365s] Level 5:colcon.colcon_core.verb:set package 'my_robot_description' build argument 'cmake_target' from command line to 'None'
[0.365s] Level 5:colcon.colcon_core.verb:set package 'my_robot_description' build argument 'cmake_target_skip_unavailable' from command line to 'False'
[0.365s] Level 5:colcon.colcon_core.verb:set package 'my_robot_description' build argument 'cmake_clean_cache' from command line to 'False'
[0.365s] Level 5:colcon.colcon_core.verb:set package 'my_robot_description' build argument 'cmake_clean_first' from command line to 'False'
[0.365s] Level 5:colcon.colcon_core.verb:set package 'my_robot_description' build argument 'cmake_force_configure' from command line to 'False'
[0.365s] Level 5:colcon.colcon_core.verb:set package 'my_robot_description' build argument 'ament_cmake_args' from command line to 'None'
[0.365s] Level 5:colcon.colcon_core.verb:set package 'my_robot_description' build argument 'catkin_cmake_args' from command line to 'None'
[0.365s] Level 5:colcon.colcon_core.verb:set package 'my_robot_description' build argument 'catkin_skip_building_tests' from command line to 'False'
[0.365s] DEBUG:colcon.colcon_core.verb:Building package 'my_robot_description' with the following arguments: {'ament_cmake_args': None, 'build_base': '/home/rahul/ros2_workspace/build/my_robot_description', 'catkin_cmake_args': None, 'catkin_skip_building_tests': False, 'cmake_args': None, 'cmake_clean_cache': False, 'cmake_clean_first': False, 'cmake_force_configure': False, 'cmake_target': None, 'cmake_target_skip_unavailable': False, 'install_base': '/home/rahul/ros2_workspace/install/my_robot_description', 'merge_install': False, 'path': '/home/rahul/ros2_workspace/src/my_robot_description', 'symlink_install': True, 'test_result_base': None}
[0.366s] Level 5:colcon.colcon_core.verb:set package 'my_robot_bringup' build argument 'cmake_args' from command line to 'None'
[0.366s] Level 5:colcon.colcon_core.verb:set package 'my_robot_bringup' build argument 'cmake_target' from command line to 'None'
[0.366s] Level 5:colcon.colcon_core.verb:set package 'my_robot_bringup' build argument 'cmake_target_skip_unavailable' from command line to 'False'
[0.366s] Level 5:colcon.colcon_core.verb:set package 'my_robot_bringup' build argument 'cmake_clean_cache' from command line to 'False'
[0.366s] Level 5:colcon.colcon_core.verb:set package 'my_robot_bringup' build argument 'cmake_clean_first' from command line to 'False'
[0.366s] Level 5:colcon.colcon_core.verb:set package 'my_robot_bringup' build argument 'cmake_force_configure' from command line to 'False'
[0.366s] Level 5:colcon.colcon_core.verb:set package 'my_robot_bringup' build argument 'ament_cmake_args' from command line to 'None'
[0.366s] Level 5:colcon.colcon_core.verb:set package 'my_robot_bringup' build argument 'catkin_cmake_args' from command line to 'None'
[0.366s] Level 5:colcon.colcon_core.verb:set package 'my_robot_bringup' build argument 'catkin_skip_building_tests' from command line to 'False'
[0.366s] DEBUG:colcon.colcon_core.verb:Building package 'my_robot_bringup' with the following arguments: {'ament_cmake_args': None, 'build_base': '/home/rahul/ros2_workspace/build/my_robot_bringup', 'catkin_cmake_args': None, 'catkin_skip_building_tests': False, 'cmake_args': None, 'cmake_clean_cache': False, 'cmake_clean_first': False, 'cmake_force_configure': False, 'cmake_target': None, 'cmake_target_skip_unavailable': False, 'install_base': '/home/rahul/ros2_workspace/install/my_robot_bringup', 'merge_install': False, 'path': '/home/rahul/ros2_workspace/src/my_robot_bringup', 'symlink_install': True, 'test_result_base': None}
[0.366s] INFO:colcon.colcon_core.executor:Executing jobs using 'parallel' executor
[0.367s] DEBUG:colcon.colcon_parallel_executor.executor.parallel:run_until_complete
[0.367s] INFO:colcon.colcon_ros.task.ament_cmake.build:Building ROS package in '/home/rahul/ros2_workspace/src/my_robot_description' with build type 'ament_cmake'
[0.367s] INFO:colcon.colcon_cmake.task.cmake.build:Building CMake package in '/home/rahul/ros2_workspace/src/my_robot_description'
[0.370s] INFO:colcon.colcon_core.plugin_system:Skipping extension 'colcon_core.shell.bat': Not used on non-Windows systems
[0.370s] INFO:colcon.colcon_core.shell:Skip shell extension 'powershell' for command environment: Not usable outside of PowerShell
[0.370s] DEBUG:colcon.colcon_core.shell:Skip shell extension 'dsv' for command environment
[0.376s] INFO:colcon.colcon_ros.task.ament_python.build:Building ROS package in '/home/rahul/ros2_workspace/src/my_robot_controller' with build type 'ament_python'
[0.376s] Level 1:colcon.colcon_core.shell:create_environment_hook('my_robot_controller', 'ament_prefix_path')
[0.376s] INFO:colcon.colcon_core.shell:Creating environment hook '/home/rahul/ros2_workspace/install/my_robot_controller/share/my_robot_controller/hook/ament_prefix_path.ps1'
[0.377s] INFO:colcon.colcon_core.shell:Creating environment descriptor '/home/rahul/ros2_workspace/install/my_robot_controller/share/my_robot_controller/hook/ament_prefix_path.dsv'
[0.377s] INFO:colcon.colcon_core.shell:Creating environment hook '/home/rahul/ros2_workspace/install/my_robot_controller/share/my_robot_controller/hook/ament_prefix_path.sh'
[0.378s] INFO:colcon.colcon_core.shell:Skip shell extension 'powershell' for command environment: Not usable outside of PowerShell
[0.378s] DEBUG:colcon.colcon_core.shell:Skip shell extension 'dsv' for command environment
[0.387s] DEBUG:colcon.colcon_core.event_handler.log_command:Invoking command in '/home/rahul/ros2_workspace/build/my_robot_description': CMAKE_PREFIX_PATH=${CMAKE_PREFIX_PATH}:/home/rahul/arduinobot_ws/install/arduinobot_py_examples:/home/rahul/ros2_ws/install/launch_testing_examples:/home/rahul/ros2_ws/install/examples_rclpy_pointcloud_publisher:/home/rahul/ros2_ws/install/examples_rclpy_minimal_subscriber:/home/rahul/ros2_ws/install/examples_rclpy_minimal_service:/home/rahul/ros2_ws/install/examples_rclpy_minimal_publisher:/home/rahul/ros2_ws/install/examples_rclpy_minimal_client:/home/rahul/ros2_ws/install/examples_rclpy_minimal_action_server:/home/rahul/ros2_ws/install/examples_rclpy_minimal_action_client:/home/rahul/ros2_ws/install/examples_rclpy_guard_conditions:/home/rahul/ros2_ws/install/examples_rclpy_executors:/home/rahul/ros2_ws/install/My_package:/home/rahul/colcon_ws/install/ur5_control:/opt/ros/humble /usr/bin/cmake --build /home/rahul/ros2_workspace/build/my_robot_description -- -j16 -l16
[0.615s] INFO:colcon.colcon_core.task.python.build:Building Python package in '/home/rahul/ros2_workspace/src/my_robot_controller'
[0.615s] INFO:colcon.colcon_core.shell:Skip shell extension 'powershell' for command environment: Not usable outside of PowerShell
[0.615s] DEBUG:colcon.colcon_core.shell:Skip shell extension 'dsv' for command environment
[0.622s] DEBUG:colcon.colcon_core.event_handler.log_command:Invoked command in '/home/rahul/ros2_workspace/build/my_robot_description' returned '0': CMAKE_PREFIX_PATH=${CMAKE_PREFIX_PATH}:/home/rahul/arduinobot_ws/install/arduinobot_py_examples:/home/rahul/ros2_ws/install/launch_testing_examples:/home/rahul/ros2_ws/install/examples_rclpy_pointcloud_publisher:/home/rahul/ros2_ws/install/examples_rclpy_minimal_subscriber:/home/rahul/ros2_ws/install/examples_rclpy_minimal_service:/home/rahul/ros2_ws/install/examples_rclpy_minimal_publisher:/home/rahul/ros2_ws/install/examples_rclpy_minimal_client:/home/rahul/ros2_ws/install/examples_rclpy_minimal_action_server:/home/rahul/ros2_ws/install/examples_rclpy_minimal_action_client:/home/rahul/ros2_ws/install/examples_rclpy_guard_conditions:/home/rahul/ros2_ws/install/examples_rclpy_executors:/home/rahul/ros2_ws/install/My_package:/home/rahul/colcon_ws/install/ur5_control:/opt/ros/humble /usr/bin/cmake --build /home/rahul/ros2_workspace/build/my_robot_description -- -j16 -l16
[0.633s] DEBUG:colcon.colcon_core.event_handler.log_command:Invoking command in '/home/rahul/ros2_workspace/build/my_robot_description': CMAKE_PREFIX_PATH=${CMAKE_PREFIX_PATH}:/home/rahul/arduinobot_ws/install/arduinobot_py_examples:/home/rahul/ros2_ws/install/launch_testing_examples:/home/rahul/ros2_ws/install/examples_rclpy_pointcloud_publisher:/home/rahul/ros2_ws/install/examples_rclpy_minimal_subscriber:/home/rahul/ros2_ws/install/examples_rclpy_minimal_service:/home/rahul/ros2_ws/install/examples_rclpy_minimal_publisher:/home/rahul/ros2_ws/install/examples_rclpy_minimal_client:/home/rahul/ros2_ws/install/examples_rclpy_minimal_action_server:/home/rahul/ros2_ws/install/examples_rclpy_minimal_action_client:/home/rahul/ros2_ws/install/examples_rclpy_guard_conditions:/home/rahul/ros2_ws/install/examples_rclpy_executors:/home/rahul/ros2_ws/install/My_package:/home/rahul/colcon_ws/install/ur5_control:/opt/ros/humble /usr/bin/cmake --install /home/rahul/ros2_workspace/build/my_robot_description
[0.655s] Level 1:colcon.colcon_core.environment:create_environment_scripts_only(my_robot_description)
[0.655s] DEBUG:colcon.colcon_core.event_handler.log_command:Invoked command in '/home/rahul/ros2_workspace/build/my_robot_description' returned '0': CMAKE_PREFIX_PATH=${CMAKE_PREFIX_PATH}:/home/rahul/arduinobot_ws/install/arduinobot_py_examples:/home/rahul/ros2_ws/install/launch_testing_examples:/home/rahul/ros2_ws/install/examples_rclpy_pointcloud_publisher:/home/rahul/ros2_ws/install/examples_rclpy_minimal_subscriber:/home/rahul/ros2_ws/install/examples_rclpy_minimal_service:/home/rahul/ros2_ws/install/examples_rclpy_minimal_publisher:/home/rahul/ros2_ws/install/examples_rclpy_minimal_client:/home/rahul/ros2_ws/install/examples_rclpy_minimal_action_server:/home/rahul/ros2_ws/install/examples_rclpy_minimal_action_client:/home/rahul/ros2_ws/install/examples_rclpy_guard_conditions:/home/rahul/ros2_ws/install/examples_rclpy_executors:/home/rahul/ros2_ws/install/My_package:/home/rahul/colcon_ws/install/ur5_control:/opt/ros/humble /usr/bin/cmake --install /home/rahul/ros2_workspace/build/my_robot_description
[0.658s] Level 1:colcon.colcon_core.environment:checking '/home/rahul/ros2_workspace/install/my_robot_description' for CMake module files
[0.658s] Level 1:colcon.colcon_core.environment:checking '/home/rahul/ros2_workspace/install/my_robot_description' for CMake config files
[0.659s] Level 1:colcon.colcon_core.shell:create_environment_hook('my_robot_description', 'cmake_prefix_path')
[0.659s] INFO:colcon.colcon_core.shell:Creating environment hook '/home/rahul/ros2_workspace/install/my_robot_description/share/my_robot_description/hook/cmake_prefix_path.ps1'
[0.659s] INFO:colcon.colcon_core.shell:Creating environment descriptor '/home/rahul/ros2_workspace/install/my_robot_description/share/my_robot_description/hook/cmake_prefix_path.dsv'
[0.659s] INFO:colcon.colcon_core.shell:Creating environment hook '/home/rahul/ros2_workspace/install/my_robot_description/share/my_robot_description/hook/cmake_prefix_path.sh'
[0.660s] Level 1:colcon.colcon_core.environment:checking '/home/rahul/ros2_workspace/install/my_robot_description/bin'
[0.660s] Level 1:colcon.colcon_core.environment:checking '/home/rahul/ros2_workspace/install/my_robot_description/lib/pkgconfig/my_robot_description.pc'
[0.660s] Level 1:colcon.colcon_core.environment:checking '/home/rahul/ros2_workspace/install/my_robot_description/lib/python3.10/site-packages'
[0.660s] Level 1:colcon.colcon_core.environment:checking '/home/rahul/ros2_workspace/install/my_robot_description/bin'
[0.661s] INFO:colcon.colcon_core.shell:Creating package script '/home/rahul/ros2_workspace/install/my_robot_description/share/my_robot_description/package.ps1'
[0.662s] INFO:colcon.colcon_core.shell:Creating package descriptor '/home/rahul/ros2_workspace/install/my_robot_description/share/my_robot_description/package.dsv'
[0.662s] INFO:colcon.colcon_core.shell:Creating package script '/home/rahul/ros2_workspace/install/my_robot_description/share/my_robot_description/package.sh'
[0.663s] INFO:colcon.colcon_core.shell:Creating package script '/home/rahul/ros2_workspace/install/my_robot_description/share/my_robot_description/package.bash'
[0.663s] INFO:colcon.colcon_core.shell:Creating package script '/home/rahul/ros2_workspace/install/my_robot_description/share/my_robot_description/package.zsh'
[0.664s] Level 1:colcon.colcon_core.environment:create_file_with_runtime_dependencies(/home/rahul/ros2_workspace/install/my_robot_description/share/colcon-core/packages/my_robot_description)
[0.664s] Level 1:colcon.colcon_core.environment:create_environment_scripts_only(my_robot_description)
[0.665s] Level 1:colcon.colcon_core.environment:checking '/home/rahul/ros2_workspace/install/my_robot_description' for CMake module files
[0.665s] Level 1:colcon.colcon_core.environment:checking '/home/rahul/ros2_workspace/install/my_robot_description' for CMake config files
[0.665s] Level 1:colcon.colcon_core.shell:create_environment_hook('my_robot_description', 'cmake_prefix_path')
[0.665s] INFO:colcon.colcon_core.shell:Creating environment hook '/home/rahul/ros2_workspace/install/my_robot_description/share/my_robot_description/hook/cmake_prefix_path.ps1'
[0.666s] INFO:colcon.colcon_core.shell:Creating environment descriptor '/home/rahul/ros2_workspace/install/my_robot_description/share/my_robot_description/hook/cmake_prefix_path.dsv'
[0.666s] INFO:colcon.colcon_core.shell:Creating environment hook '/home/rahul/ros2_workspace/install/my_robot_description/share/my_robot_description/hook/cmake_prefix_path.sh'
[0.666s] Level 1:colcon.colcon_core.environment:checking '/home/rahul/ros2_workspace/install/my_robot_description/bin'
[0.666s] Level 1:colcon.colcon_core.environment:checking '/home/rahul/ros2_workspace/install/my_robot_description/lib/pkgconfig/my_robot_description.pc'
[0.667s] Level 1:colcon.colcon_core.environment:checking '/home/rahul/ros2_workspace/install/my_robot_description/lib/python3.10/site-packages'
[0.667s] Level 1:colcon.colcon_core.environment:checking '/home/rahul/ros2_workspace/install/my_robot_description/bin'
[0.667s] INFO:colcon.colcon_core.shell:Creating package script '/home/rahul/ros2_workspace/install/my_robot_description/share/my_robot_description/package.ps1'
[0.668s] INFO:colcon.colcon_core.shell:Creating package descriptor '/home/rahul/ros2_workspace/install/my_robot_description/share/my_robot_description/package.dsv'
[0.668s] INFO:colcon.colcon_core.shell:Creating package script '/home/rahul/ros2_workspace/install/my_robot_description/share/my_robot_description/package.sh'
[0.668s] INFO:colcon.colcon_core.shell:Creating package script '/home/rahul/ros2_workspace/install/my_robot_description/share/my_robot_description/package.bash'
[0.669s] INFO:colcon.colcon_core.shell:Creating package script '/home/rahul/ros2_workspace/install/my_robot_description/share/my_robot_description/package.zsh'
[0.669s] Level 1:colcon.colcon_core.environment:create_file_with_runtime_dependencies(/home/rahul/ros2_workspace/install/my_robot_description/share/colcon-core/packages/my_robot_description)
[0.669s] INFO:colcon.colcon_ros.task.ament_cmake.build:Building ROS package in '/home/rahul/ros2_workspace/src/my_robot_bringup' with build type 'ament_cmake'
[0.669s] INFO:colcon.colcon_cmake.task.cmake.build:Building CMake package in '/home/rahul/ros2_workspace/src/my_robot_bringup'
[0.669s] INFO:colcon.colcon_core.shell:Skip shell extension 'powershell' for command environment: Not usable outside of PowerShell
[0.670s] DEBUG:colcon.colcon_core.shell:Skip shell extension 'dsv' for command environment
[0.681s] DEBUG:colcon.colcon_core.event_handler.log_command:Invoking command in '/home/rahul/ros2_workspace/build/my_robot_bringup': AMENT_PREFIX_PATH=/home/rahul/ros2_workspace/install/my_robot_description:${AMENT_PREFIX_PATH} CMAKE_PREFIX_PATH=/home/rahul/ros2_workspace/install/my_robot_description:/home/rahul/arduinobot_ws/install/arduinobot_description:/home/rahul/ros2_ws/install/examples_rclcpp_wait_set:/home/rahul/ros2_ws/install/examples_rclcpp_multithreaded_executor:/home/rahul/ros2_ws/install/examples_rclcpp_minimal_timer:/home/rahul/ros2_ws/install/examples_rclcpp_minimal_subscriber:/home/rahul/ros2_ws/install/examples_rclcpp_minimal_service:/home/rahul/ros2_ws/install/examples_rclcpp_minimal_publisher:/home/rahul/ros2_ws/install/examples_rclcpp_minimal_composition:/home/rahul/ros2_ws/install/examples_rclcpp_minimal_client:/home/rahul/ros2_ws/install/examples_rclcpp_minimal_action_server:/home/rahul/ros2_ws/install/examples_rclcpp_minimal_action_client:/home/rahul/ros2_ws/install/examples_rclcpp_cbg_executor:/home/rahul/ros2_ws/install/examples_rclcpp_async_client:/home/rahul/colcon_ws/install/ur_simulation_gazebo:/home/rahul/colcon_ws/install/ur_moveit_config:/home/rahul/colcon_ws/install/ur_description:/home/rahul/colcon_ws/install/servo_msgs:/home/rahul/colcon_ws/install/realsense_gazebo_plugin:/home/rahul/colcon_ws/install/pymoveit2:/home/rahul/colcon_ws/install/ebot_description:/home/rahul/colcon_ws/install/payload_service:/home/rahul/colcon_ws/install/linkattacher_msgs:/home/rahul/colcon_ws/install/eyantra_warehouse:/home/rahul/colcon_ws/install/ebot_nav2:/home/rahul/colcon_ws/install/ebot_docking:/home/rahul/arduinobot_ws/install/arduinobot_py_examples:/home/rahul/ros2_ws/install/launch_testing_examples:/home/rahul/ros2_ws/install/examples_rclpy_pointcloud_publisher:/home/rahul/ros2_ws/install/examples_rclpy_minimal_subscriber:/home/rahul/ros2_ws/install/examples_rclpy_minimal_service:/home/rahul/ros2_ws/install/examples_rclpy_minimal_publisher:/home/rahul/ros2_ws/install/examples_rclpy_minimal_client:/home/rahul/ros2_ws/install/examples_rclpy_minimal_action_server:/home/rahul/ros2_ws/install/examples_rclpy_minimal_action_client:/home/rahul/ros2_ws/install/examples_rclpy_guard_conditions:/home/rahul/ros2_ws/install/examples_rclpy_executors:/home/rahul/ros2_ws/install/My_package:/home/rahul/colcon_ws/install/ur5_control:/opt/ros/humble /usr/bin/cmake --build /home/rahul/ros2_workspace/build/my_robot_bringup -- -j16 -l16
[0.723s] DEBUG:colcon.colcon_core.event_handler.log_command:Invoked command in '/home/rahul/ros2_workspace/build/my_robot_bringup' returned '0': AMENT_PREFIX_PATH=/home/rahul/ros2_workspace/install/my_robot_description:${AMENT_PREFIX_PATH} CMAKE_PREFIX_PATH=/home/rahul/ros2_workspace/install/my_robot_description:/home/rahul/arduinobot_ws/install/arduinobot_description:/home/rahul/ros2_ws/install/examples_rclcpp_wait_set:/home/rahul/ros2_ws/install/examples_rclcpp_multithreaded_executor:/home/rahul/ros2_ws/install/examples_rclcpp_minimal_timer:/home/rahul/ros2_ws/install/examples_rclcpp_minimal_subscriber:/home/rahul/ros2_ws/install/examples_rclcpp_minimal_service:/home/rahul/ros2_ws/install/examples_rclcpp_minimal_publisher:/home/rahul/ros2_ws/install/examples_rclcpp_minimal_composition:/home/rahul/ros2_ws/install/examples_rclcpp_minimal_client:/home/rahul/ros2_ws/install/examples_rclcpp_minimal_action_server:/home/rahul/ros2_ws/install/examples_rclcpp_minimal_action_client:/home/rahul/ros2_ws/install/examples_rclcpp_cbg_executor:/home/rahul/ros2_ws/install/examples_rclcpp_async_client:/home/rahul/colcon_ws/install/ur_simulation_gazebo:/home/rahul/colcon_ws/install/ur_moveit_config:/home/rahul/colcon_ws/install/ur_description:/home/rahul/colcon_ws/install/servo_msgs:/home/rahul/colcon_ws/install/realsense_gazebo_plugin:/home/rahul/colcon_ws/install/pymoveit2:/home/rahul/colcon_ws/install/ebot_description:/home/rahul/colcon_ws/install/payload_service:/home/rahul/colcon_ws/install/linkattacher_msgs:/home/rahul/colcon_ws/install/eyantra_warehouse:/home/rahul/colcon_ws/install/ebot_nav2:/home/rahul/colcon_ws/install/ebot_docking:/home/rahul/arduinobot_ws/install/arduinobot_py_examples:/home/rahul/ros2_ws/install/launch_testing_examples:/home/rahul/ros2_ws/install/examples_rclpy_pointcloud_publisher:/home/rahul/ros2_ws/install/examples_rclpy_minimal_subscriber:/home/rahul/ros2_ws/install/examples_rclpy_minimal_service:/home/rahul/ros2_ws/install/examples_rclpy_minimal_publisher:/home/rahul/ros2_ws/install/examples_rclpy_minimal_client:/home/rahul/ros2_ws/install/examples_rclpy_minimal_action_server:/home/rahul/ros2_ws/install/examples_rclpy_minimal_action_client:/home/rahul/ros2_ws/install/examples_rclpy_guard_conditions:/home/rahul/ros2_ws/install/examples_rclpy_executors:/home/rahul/ros2_ws/install/My_package:/home/rahul/colcon_ws/install/ur5_control:/opt/ros/humble /usr/bin/cmake --build /home/rahul/ros2_workspace/build/my_robot_bringup -- -j16 -l16
[0.725s] DEBUG:colcon.colcon_core.event_handler.log_command:Invoking command in '/home/rahul/ros2_workspace/build/my_robot_bringup': AMENT_PREFIX_PATH=/home/rahul/ros2_workspace/install/my_robot_description:${AMENT_PREFIX_PATH} CMAKE_PREFIX_PATH=/home/rahul/ros2_workspace/install/my_robot_description:/home/rahul/arduinobot_ws/install/arduinobot_description:/home/rahul/ros2_ws/install/examples_rclcpp_wait_set:/home/rahul/ros2_ws/install/examples_rclcpp_multithreaded_executor:/home/rahul/ros2_ws/install/examples_rclcpp_minimal_timer:/home/rahul/ros2_ws/install/examples_rclcpp_minimal_subscriber:/home/rahul/ros2_ws/install/examples_rclcpp_minimal_service:/home/rahul/ros2_ws/install/examples_rclcpp_minimal_publisher:/home/rahul/ros2_ws/install/examples_rclcpp_minimal_composition:/home/rahul/ros2_ws/install/examples_rclcpp_minimal_client:/home/rahul/ros2_ws/install/examples_rclcpp_minimal_action_server:/home/rahul/ros2_ws/install/examples_rclcpp_minimal_action_client:/home/rahul/ros2_ws/install/examples_rclcpp_cbg_executor:/home/rahul/ros2_ws/install/examples_rclcpp_async_client:/home/rahul/colcon_ws/install/ur_simulation_gazebo:/home/rahul/colcon_ws/install/ur_moveit_config:/home/rahul/colcon_ws/install/ur_description:/home/rahul/colcon_ws/install/servo_msgs:/home/rahul/colcon_ws/install/realsense_gazebo_plugin:/home/rahul/colcon_ws/install/pymoveit2:/home/rahul/colcon_ws/install/ebot_description:/home/rahul/colcon_ws/install/payload_service:/home/rahul/colcon_ws/install/linkattacher_msgs:/home/rahul/colcon_ws/install/eyantra_warehouse:/home/rahul/colcon_ws/install/ebot_nav2:/home/rahul/colcon_ws/install/ebot_docking:/home/rahul/arduinobot_ws/install/arduinobot_py_examples:/home/rahul/ros2_ws/install/launch_testing_examples:/home/rahul/ros2_ws/install/examples_rclpy_pointcloud_publisher:/home/rahul/ros2_ws/install/examples_rclpy_minimal_subscriber:/home/rahul/ros2_ws/install/examples_rclpy_minimal_service:/home/rahul/ros2_ws/install/examples_rclpy_minimal_publisher:/home/rahul/ros2_ws/install/examples_rclpy_minimal_client:/home/rahul/ros2_ws/install/examples_rclpy_minimal_action_server:/home/rahul/ros2_ws/install/examples_rclpy_minimal_action_client:/home/rahul/ros2_ws/install/examples_rclpy_guard_conditions:/home/rahul/ros2_ws/install/examples_rclpy_executors:/home/rahul/ros2_ws/install/My_package:/home/rahul/colcon_ws/install/ur5_control:/opt/ros/humble /usr/bin/cmake --install /home/rahul/ros2_workspace/build/my_robot_bringup
[0.748s] Level 1:colcon.colcon_core.environment:create_environment_scripts_only(my_robot_bringup)
[0.748s] Level 1:colcon.colcon_core.environment:checking '/home/rahul/ros2_workspace/install/my_robot_bringup' for CMake module files
[0.748s] DEBUG:colcon.colcon_core.event_handler.log_command:Invoked command in '/home/rahul/ros2_workspace/build/my_robot_bringup' returned '0': AMENT_PREFIX_PATH=/home/rahul/ros2_workspace/install/my_robot_description:${AMENT_PREFIX_PATH} CMAKE_PREFIX_PATH=/home/rahul/ros2_workspace/install/my_robot_description:/home/rahul/arduinobot_ws/install/arduinobot_description:/home/rahul/ros2_ws/install/examples_rclcpp_wait_set:/home/rahul/ros2_ws/install/examples_rclcpp_multithreaded_executor:/home/rahul/ros2_ws/install/examples_rclcpp_minimal_timer:/home/rahul/ros2_ws/install/examples_rclcpp_minimal_subscriber:/home/rahul/ros2_ws/install/examples_rclcpp_minimal_service:/home/rahul/ros2_ws/install/examples_rclcpp_minimal_publisher:/home/rahul/ros2_ws/install/examples_rclcpp_minimal_composition:/home/rahul/ros2_ws/install/examples_rclcpp_minimal_client:/home/rahul/ros2_ws/install/examples_rclcpp_minimal_action_server:/home/rahul/ros2_ws/install/examples_rclcpp_minimal_action_client:/home/rahul/ros2_ws/install/examples_rclcpp_cbg_executor:/home/rahul/ros2_ws/install/examples_rclcpp_async_client:/home/rahul/colcon_ws/install/ur_simulation_gazebo:/home/rahul/colcon_ws/install/ur_moveit_config:/home/rahul/colcon_ws/install/ur_description:/home/rahul/colcon_ws/install/servo_msgs:/home/rahul/colcon_ws/install/realsense_gazebo_plugin:/home/rahul/colcon_ws/install/pymoveit2:/home/rahul/colcon_ws/install/ebot_description:/home/rahul/colcon_ws/install/payload_service:/home/rahul/colcon_ws/install/linkattacher_msgs:/home/rahul/colcon_ws/install/eyantra_warehouse:/home/rahul/colcon_ws/install/ebot_nav2:/home/rahul/colcon_ws/install/ebot_docking:/home/rahul/arduinobot_ws/install/arduinobot_py_examples:/home/rahul/ros2_ws/install/launch_testing_examples:/home/rahul/ros2_ws/install/examples_rclpy_pointcloud_publisher:/home/rahul/ros2_ws/install/examples_rclpy_minimal_subscriber:/home/rahul/ros2_ws/install/examples_rclpy_minimal_service:/home/rahul/ros2_ws/install/examples_rclpy_minimal_publisher:/home/rahul/ros2_ws/install/examples_rclpy_minimal_client:/home/rahul/ros2_ws/install/examples_rclpy_minimal_action_server:/home/rahul/ros2_ws/install/examples_rclpy_minimal_action_client:/home/rahul/ros2_ws/install/examples_rclpy_guard_conditions:/home/rahul/ros2_ws/install/examples_rclpy_executors:/home/rahul/ros2_ws/install/My_package:/home/rahul/colcon_ws/install/ur5_control:/opt/ros/humble /usr/bin/cmake --install /home/rahul/ros2_workspace/build/my_robot_bringup
[0.749s] Level 1:colcon.colcon_core.environment:checking '/home/rahul/ros2_workspace/install/my_robot_bringup' for CMake config files
[0.749s] Level 1:colcon.colcon_core.shell:create_environment_hook('my_robot_bringup', 'cmake_prefix_path')
[0.749s] INFO:colcon.colcon_core.shell:Creating environment hook '/home/rahul/ros2_workspace/install/my_robot_bringup/share/my_robot_bringup/hook/cmake_prefix_path.ps1'
[0.750s] INFO:colcon.colcon_core.shell:Creating environment descriptor '/home/rahul/ros2_workspace/install/my_robot_bringup/share/my_robot_bringup/hook/cmake_prefix_path.dsv'
[0.750s] INFO:colcon.colcon_core.shell:Creating environment hook '/home/rahul/ros2_workspace/install/my_robot_bringup/share/my_robot_bringup/hook/cmake_prefix_path.sh'
[0.750s] Level 1:colcon.colcon_core.environment:checking '/home/rahul/ros2_workspace/install/my_robot_bringup/bin'
[0.750s] Level 1:colcon.colcon_core.environment:checking '/home/rahul/ros2_workspace/install/my_robot_bringup/lib/pkgconfig/my_robot_bringup.pc'
[0.750s] Level 1:colcon.colcon_core.environment:checking '/home/rahul/ros2_workspace/install/my_robot_bringup/lib/python3.10/site-packages'
[0.751s] Level 1:colcon.colcon_core.environment:checking '/home/rahul/ros2_workspace/install/my_robot_bringup/bin'
[0.751s] INFO:colcon.colcon_core.shell:Creating package script '/home/rahul/ros2_workspace/install/my_robot_bringup/share/my_robot_bringup/package.ps1'
[0.751s] INFO:colcon.colcon_core.shell:Creating package descriptor '/home/rahul/ros2_workspace/install/my_robot_bringup/share/my_robot_bringup/package.dsv'
[0.752s] INFO:colcon.colcon_core.shell:Creating package script '/home/rahul/ros2_workspace/install/my_robot_bringup/share/my_robot_bringup/package.sh'
[0.752s] INFO:colcon.colcon_core.shell:Creating package script '/home/rahul/ros2_workspace/install/my_robot_bringup/share/my_robot_bringup/package.bash'
[0.752s] INFO:colcon.colcon_core.shell:Creating package script '/home/rahul/ros2_workspace/install/my_robot_bringup/share/my_robot_bringup/package.zsh'
[0.752s] Level 1:colcon.colcon_core.environment:create_file_with_runtime_dependencies(/home/rahul/ros2_workspace/install/my_robot_bringup/share/colcon-core/packages/my_robot_bringup)
[0.753s] Level 1:colcon.colcon_core.environment:create_environment_scripts_only(my_robot_bringup)
[0.753s] Level 1:colcon.colcon_core.environment:checking '/home/rahul/ros2_workspace/install/my_robot_bringup' for CMake module files
[0.753s] Level 1:colcon.colcon_core.environment:checking '/home/rahul/ros2_workspace/install/my_robot_bringup' for CMake config files
[0.754s] Level 1:colcon.colcon_core.shell:create_environment_hook('my_robot_bringup', 'cmake_prefix_path')
[0.754s] INFO:colcon.colcon_core.shell:Creating environment hook '/home/rahul/ros2_workspace/install/my_robot_bringup/share/my_robot_bringup/hook/cmake_prefix_path.ps1'
[0.754s] INFO:colcon.colcon_core.shell:Creating environment descriptor '/home/rahul/ros2_workspace/install/my_robot_bringup/share/my_robot_bringup/hook/cmake_prefix_path.dsv'
[0.754s] INFO:colcon.colcon_core.shell:Creating environment hook '/home/rahul/ros2_workspace/install/my_robot_bringup/share/my_robot_bringup/hook/cmake_prefix_path.sh'
[0.755s] Level 1:colcon.colcon_core.environment:checking '/home/rahul/ros2_workspace/install/my_robot_bringup/bin'
[0.755s] Level 1:colcon.colcon_core.environment:checking '/home/rahul/ros2_workspace/install/my_robot_bringup/lib/pkgconfig/my_robot_bringup.pc'
[0.755s] Level 1:colcon.colcon_core.environment:checking '/home/rahul/ros2_workspace/install/my_robot_bringup/lib/python3.10/site-packages'
[0.755s] Level 1:colcon.colcon_core.environment:checking '/home/rahul/ros2_workspace/install/my_robot_bringup/bin'
[0.755s] INFO:colcon.colcon_core.shell:Creating package script '/home/rahul/ros2_workspace/install/my_robot_bringup/share/my_robot_bringup/package.ps1'
[0.756s] INFO:colcon.colcon_core.shell:Creating package descriptor '/home/rahul/ros2_workspace/install/my_robot_bringup/share/my_robot_bringup/package.dsv'
[0.756s] INFO:colcon.colcon_core.shell:Creating package script '/home/rahul/ros2_workspace/install/my_robot_bringup/share/my_robot_bringup/package.sh'
[0.757s] INFO:colcon.colcon_core.shell:Creating package script '/home/rahul/ros2_workspace/install/my_robot_bringup/share/my_robot_bringup/package.bash'
[0.757s] INFO:colcon.colcon_core.shell:Creating package script '/home/rahul/ros2_workspace/install/my_robot_bringup/share/my_robot_bringup/package.zsh'
[0.757s] Level 1:colcon.colcon_core.environment:create_file_with_runtime_dependencies(/home/rahul/ros2_workspace/install/my_robot_bringup/share/colcon-core/packages/my_robot_bringup)
[1.002s] DEBUG:colcon.colcon_core.event_handler.log_command:Invoking command in '/home/rahul/ros2_workspace/build/my_robot_controller': PYTHONPATH=/home/rahul/ros2_workspace/build/my_robot_controller/prefix_override:/usr/lib/python3/dist-packages/colcon_core/task/python/colcon_distutils_commands:/home/rahul/ros2_workspace/install/my_robot_controller/lib/python3.10/site-packages:${PYTHONPATH} /usr/bin/python3 -W ignore:setup.py install is deprecated -W ignore:easy_install command is deprecated setup.py develop --editable --build-directory /home/rahul/ros2_workspace/build/my_robot_controller/build --no-deps symlink_data
[1.419s] Level 1:colcon.colcon_core.shell:create_environment_hook('my_robot_controller', 'pythonpath_develop')
[1.420s] INFO:colcon.colcon_core.shell:Creating environment hook '/home/rahul/ros2_workspace/build/my_robot_controller/share/my_robot_controller/hook/pythonpath_develop.ps1'
[1.420s] DEBUG:colcon.colcon_core.event_handler.log_command:Invoked command in '/home/rahul/ros2_workspace/build/my_robot_controller' returned '0': PYTHONPATH=/home/rahul/ros2_workspace/build/my_robot_controller/prefix_override:/usr/lib/python3/dist-packages/colcon_core/task/python/colcon_distutils_commands:/home/rahul/ros2_workspace/install/my_robot_controller/lib/python3.10/site-packages:${PYTHONPATH} /usr/bin/python3 -W ignore:setup.py install is deprecated -W ignore:easy_install command is deprecated setup.py develop --editable --build-directory /home/rahul/ros2_workspace/build/my_robot_controller/build --no-deps symlink_data
[1.421s] INFO:colcon.colcon_core.shell:Creating environment descriptor '/home/rahul/ros2_workspace/build/my_robot_controller/share/my_robot_controller/hook/pythonpath_develop.dsv'
[1.421s] INFO:colcon.colcon_core.shell:Creating environment hook '/home/rahul/ros2_workspace/build/my_robot_controller/share/my_robot_controller/hook/pythonpath_develop.sh'
[1.422s] Level 1:colcon.colcon_core.environment:checking '/home/rahul/ros2_workspace/install/my_robot_controller' for CMake module files
[1.422s] Level 1:colcon.colcon_core.environment:checking '/home/rahul/ros2_workspace/install/my_robot_controller' for CMake config files
[1.422s] Level 1:colcon.colcon_core.environment:checking '/home/rahul/ros2_workspace/install/my_robot_controller/lib'
[1.423s] Level 1:colcon.colcon_core.environment:checking '/home/rahul/ros2_workspace/install/my_robot_controller/bin'
[1.423s] Level 1:colcon.colcon_core.environment:checking '/home/rahul/ros2_workspace/install/my_robot_controller/lib/pkgconfig/my_robot_controller.pc'
[1.423s] Level 1:colcon.colcon_core.environment:checking '/home/rahul/ros2_workspace/install/my_robot_controller/lib/python3.10/site-packages'
[1.423s] Level 1:colcon.colcon_core.shell:create_environment_hook('my_robot_controller', 'pythonpath')
[1.423s] INFO:colcon.colcon_core.shell:Creating environment hook '/home/rahul/ros2_workspace/install/my_robot_controller/share/my_robot_controller/hook/pythonpath.ps1'
[1.423s] INFO:colcon.colcon_core.shell:Creating environment descriptor '/home/rahul/ros2_workspace/install/my_robot_controller/share/my_robot_controller/hook/pythonpath.dsv'
[1.424s] INFO:colcon.colcon_core.shell:Creating environment hook '/home/rahul/ros2_workspace/install/my_robot_controller/share/my_robot_controller/hook/pythonpath.sh'
[1.424s] Level 1:colcon.colcon_core.environment:checking '/home/rahul/ros2_workspace/install/my_robot_controller/bin'
[1.424s] Level 1:colcon.colcon_core.environment:create_environment_scripts_only(my_robot_controller)
[1.424s] INFO:colcon.colcon_core.shell:Creating package script '/home/rahul/ros2_workspace/install/my_robot_controller/share/my_robot_controller/package.ps1'
[1.425s] INFO:colcon.colcon_core.shell:Creating package descriptor '/home/rahul/ros2_workspace/install/my_robot_controller/share/my_robot_controller/package.dsv'
[1.425s] INFO:colcon.colcon_core.shell:Creating package script '/home/rahul/ros2_workspace/install/my_robot_controller/share/my_robot_controller/package.sh'
[1.426s] INFO:colcon.colcon_core.shell:Creating package script '/home/rahul/ros2_workspace/install/my_robot_controller/share/my_robot_controller/package.bash'
[1.426s] INFO:colcon.colcon_core.shell:Creating package script '/home/rahul/ros2_workspace/install/my_robot_controller/share/my_robot_controller/package.zsh'
[1.426s] Level 1:colcon.colcon_core.environment:create_file_with_runtime_dependencies(/home/rahul/ros2_workspace/install/my_robot_controller/share/colcon-core/packages/my_robot_controller)
[1.426s] DEBUG:colcon.colcon_parallel_executor.executor.parallel:closing loop
[1.427s] DEBUG:colcon.colcon_parallel_executor.executor.parallel:loop closed
[1.427s] DEBUG:colcon.colcon_parallel_executor.executor.parallel:run_until_complete finished with '0'
[1.427s] DEBUG:colcon.colcon_core.event_reactor:joining thread
[1.432s] INFO:colcon.colcon_core.plugin_system:Skipping extension 'colcon_notification.desktop_notification.terminal_notifier': Not used on non-Darwin systems
[1.432s] INFO:colcon.colcon_core.plugin_system:Skipping extension 'colcon_notification.desktop_notification.win32': Not used on non-Windows systems
[1.432s] INFO:colcon.colcon_notification.desktop_notification:Sending desktop notification using 'notify2'
[1.447s] DEBUG:colcon.colcon_core.event_reactor:joined thread
[1.448s] INFO:colcon.colcon_core.shell:Creating prefix script '/home/rahul/ros2_workspace/install/local_setup.ps1'
[1.449s] INFO:colcon.colcon_core.shell:Creating prefix util module '/home/rahul/ros2_workspace/install/_local_setup_util_ps1.py'
[1.450s] INFO:colcon.colcon_core.shell:Creating prefix chain script '/home/rahul/ros2_workspace/install/setup.ps1'
[1.453s] INFO:colcon.colcon_core.shell:Creating prefix script '/home/rahul/ros2_workspace/install/local_setup.sh'
[1.453s] INFO:colcon.colcon_core.shell:Creating prefix util module '/home/rahul/ros2_workspace/install/_local_setup_util_sh.py'
[1.454s] INFO:colcon.colcon_core.shell:Creating prefix chain script '/home/rahul/ros2_workspace/install/setup.sh'
[1.457s] INFO:colcon.colcon_core.shell:Creating prefix script '/home/rahul/ros2_workspace/install/local_setup.bash'
[1.457s] INFO:colcon.colcon_core.shell:Creating prefix chain script '/home/rahul/ros2_workspace/install/setup.bash'
[1.459s] INFO:colcon.colcon_core.shell:Creating prefix script '/home/rahul/ros2_workspace/install/local_setup.zsh'
[1.460s] INFO:colcon.colcon_core.shell:Creating prefix chain script '/home/rahul/ros2_workspace/install/setup.zsh'
