[0.659s] Invoking command in '/home/rahul/ros2_workspace/src/my_robot_controller': PYTHONPATH=/home/rahul/ros2_workspace/build/my_robot_controller/prefix_override:/usr/lib/python3/dist-packages/colcon_core/task/python/colcon_distutils_commands:/home/rahul/ros2_workspace/install/my_robot_controller/lib/python3.10/site-packages:${PYTHONPATH} /usr/bin/python3 -W ignore:setup.py install is deprecated -W ignore:easy_install command is deprecated setup.py egg_info --egg-base ../../build/my_robot_controller build --build-base /home/rahul/ros2_workspace/build/my_robot_controller/build install --record /home/rahul/ros2_workspace/build/my_robot_controller/install.log --single-version-externally-managed install_data
[0.872s] running egg_info
[0.872s] creating ../../build/my_robot_controller/my_robot_controller.egg-info
[0.873s] writing ../../build/my_robot_controller/my_robot_controller.egg-info/PKG-INFO
[0.873s] writing dependency_links to ../../build/my_robot_controller/my_robot_controller.egg-info/dependency_links.txt
[0.873s] writing entry points to ../../build/my_robot_controller/my_robot_controller.egg-info/entry_points.txt
[0.873s] writing requirements to ../../build/my_robot_controller/my_robot_controller.egg-info/requires.txt
[0.873s] writing top-level names to ../../build/my_robot_controller/my_robot_controller.egg-info/top_level.txt
[0.873s] writing manifest file '../../build/my_robot_controller/my_robot_controller.egg-info/SOURCES.txt'
[0.874s] reading manifest file '../../build/my_robot_controller/my_robot_controller.egg-info/SOURCES.txt'
[0.875s] writing manifest file '../../build/my_robot_controller/my_robot_controller.egg-info/SOURCES.txt'
[0.875s] running build
[0.875s] running build_py
[0.875s] creating /home/rahul/ros2_workspace/build/my_robot_controller/build
[0.875s] creating /home/rahul/ros2_workspace/build/my_robot_controller/build/lib
[0.875s] creating /home/rahul/ros2_workspace/build/my_robot_controller/build/lib/my_robot_controller
[0.875s] copying my_robot_controller/__init__.py -> /home/rahul/ros2_workspace/build/my_robot_controller/build/lib/my_robot_controller
[0.875s] copying my_robot_controller/move_robot.py -> /home/rahul/ros2_workspace/build/my_robot_controller/build/lib/my_robot_controller
[0.875s] running install
[0.875s] running install_lib
[0.876s] creating /home/rahul/ros2_workspace/install/my_robot_controller/lib/python3.10/site-packages/my_robot_controller
[0.876s] copying /home/rahul/ros2_workspace/build/my_robot_controller/build/lib/my_robot_controller/__init__.py -> /home/rahul/ros2_workspace/install/my_robot_controller/lib/python3.10/site-packages/my_robot_controller
[0.876s] copying /home/rahul/ros2_workspace/build/my_robot_controller/build/lib/my_robot_controller/move_robot.py -> /home/rahul/ros2_workspace/install/my_robot_controller/lib/python3.10/site-packages/my_robot_controller
[0.877s] byte-compiling /home/rahul/ros2_workspace/install/my_robot_controller/lib/python3.10/site-packages/my_robot_controller/__init__.py to __init__.cpython-310.pyc
[0.877s] byte-compiling /home/rahul/ros2_workspace/install/my_robot_controller/lib/python3.10/site-packages/my_robot_controller/move_robot.py to move_robot.cpython-310.pyc
[0.877s] running install_data
[0.877s] creating /home/rahul/ros2_workspace/install/my_robot_controller/share/ament_index
[0.877s] creating /home/rahul/ros2_workspace/install/my_robot_controller/share/ament_index/resource_index
[0.877s] creating /home/rahul/ros2_workspace/install/my_robot_controller/share/ament_index/resource_index/packages
[0.878s] copying resource/my_robot_controller -> /home/rahul/ros2_workspace/install/my_robot_controller/share/ament_index/resource_index/packages
[0.878s] copying package.xml -> /home/rahul/ros2_workspace/install/my_robot_controller/share/my_robot_controller
[0.878s] running install_egg_info
[0.879s] Copying ../../build/my_robot_controller/my_robot_controller.egg-info to /home/rahul/ros2_workspace/install/my_robot_controller/lib/python3.10/site-packages/my_robot_controller-0.0.0-py3.10.egg-info
[0.880s] running install_scripts
[0.897s] Installing move_robot script to /home/rahul/ros2_workspace/install/my_robot_controller/lib/my_robot_controller
[0.897s] writing list of installed files to '/home/rahul/ros2_workspace/build/my_robot_controller/install.log'
[0.917s] Invoked command in '/home/rahul/ros2_workspace/src/my_robot_controller' returned '0': PYTHONPATH=/home/rahul/ros2_workspace/build/my_robot_controller/prefix_override:/usr/lib/python3/dist-packages/colcon_core/task/python/colcon_distutils_commands:/home/rahul/ros2_workspace/install/my_robot_controller/lib/python3.10/site-packages:${PYTHONPATH} /usr/bin/python3 -W ignore:setup.py install is deprecated -W ignore:easy_install command is deprecated setup.py egg_info --egg-base ../../build/my_robot_controller build --build-base /home/rahul/ros2_workspace/build/my_robot_controller/build install --record /home/rahul/ros2_workspace/build/my_robot_controller/install.log --single-version-externally-managed install_data
