[0.083s] DEBUG:colcon:Command line arguments: ['/usr/bin/colcon', 'build', '--symlink-install']
[0.083s] DEBUG:colcon:Parsed command line arguments: Namespace(log_base=None, log_level=None, verb_name='build', build_base='build', install_base='install', merge_install=False, symlink_install=True, test_result_base=None, continue_on_error=False, executor='parallel', parallel_workers=16, event_handlers=None, ignore_user_meta=False, metas=['./colcon.meta'], base_paths=['.'], packages_ignore=None, packages_ignore_regex=None, paths=None, packages_up_to=None, packages_up_to_regex=None, packages_above=None, packages_above_and_dependencies=None, packages_above_depth=None, packages_select_by_dep=None, packages_skip_by_dep=None, packages_skip_up_to=None, packages_select_build_failed=False, packages_skip_build_finished=False, packages_select_test_failures=False, packages_skip_test_passed=False, packages_select=None, packages_skip=None, packages_select_regex=None, packages_skip_regex=None, packages_start=None, packages_end=None, allow_overriding=[], cmake_args=None, cmake_target=None, cmake_target_skip_unavailable=False, cmake_clean_cache=False, cmake_clean_first=False, cmake_force_configure=False, ament_cmake_args=None, catkin_cmake_args=None, catkin_skip_building_tests=False, verb_parser=<colcon_defaults.argument_parser.defaults.DefaultArgumentsDecorator object at 0x7c4332767d00>, verb_extension=<colcon_core.verb.build.BuildVerb object at 0x7c43328a11b0>, main=<bound method BuildVerb.main of <colcon_core.verb.build.BuildVerb object at 0x7c43328a11b0>>)
[0.226s] Level 1:colcon.colcon_core.package_discovery:discover_packages(colcon_meta) check parameters
[0.226s] Level 1:colcon.colcon_core.package_discovery:discover_packages(recursive) check parameters
[0.226s] Level 1:colcon.colcon_core.package_discovery:discover_packages(ignore) check parameters
[0.226s] Level 1:colcon.colcon_core.package_discovery:discover_packages(path) check parameters
[0.226s] Level 1:colcon.colcon_core.package_discovery:discover_packages(colcon_meta) discover
[0.227s] Level 1:colcon.colcon_core.package_discovery:discover_packages(recursive) discover
[0.227s] INFO:colcon.colcon_core.package_discovery:Crawling recursively for packages in '/home/rahul/ros2_workspace'
[0.227s] Level 1:colcon.colcon_core.package_identification:_identify(.) by extensions ['ignore', 'ignore_ament_install']
[0.227s] Level 1:colcon.colcon_core.package_identification:_identify(.) by extension 'ignore'
[0.227s] Level 1:colcon.colcon_core.package_identification:_identify(.) by extension 'ignore_ament_install'
[0.227s] Level 1:colcon.colcon_core.package_identification:_identify(.) by extensions ['colcon_pkg']
[0.227s] Level 1:colcon.colcon_core.package_identification:_identify(.) by extension 'colcon_pkg'
[0.227s] Level 1:colcon.colcon_core.package_identification:_identify(.) by extensions ['colcon_meta']
[0.227s] Level 1:colcon.colcon_core.package_identification:_identify(.) by extension 'colcon_meta'
[0.227s] Level 1:colcon.colcon_core.package_identification:_identify(.) by extensions ['ros']
[0.227s] Level 1:colcon.colcon_core.package_identification:_identify(.) by extension 'ros'
[0.242s] Level 1:colcon.colcon_core.package_identification:_identify(.) by extensions ['cmake', 'python']
[0.242s] Level 1:colcon.colcon_core.package_identification:_identify(.) by extension 'cmake'
[0.242s] Level 1:colcon.colcon_core.package_identification:_identify(.) by extension 'python'
[0.242s] Level 1:colcon.colcon_core.package_identification:_identify(.) by extensions ['python_setup_py']
[0.242s] Level 1:colcon.colcon_core.package_identification:_identify(.) by extension 'python_setup_py'
[0.242s] Level 1:colcon.colcon_core.package_identification:_identify(build) by extensions ['ignore', 'ignore_ament_install']
[0.242s] Level 1:colcon.colcon_core.package_identification:_identify(build) by extension 'ignore'
[0.242s] Level 1:colcon.colcon_core.package_identification:_identify(build) ignored
[0.242s] Level 1:colcon.colcon_core.package_identification:_identify(install) by extensions ['ignore', 'ignore_ament_install']
[0.242s] Level 1:colcon.colcon_core.package_identification:_identify(install) by extension 'ignore'
[0.242s] Level 1:colcon.colcon_core.package_identification:_identify(install) ignored
[0.242s] Level 1:colcon.colcon_core.package_identification:_identify(log) by extensions ['ignore', 'ignore_ament_install']
[0.242s] Level 1:colcon.colcon_core.package_identification:_identify(log) by extension 'ignore'
[0.242s] Level 1:colcon.colcon_core.package_identification:_identify(log) ignored
[0.243s] Level 1:colcon.colcon_core.package_identification:_identify(src) by extensions ['ignore', 'ignore_ament_install']
[0.243s] Level 1:colcon.colcon_core.package_identification:_identify(src) by extension 'ignore'
[0.243s] Level 1:colcon.colcon_core.package_identification:_identify(src) by extension 'ignore_ament_install'
[0.243s] Level 1:colcon.colcon_core.package_identification:_identify(src) by extensions ['colcon_pkg']
[0.243s] Level 1:colcon.colcon_core.package_identification:_identify(src) by extension 'colcon_pkg'
[0.243s] Level 1:colcon.colcon_core.package_identification:_identify(src) by extensions ['colcon_meta']
[0.243s] Level 1:colcon.colcon_core.package_identification:_identify(src) by extension 'colcon_meta'
[0.243s] Level 1:colcon.colcon_core.package_identification:_identify(src) by extensions ['ros']
[0.243s] Level 1:colcon.colcon_core.package_identification:_identify(src) by extension 'ros'
[0.243s] Level 1:colcon.colcon_core.package_identification:_identify(src) by extensions ['cmake', 'python']
[0.243s] Level 1:colcon.colcon_core.package_identification:_identify(src) by extension 'cmake'
[0.243s] Level 1:colcon.colcon_core.package_identification:_identify(src) by extension 'python'
[0.243s] Level 1:colcon.colcon_core.package_identification:_identify(src) by extensions ['python_setup_py']
[0.243s] Level 1:colcon.colcon_core.package_identification:_identify(src) by extension 'python_setup_py'
[0.243s] Level 1:colcon.colcon_core.package_identification:_identify(src/my_robot_bringup) by extensions ['ignore', 'ignore_ament_install']
[0.243s] Level 1:colcon.colcon_core.package_identification:_identify(src/my_robot_bringup) by extension 'ignore'
[0.243s] Level 1:colcon.colcon_core.package_identification:_identify(src/my_robot_bringup) by extension 'ignore_ament_install'
[0.243s] Level 1:colcon.colcon_core.package_identification:_identify(src/my_robot_bringup) by extensions ['colcon_pkg']
[0.243s] Level 1:colcon.colcon_core.package_identification:_identify(src/my_robot_bringup) by extension 'colcon_pkg'
[0.243s] Level 1:colcon.colcon_core.package_identification:_identify(src/my_robot_bringup) by extensions ['colcon_meta']
[0.243s] Level 1:colcon.colcon_core.package_identification:_identify(src/my_robot_bringup) by extension 'colcon_meta'
[0.243s] Level 1:colcon.colcon_core.package_identification:_identify(src/my_robot_bringup) by extensions ['ros']
[0.243s] Level 1:colcon.colcon_core.package_identification:_identify(src/my_robot_bringup) by extension 'ros'
[0.245s] DEBUG:colcon.colcon_core.package_identification:Package 'src/my_robot_bringup' with type 'ros.ament_cmake' and name 'my_robot_bringup'
[0.245s] Level 1:colcon.colcon_core.package_identification:_identify(src/my_robot_controller) by extensions ['ignore', 'ignore_ament_install']
[0.245s] Level 1:colcon.colcon_core.package_identification:_identify(src/my_robot_controller) by extension 'ignore'
[0.245s] Level 1:colcon.colcon_core.package_identification:_identify(src/my_robot_controller) by extension 'ignore_ament_install'
[0.245s] Level 1:colcon.colcon_core.package_identification:_identify(src/my_robot_controller) by extensions ['colcon_pkg']
[0.245s] Level 1:colcon.colcon_core.package_identification:_identify(src/my_robot_controller) by extension 'colcon_pkg'
[0.246s] Level 1:colcon.colcon_core.package_identification:_identify(src/my_robot_controller) by extensions ['colcon_meta']
[0.246s] Level 1:colcon.colcon_core.package_identification:_identify(src/my_robot_controller) by extension 'colcon_meta'
[0.246s] Level 1:colcon.colcon_core.package_identification:_identify(src/my_robot_controller) by extensions ['ros']
[0.246s] Level 1:colcon.colcon_core.package_identification:_identify(src/my_robot_controller) by extension 'ros'
[0.246s] DEBUG:colcon.colcon_core.package_identification:Package 'src/my_robot_controller' with type 'ros.ament_python' and name 'my_robot_controller'
[0.246s] Level 1:colcon.colcon_core.package_identification:_identify(src/my_robot_description) by extensions ['ignore', 'ignore_ament_install']
[0.246s] Level 1:colcon.colcon_core.package_identification:_identify(src/my_robot_description) by extension 'ignore'
[0.246s] Level 1:colcon.colcon_core.package_identification:_identify(src/my_robot_description) by extension 'ignore_ament_install'
[0.246s] Level 1:colcon.colcon_core.package_identification:_identify(src/my_robot_description) by extensions ['colcon_pkg']
[0.246s] Level 1:colcon.colcon_core.package_identification:_identify(src/my_robot_description) by extension 'colcon_pkg'
[0.247s] Level 1:colcon.colcon_core.package_identification:_identify(src/my_robot_description) by extensions ['colcon_meta']
[0.247s] Level 1:colcon.colcon_core.package_identification:_identify(src/my_robot_description) by extension 'colcon_meta'
[0.247s] Level 1:colcon.colcon_core.package_identification:_identify(src/my_robot_description) by extensions ['ros']
[0.247s] Level 1:colcon.colcon_core.package_identification:_identify(src/my_robot_description) by extension 'ros'
[0.247s] DEBUG:colcon.colcon_core.package_identification:Package 'src/my_robot_description' with type 'ros.ament_cmake' and name 'my_robot_description'
[0.247s] Level 1:colcon.colcon_core.package_discovery:discover_packages(recursive) using defaults
[0.247s] Level 1:colcon.colcon_core.package_discovery:discover_packages(ignore) discover
[0.247s] Level 1:colcon.colcon_core.package_discovery:discover_packages(ignore) using defaults
[0.247s] Level 1:colcon.colcon_core.package_discovery:discover_packages(path) discover
[0.247s] Level 1:colcon.colcon_core.package_discovery:discover_packages(path) using defaults
[0.263s] Level 1:colcon.colcon_core.package_discovery:discover_packages(prefix_path) check parameters
[0.263s] Level 1:colcon.colcon_core.package_discovery:discover_packages(prefix_path) discover
[0.265s] DEBUG:colcon.colcon_installed_package_information.package_discovery:Found 3 installed packages in /home/rahul/ros2_workspace/install
[0.266s] DEBUG:colcon.colcon_installed_package_information.package_discovery:Found 13 installed packages in /home/rahul/colcon_ws/install
[0.267s] DEBUG:colcon.colcon_installed_package_information.package_discovery:Found 23 installed packages in /home/rahul/ros2_ws/install
[0.267s] DEBUG:colcon.colcon_installed_package_information.package_discovery:Found 2 installed packages in /home/rahul/arduinobot_ws/install
[0.269s] DEBUG:colcon.colcon_installed_package_information.package_discovery:Found 465 installed packages in /opt/ros/humble
[0.272s] Level 1:colcon.colcon_core.package_discovery:discover_packages(prefix_path) using defaults
[0.314s] Level 5:colcon.colcon_core.verb:set package 'my_robot_controller' build argument 'cmake_args' from command line to 'None'
[0.314s] Level 5:colcon.colcon_core.verb:set package 'my_robot_controller' build argument 'cmake_target' from command line to 'None'
[0.314s] Level 5:colcon.colcon_core.verb:set package 'my_robot_controller' build argument 'cmake_target_skip_unavailable' from command line to 'False'
[0.314s] Level 5:colcon.colcon_core.verb:set package 'my_robot_controller' build argument 'cmake_clean_cache' from command line to 'False'
[0.314s] Level 5:colcon.colcon_core.verb:set package 'my_robot_controller' build argument 'cmake_clean_first' from command line to 'False'
[0.314s] Level 5:colcon.colcon_core.verb:set package 'my_robot_controller' build argument 'cmake_force_configure' from command line to 'False'
[0.314s] Level 5:colcon.colcon_core.verb:set package 'my_robot_controller' build argument 'ament_cmake_args' from command line to 'None'
[0.314s] Level 5:colcon.colcon_core.verb:set package 'my_robot_controller' build argument 'catkin_cmake_args' from command line to 'None'
[0.314s] Level 5:colcon.colcon_core.verb:set package 'my_robot_controller' build argument 'catkin_skip_building_tests' from command line to 'False'
[0.314s] DEBUG:colcon.colcon_core.verb:Building package 'my_robot_controller' with the following arguments: {'ament_cmake_args': None, 'build_base': '/home/rahul/ros2_workspace/build/my_robot_controller', 'catkin_cmake_args': None, 'catkin_skip_building_tests': False, 'cmake_args': None, 'cmake_clean_cache': False, 'cmake_clean_first': False, 'cmake_force_configure': False, 'cmake_target': None, 'cmake_target_skip_unavailable': False, 'install_base': '/home/rahul/ros2_workspace/install/my_robot_controller', 'merge_install': False, 'path': '/home/rahul/ros2_workspace/src/my_robot_controller', 'symlink_install': True, 'test_result_base': None}
[0.314s] Level 5:colcon.colcon_core.verb:set package 'my_robot_description' build argument 'cmake_args' from command line to 'None'
[0.314s] Level 5:colcon.colcon_core.verb:set package 'my_robot_description' build argument 'cmake_target' from command line to 'None'
[0.314s] Level 5:colcon.colcon_core.verb:set package 'my_robot_description' build argument 'cmake_target_skip_unavailable' from command line to 'False'
[0.315s] Level 5:colcon.colcon_core.verb:set package 'my_robot_description' build argument 'cmake_clean_cache' from command line to 'False'
[0.315s] Level 5:colcon.colcon_core.verb:set package 'my_robot_description' build argument 'cmake_clean_first' from command line to 'False'
[0.315s] Level 5:colcon.colcon_core.verb:set package 'my_robot_description' build argument 'cmake_force_configure' from command line to 'False'
[0.315s] Level 5:colcon.colcon_core.verb:set package 'my_robot_description' build argument 'ament_cmake_args' from command line to 'None'
[0.315s] Level 5:colcon.colcon_core.verb:set package 'my_robot_description' build argument 'catkin_cmake_args' from command line to 'None'
[0.315s] Level 5:colcon.colcon_core.verb:set package 'my_robot_description' build argument 'catkin_skip_building_tests' from command line to 'False'
[0.315s] DEBUG:colcon.colcon_core.verb:Building package 'my_robot_description' with the following arguments: {'ament_cmake_args': None, 'build_base': '/home/rahul/ros2_workspace/build/my_robot_description', 'catkin_cmake_args': None, 'catkin_skip_building_tests': False, 'cmake_args': None, 'cmake_clean_cache': False, 'cmake_clean_first': False, 'cmake_force_configure': False, 'cmake_target': None, 'cmake_target_skip_unavailable': False, 'install_base': '/home/rahul/ros2_workspace/install/my_robot_description', 'merge_install': False, 'path': '/home/rahul/ros2_workspace/src/my_robot_description', 'symlink_install': True, 'test_result_base': None}
[0.315s] Level 5:colcon.colcon_core.verb:set package 'my_robot_bringup' build argument 'cmake_args' from command line to 'None'
[0.315s] Level 5:colcon.colcon_core.verb:set package 'my_robot_bringup' build argument 'cmake_target' from command line to 'None'
[0.315s] Level 5:colcon.colcon_core.verb:set package 'my_robot_bringup' build argument 'cmake_target_skip_unavailable' from command line to 'False'
[0.315s] Level 5:colcon.colcon_core.verb:set package 'my_robot_bringup' build argument 'cmake_clean_cache' from command line to 'False'
[0.315s] Level 5:colcon.colcon_core.verb:set package 'my_robot_bringup' build argument 'cmake_clean_first' from command line to 'False'
[0.315s] Level 5:colcon.colcon_core.verb:set package 'my_robot_bringup' build argument 'cmake_force_configure' from command line to 'False'
[0.315s] Level 5:colcon.colcon_core.verb:set package 'my_robot_bringup' build argument 'ament_cmake_args' from command line to 'None'
[0.315s] Level 5:colcon.colcon_core.verb:set package 'my_robot_bringup' build argument 'catkin_cmake_args' from command line to 'None'
[0.315s] Level 5:colcon.colcon_core.verb:set package 'my_robot_bringup' build argument 'catkin_skip_building_tests' from command line to 'False'
[0.315s] DEBUG:colcon.colcon_core.verb:Building package 'my_robot_bringup' with the following arguments: {'ament_cmake_args': None, 'build_base': '/home/rahul/ros2_workspace/build/my_robot_bringup', 'catkin_cmake_args': None, 'catkin_skip_building_tests': False, 'cmake_args': None, 'cmake_clean_cache': False, 'cmake_clean_first': False, 'cmake_force_configure': False, 'cmake_target': None, 'cmake_target_skip_unavailable': False, 'install_base': '/home/rahul/ros2_workspace/install/my_robot_bringup', 'merge_install': False, 'path': '/home/rahul/ros2_workspace/src/my_robot_bringup', 'symlink_install': True, 'test_result_base': None}
[0.315s] INFO:colcon.colcon_core.executor:Executing jobs using 'parallel' executor
[0.316s] DEBUG:colcon.colcon_parallel_executor.executor.parallel:run_until_complete
[0.316s] INFO:colcon.colcon_ros.task.ament_cmake.build:Building ROS package in '/home/rahul/ros2_workspace/src/my_robot_description' with build type 'ament_cmake'
[0.316s] INFO:colcon.colcon_cmake.task.cmake.build:Building CMake package in '/home/rahul/ros2_workspace/src/my_robot_description'
[0.318s] INFO:colcon.colcon_core.plugin_system:Skipping extension 'colcon_core.shell.bat': Not used on non-Windows systems
[0.318s] INFO:colcon.colcon_core.shell:Skip shell extension 'powershell' for command environment: Not usable outside of PowerShell
[0.318s] DEBUG:colcon.colcon_core.shell:Skip shell extension 'dsv' for command environment
[0.324s] INFO:colcon.colcon_ros.task.ament_python.build:Building ROS package in '/home/rahul/ros2_workspace/src/my_robot_controller' with build type 'ament_python'
[0.324s] Level 1:colcon.colcon_core.shell:create_environment_hook('my_robot_controller', 'ament_prefix_path')
[0.325s] INFO:colcon.colcon_core.shell:Creating environment hook '/home/rahul/ros2_workspace/install/my_robot_controller/share/my_robot_controller/hook/ament_prefix_path.ps1'
[0.325s] INFO:colcon.colcon_core.shell:Creating environment descriptor '/home/rahul/ros2_workspace/install/my_robot_controller/share/my_robot_controller/hook/ament_prefix_path.dsv'
[0.325s] INFO:colcon.colcon_core.shell:Creating environment hook '/home/rahul/ros2_workspace/install/my_robot_controller/share/my_robot_controller/hook/ament_prefix_path.sh'
[0.326s] INFO:colcon.colcon_core.shell:Skip shell extension 'powershell' for command environment: Not usable outside of PowerShell
[0.326s] DEBUG:colcon.colcon_core.shell:Skip shell extension 'dsv' for command environment
[0.336s] DEBUG:colcon.colcon_core.event_handler.log_command:Invoking command in '/home/rahul/ros2_workspace/build/my_robot_description': CMAKE_PREFIX_PATH=${CMAKE_PREFIX_PATH}:/home/rahul/ros2_workspace/install/my_robot_controller:/home/rahul/arduinobot_ws/install/arduinobot_py_examples:/home/rahul/ros2_ws/install/launch_testing_examples:/home/rahul/ros2_ws/install/examples_rclpy_pointcloud_publisher:/home/rahul/ros2_ws/install/examples_rclpy_minimal_subscriber:/home/rahul/ros2_ws/install/examples_rclpy_minimal_service:/home/rahul/ros2_ws/install/examples_rclpy_minimal_publisher:/home/rahul/ros2_ws/install/examples_rclpy_minimal_client:/home/rahul/ros2_ws/install/examples_rclpy_minimal_action_server:/home/rahul/ros2_ws/install/examples_rclpy_minimal_action_client:/home/rahul/ros2_ws/install/examples_rclpy_guard_conditions:/home/rahul/ros2_ws/install/examples_rclpy_executors:/home/rahul/ros2_ws/install/My_package:/home/rahul/colcon_ws/install/ur5_control:/opt/ros/humble /usr/bin/cmake /home/rahul/ros2_workspace/src/my_robot_description -DAMENT_CMAKE_SYMLINK_INSTALL=1 -DCMAKE_INSTALL_PREFIX=/home/rahul/ros2_workspace/install/my_robot_description
[0.569s] INFO:colcon.colcon_core.task.python.build:Building Python package in '/home/rahul/ros2_workspace/src/my_robot_controller'
[0.569s] INFO:colcon.colcon_core.shell:Skip shell extension 'powershell' for command environment: Not usable outside of PowerShell
[0.569s] DEBUG:colcon.colcon_core.shell:Skip shell extension 'dsv' for command environment
[0.576s] DEBUG:colcon.colcon_core.event_handler.log_command:Invoked command in '/home/rahul/ros2_workspace/build/my_robot_description' returned '0': CMAKE_PREFIX_PATH=${CMAKE_PREFIX_PATH}:/home/rahul/ros2_workspace/install/my_robot_controller:/home/rahul/arduinobot_ws/install/arduinobot_py_examples:/home/rahul/ros2_ws/install/launch_testing_examples:/home/rahul/ros2_ws/install/examples_rclpy_pointcloud_publisher:/home/rahul/ros2_ws/install/examples_rclpy_minimal_subscriber:/home/rahul/ros2_ws/install/examples_rclpy_minimal_service:/home/rahul/ros2_ws/install/examples_rclpy_minimal_publisher:/home/rahul/ros2_ws/install/examples_rclpy_minimal_client:/home/rahul/ros2_ws/install/examples_rclpy_minimal_action_server:/home/rahul/ros2_ws/install/examples_rclpy_minimal_action_client:/home/rahul/ros2_ws/install/examples_rclpy_guard_conditions:/home/rahul/ros2_ws/install/examples_rclpy_executors:/home/rahul/ros2_ws/install/My_package:/home/rahul/colcon_ws/install/ur5_control:/opt/ros/humble /usr/bin/cmake /home/rahul/ros2_workspace/src/my_robot_description -DAMENT_CMAKE_SYMLINK_INSTALL=1 -DCMAKE_INSTALL_PREFIX=/home/rahul/ros2_workspace/install/my_robot_description
[0.578s] DEBUG:colcon.colcon_core.event_handler.log_command:Invoking command in '/home/rahul/ros2_workspace/build/my_robot_description': CMAKE_PREFIX_PATH=${CMAKE_PREFIX_PATH}:/home/rahul/ros2_workspace/install/my_robot_controller:/home/rahul/arduinobot_ws/install/arduinobot_py_examples:/home/rahul/ros2_ws/install/launch_testing_examples:/home/rahul/ros2_ws/install/examples_rclpy_pointcloud_publisher:/home/rahul/ros2_ws/install/examples_rclpy_minimal_subscriber:/home/rahul/ros2_ws/install/examples_rclpy_minimal_service:/home/rahul/ros2_ws/install/examples_rclpy_minimal_publisher:/home/rahul/ros2_ws/install/examples_rclpy_minimal_client:/home/rahul/ros2_ws/install/examples_rclpy_minimal_action_server:/home/rahul/ros2_ws/install/examples_rclpy_minimal_action_client:/home/rahul/ros2_ws/install/examples_rclpy_guard_conditions:/home/rahul/ros2_ws/install/examples_rclpy_executors:/home/rahul/ros2_ws/install/My_package:/home/rahul/colcon_ws/install/ur5_control:/opt/ros/humble /usr/bin/cmake --build /home/rahul/ros2_workspace/build/my_robot_description -- -j16 -l16
[0.618s] DEBUG:colcon.colcon_core.event_handler.log_command:Invoked command in '/home/rahul/ros2_workspace/build/my_robot_description' returned '0': CMAKE_PREFIX_PATH=${CMAKE_PREFIX_PATH}:/home/rahul/ros2_workspace/install/my_robot_controller:/home/rahul/arduinobot_ws/install/arduinobot_py_examples:/home/rahul/ros2_ws/install/launch_testing_examples:/home/rahul/ros2_ws/install/examples_rclpy_pointcloud_publisher:/home/rahul/ros2_ws/install/examples_rclpy_minimal_subscriber:/home/rahul/ros2_ws/install/examples_rclpy_minimal_service:/home/rahul/ros2_ws/install/examples_rclpy_minimal_publisher:/home/rahul/ros2_ws/install/examples_rclpy_minimal_client:/home/rahul/ros2_ws/install/examples_rclpy_minimal_action_server:/home/rahul/ros2_ws/install/examples_rclpy_minimal_action_client:/home/rahul/ros2_ws/install/examples_rclpy_guard_conditions:/home/rahul/ros2_ws/install/examples_rclpy_executors:/home/rahul/ros2_ws/install/My_package:/home/rahul/colcon_ws/install/ur5_control:/opt/ros/humble /usr/bin/cmake --build /home/rahul/ros2_workspace/build/my_robot_description -- -j16 -l16
[0.628s] DEBUG:colcon.colcon_core.event_handler.log_command:Invoking command in '/home/rahul/ros2_workspace/build/my_robot_description': CMAKE_PREFIX_PATH=${CMAKE_PREFIX_PATH}:/home/rahul/ros2_workspace/install/my_robot_controller:/home/rahul/arduinobot_ws/install/arduinobot_py_examples:/home/rahul/ros2_ws/install/launch_testing_examples:/home/rahul/ros2_ws/install/examples_rclpy_pointcloud_publisher:/home/rahul/ros2_ws/install/examples_rclpy_minimal_subscriber:/home/rahul/ros2_ws/install/examples_rclpy_minimal_service:/home/rahul/ros2_ws/install/examples_rclpy_minimal_publisher:/home/rahul/ros2_ws/install/examples_rclpy_minimal_client:/home/rahul/ros2_ws/install/examples_rclpy_minimal_action_server:/home/rahul/ros2_ws/install/examples_rclpy_minimal_action_client:/home/rahul/ros2_ws/install/examples_rclpy_guard_conditions:/home/rahul/ros2_ws/install/examples_rclpy_executors:/home/rahul/ros2_ws/install/My_package:/home/rahul/colcon_ws/install/ur5_control:/opt/ros/humble /usr/bin/cmake --install /home/rahul/ros2_workspace/build/my_robot_description
[0.651s] Level 1:colcon.colcon_core.environment:create_environment_scripts_only(my_robot_description)
[0.651s] DEBUG:colcon.colcon_core.event_handler.log_command:Invoked command in '/home/rahul/ros2_workspace/build/my_robot_description' returned '0': CMAKE_PREFIX_PATH=${CMAKE_PREFIX_PATH}:/home/rahul/ros2_workspace/install/my_robot_controller:/home/rahul/arduinobot_ws/install/arduinobot_py_examples:/home/rahul/ros2_ws/install/launch_testing_examples:/home/rahul/ros2_ws/install/examples_rclpy_pointcloud_publisher:/home/rahul/ros2_ws/install/examples_rclpy_minimal_subscriber:/home/rahul/ros2_ws/install/examples_rclpy_minimal_service:/home/rahul/ros2_ws/install/examples_rclpy_minimal_publisher:/home/rahul/ros2_ws/install/examples_rclpy_minimal_client:/home/rahul/ros2_ws/install/examples_rclpy_minimal_action_server:/home/rahul/ros2_ws/install/examples_rclpy_minimal_action_client:/home/rahul/ros2_ws/install/examples_rclpy_guard_conditions:/home/rahul/ros2_ws/install/examples_rclpy_executors:/home/rahul/ros2_ws/install/My_package:/home/rahul/colcon_ws/install/ur5_control:/opt/ros/humble /usr/bin/cmake --install /home/rahul/ros2_workspace/build/my_robot_description
[0.653s] Level 1:colcon.colcon_core.environment:checking '/home/rahul/ros2_workspace/install/my_robot_description' for CMake module files
[0.653s] Level 1:colcon.colcon_core.environment:checking '/home/rahul/ros2_workspace/install/my_robot_description' for CMake config files
[0.654s] Level 1:colcon.colcon_core.shell:create_environment_hook('my_robot_description', 'cmake_prefix_path')
[0.654s] INFO:colcon.colcon_core.shell:Creating environment hook '/home/rahul/ros2_workspace/install/my_robot_description/share/my_robot_description/hook/cmake_prefix_path.ps1'
[0.654s] INFO:colcon.colcon_core.shell:Creating environment descriptor '/home/rahul/ros2_workspace/install/my_robot_description/share/my_robot_description/hook/cmake_prefix_path.dsv'
[0.655s] INFO:colcon.colcon_core.shell:Creating environment hook '/home/rahul/ros2_workspace/install/my_robot_description/share/my_robot_description/hook/cmake_prefix_path.sh'
[0.655s] Level 1:colcon.colcon_core.environment:checking '/home/rahul/ros2_workspace/install/my_robot_description/bin'
[0.655s] Level 1:colcon.colcon_core.environment:checking '/home/rahul/ros2_workspace/install/my_robot_description/lib/pkgconfig/my_robot_description.pc'
[0.655s] Level 1:colcon.colcon_core.environment:checking '/home/rahul/ros2_workspace/install/my_robot_description/lib/python3.10/site-packages'
[0.656s] Level 1:colcon.colcon_core.environment:checking '/home/rahul/ros2_workspace/install/my_robot_description/bin'
[0.656s] INFO:colcon.colcon_core.shell:Creating package script '/home/rahul/ros2_workspace/install/my_robot_description/share/my_robot_description/package.ps1'
[0.657s] INFO:colcon.colcon_core.shell:Creating package descriptor '/home/rahul/ros2_workspace/install/my_robot_description/share/my_robot_description/package.dsv'
[0.657s] INFO:colcon.colcon_core.shell:Creating package script '/home/rahul/ros2_workspace/install/my_robot_description/share/my_robot_description/package.sh'
[0.658s] INFO:colcon.colcon_core.shell:Creating package script '/home/rahul/ros2_workspace/install/my_robot_description/share/my_robot_description/package.bash'
[0.658s] INFO:colcon.colcon_core.shell:Creating package script '/home/rahul/ros2_workspace/install/my_robot_description/share/my_robot_description/package.zsh'
[0.659s] Level 1:colcon.colcon_core.environment:create_file_with_runtime_dependencies(/home/rahul/ros2_workspace/install/my_robot_description/share/colcon-core/packages/my_robot_description)
[0.659s] Level 1:colcon.colcon_core.environment:create_environment_scripts_only(my_robot_description)
[0.659s] Level 1:colcon.colcon_core.environment:checking '/home/rahul/ros2_workspace/install/my_robot_description' for CMake module files
[0.659s] Level 1:colcon.colcon_core.environment:checking '/home/rahul/ros2_workspace/install/my_robot_description' for CMake config files
[0.660s] Level 1:colcon.colcon_core.shell:create_environment_hook('my_robot_description', 'cmake_prefix_path')
[0.660s] INFO:colcon.colcon_core.shell:Creating environment hook '/home/rahul/ros2_workspace/install/my_robot_description/share/my_robot_description/hook/cmake_prefix_path.ps1'
[0.660s] INFO:colcon.colcon_core.shell:Creating environment descriptor '/home/rahul/ros2_workspace/install/my_robot_description/share/my_robot_description/hook/cmake_prefix_path.dsv'
[0.661s] INFO:colcon.colcon_core.shell:Creating environment hook '/home/rahul/ros2_workspace/install/my_robot_description/share/my_robot_description/hook/cmake_prefix_path.sh'
[0.661s] Level 1:colcon.colcon_core.environment:checking '/home/rahul/ros2_workspace/install/my_robot_description/bin'
[0.661s] Level 1:colcon.colcon_core.environment:checking '/home/rahul/ros2_workspace/install/my_robot_description/lib/pkgconfig/my_robot_description.pc'
[0.661s] Level 1:colcon.colcon_core.environment:checking '/home/rahul/ros2_workspace/install/my_robot_description/lib/python3.10/site-packages'
[0.661s] Level 1:colcon.colcon_core.environment:checking '/home/rahul/ros2_workspace/install/my_robot_description/bin'
[0.662s] INFO:colcon.colcon_core.shell:Creating package script '/home/rahul/ros2_workspace/install/my_robot_description/share/my_robot_description/package.ps1'
[0.662s] INFO:colcon.colcon_core.shell:Creating package descriptor '/home/rahul/ros2_workspace/install/my_robot_description/share/my_robot_description/package.dsv'
[0.662s] INFO:colcon.colcon_core.shell:Creating package script '/home/rahul/ros2_workspace/install/my_robot_description/share/my_robot_description/package.sh'
[0.663s] INFO:colcon.colcon_core.shell:Creating package script '/home/rahul/ros2_workspace/install/my_robot_description/share/my_robot_description/package.bash'
[0.663s] INFO:colcon.colcon_core.shell:Creating package script '/home/rahul/ros2_workspace/install/my_robot_description/share/my_robot_description/package.zsh'
[0.663s] Level 1:colcon.colcon_core.environment:create_file_with_runtime_dependencies(/home/rahul/ros2_workspace/install/my_robot_description/share/colcon-core/packages/my_robot_description)
[0.664s] INFO:colcon.colcon_ros.task.ament_cmake.build:Building ROS package in '/home/rahul/ros2_workspace/src/my_robot_bringup' with build type 'ament_cmake'
[0.664s] INFO:colcon.colcon_cmake.task.cmake.build:Building CMake package in '/home/rahul/ros2_workspace/src/my_robot_bringup'
[0.664s] INFO:colcon.colcon_core.shell:Skip shell extension 'powershell' for command environment: Not usable outside of PowerShell
[0.664s] DEBUG:colcon.colcon_core.shell:Skip shell extension 'dsv' for command environment
[0.677s] DEBUG:colcon.colcon_core.event_handler.log_command:Invoking command in '/home/rahul/ros2_workspace/build/my_robot_bringup': CMAKE_PREFIX_PATH=/home/rahul/ros2_workspace/install/my_robot_description:/home/rahul/ros2_workspace/install/my_robot_bringup:/home/rahul/arduinobot_ws/install/arduinobot_description:/home/rahul/ros2_ws/install/examples_rclcpp_wait_set:/home/rahul/ros2_ws/install/examples_rclcpp_multithreaded_executor:/home/rahul/ros2_ws/install/examples_rclcpp_minimal_timer:/home/rahul/ros2_ws/install/examples_rclcpp_minimal_subscriber:/home/rahul/ros2_ws/install/examples_rclcpp_minimal_service:/home/rahul/ros2_ws/install/examples_rclcpp_minimal_publisher:/home/rahul/ros2_ws/install/examples_rclcpp_minimal_composition:/home/rahul/ros2_ws/install/examples_rclcpp_minimal_client:/home/rahul/ros2_ws/install/examples_rclcpp_minimal_action_server:/home/rahul/ros2_ws/install/examples_rclcpp_minimal_action_client:/home/rahul/ros2_ws/install/examples_rclcpp_cbg_executor:/home/rahul/ros2_ws/install/examples_rclcpp_async_client:/home/rahul/colcon_ws/install/ur_simulation_gazebo:/home/rahul/colcon_ws/install/ur_moveit_config:/home/rahul/colcon_ws/install/ur_description:/home/rahul/colcon_ws/install/servo_msgs:/home/rahul/colcon_ws/install/realsense_gazebo_plugin:/home/rahul/colcon_ws/install/pymoveit2:/home/rahul/colcon_ws/install/ebot_description:/home/rahul/colcon_ws/install/payload_service:/home/rahul/colcon_ws/install/linkattacher_msgs:/home/rahul/colcon_ws/install/eyantra_warehouse:/home/rahul/colcon_ws/install/ebot_nav2:/home/rahul/colcon_ws/install/ebot_docking:/home/rahul/ros2_workspace/install/my_robot_controller:/home/rahul/arduinobot_ws/install/arduinobot_py_examples:/home/rahul/ros2_ws/install/launch_testing_examples:/home/rahul/ros2_ws/install/examples_rclpy_pointcloud_publisher:/home/rahul/ros2_ws/install/examples_rclpy_minimal_subscriber:/home/rahul/ros2_ws/install/examples_rclpy_minimal_service:/home/rahul/ros2_ws/install/examples_rclpy_minimal_publisher:/home/rahul/ros2_ws/install/examples_rclpy_minimal_client:/home/rahul/ros2_ws/install/examples_rclpy_minimal_action_server:/home/rahul/ros2_ws/install/examples_rclpy_minimal_action_client:/home/rahul/ros2_ws/install/examples_rclpy_guard_conditions:/home/rahul/ros2_ws/install/examples_rclpy_executors:/home/rahul/ros2_ws/install/My_package:/home/rahul/colcon_ws/install/ur5_control:/opt/ros/humble /usr/bin/cmake /home/rahul/ros2_workspace/src/my_robot_bringup -DAMENT_CMAKE_SYMLINK_INSTALL=1 -DCMAKE_INSTALL_PREFIX=/home/rahul/ros2_workspace/install/my_robot_bringup
[0.877s] DEBUG:colcon.colcon_core.event_handler.log_command:Invoked command in '/home/rahul/ros2_workspace/build/my_robot_bringup' returned '0': CMAKE_PREFIX_PATH=/home/rahul/ros2_workspace/install/my_robot_description:/home/rahul/ros2_workspace/install/my_robot_bringup:/home/rahul/arduinobot_ws/install/arduinobot_description:/home/rahul/ros2_ws/install/examples_rclcpp_wait_set:/home/rahul/ros2_ws/install/examples_rclcpp_multithreaded_executor:/home/rahul/ros2_ws/install/examples_rclcpp_minimal_timer:/home/rahul/ros2_ws/install/examples_rclcpp_minimal_subscriber:/home/rahul/ros2_ws/install/examples_rclcpp_minimal_service:/home/rahul/ros2_ws/install/examples_rclcpp_minimal_publisher:/home/rahul/ros2_ws/install/examples_rclcpp_minimal_composition:/home/rahul/ros2_ws/install/examples_rclcpp_minimal_client:/home/rahul/ros2_ws/install/examples_rclcpp_minimal_action_server:/home/rahul/ros2_ws/install/examples_rclcpp_minimal_action_client:/home/rahul/ros2_ws/install/examples_rclcpp_cbg_executor:/home/rahul/ros2_ws/install/examples_rclcpp_async_client:/home/rahul/colcon_ws/install/ur_simulation_gazebo:/home/rahul/colcon_ws/install/ur_moveit_config:/home/rahul/colcon_ws/install/ur_description:/home/rahul/colcon_ws/install/servo_msgs:/home/rahul/colcon_ws/install/realsense_gazebo_plugin:/home/rahul/colcon_ws/install/pymoveit2:/home/rahul/colcon_ws/install/ebot_description:/home/rahul/colcon_ws/install/payload_service:/home/rahul/colcon_ws/install/linkattacher_msgs:/home/rahul/colcon_ws/install/eyantra_warehouse:/home/rahul/colcon_ws/install/ebot_nav2:/home/rahul/colcon_ws/install/ebot_docking:/home/rahul/ros2_workspace/install/my_robot_controller:/home/rahul/arduinobot_ws/install/arduinobot_py_examples:/home/rahul/ros2_ws/install/launch_testing_examples:/home/rahul/ros2_ws/install/examples_rclpy_pointcloud_publisher:/home/rahul/ros2_ws/install/examples_rclpy_minimal_subscriber:/home/rahul/ros2_ws/install/examples_rclpy_minimal_service:/home/rahul/ros2_ws/install/examples_rclpy_minimal_publisher:/home/rahul/ros2_ws/install/examples_rclpy_minimal_client:/home/rahul/ros2_ws/install/examples_rclpy_minimal_action_server:/home/rahul/ros2_ws/install/examples_rclpy_minimal_action_client:/home/rahul/ros2_ws/install/examples_rclpy_guard_conditions:/home/rahul/ros2_ws/install/examples_rclpy_executors:/home/rahul/ros2_ws/install/My_package:/home/rahul/colcon_ws/install/ur5_control:/opt/ros/humble /usr/bin/cmake /home/rahul/ros2_workspace/src/my_robot_bringup -DAMENT_CMAKE_SYMLINK_INSTALL=1 -DCMAKE_INSTALL_PREFIX=/home/rahul/ros2_workspace/install/my_robot_bringup
[0.877s] DEBUG:colcon.colcon_core.event_handler.log_command:Invoking command in '/home/rahul/ros2_workspace/build/my_robot_bringup': CMAKE_PREFIX_PATH=/home/rahul/ros2_workspace/install/my_robot_description:/home/rahul/ros2_workspace/install/my_robot_bringup:/home/rahul/arduinobot_ws/install/arduinobot_description:/home/rahul/ros2_ws/install/examples_rclcpp_wait_set:/home/rahul/ros2_ws/install/examples_rclcpp_multithreaded_executor:/home/rahul/ros2_ws/install/examples_rclcpp_minimal_timer:/home/rahul/ros2_ws/install/examples_rclcpp_minimal_subscriber:/home/rahul/ros2_ws/install/examples_rclcpp_minimal_service:/home/rahul/ros2_ws/install/examples_rclcpp_minimal_publisher:/home/rahul/ros2_ws/install/examples_rclcpp_minimal_composition:/home/rahul/ros2_ws/install/examples_rclcpp_minimal_client:/home/rahul/ros2_ws/install/examples_rclcpp_minimal_action_server:/home/rahul/ros2_ws/install/examples_rclcpp_minimal_action_client:/home/rahul/ros2_ws/install/examples_rclcpp_cbg_executor:/home/rahul/ros2_ws/install/examples_rclcpp_async_client:/home/rahul/colcon_ws/install/ur_simulation_gazebo:/home/rahul/colcon_ws/install/ur_moveit_config:/home/rahul/colcon_ws/install/ur_description:/home/rahul/colcon_ws/install/servo_msgs:/home/rahul/colcon_ws/install/realsense_gazebo_plugin:/home/rahul/colcon_ws/install/pymoveit2:/home/rahul/colcon_ws/install/ebot_description:/home/rahul/colcon_ws/install/payload_service:/home/rahul/colcon_ws/install/linkattacher_msgs:/home/rahul/colcon_ws/install/eyantra_warehouse:/home/rahul/colcon_ws/install/ebot_nav2:/home/rahul/colcon_ws/install/ebot_docking:/home/rahul/ros2_workspace/install/my_robot_controller:/home/rahul/arduinobot_ws/install/arduinobot_py_examples:/home/rahul/ros2_ws/install/launch_testing_examples:/home/rahul/ros2_ws/install/examples_rclpy_pointcloud_publisher:/home/rahul/ros2_ws/install/examples_rclpy_minimal_subscriber:/home/rahul/ros2_ws/install/examples_rclpy_minimal_service:/home/rahul/ros2_ws/install/examples_rclpy_minimal_publisher:/home/rahul/ros2_ws/install/examples_rclpy_minimal_client:/home/rahul/ros2_ws/install/examples_rclpy_minimal_action_server:/home/rahul/ros2_ws/install/examples_rclpy_minimal_action_client:/home/rahul/ros2_ws/install/examples_rclpy_guard_conditions:/home/rahul/ros2_ws/install/examples_rclpy_executors:/home/rahul/ros2_ws/install/My_package:/home/rahul/colcon_ws/install/ur5_control:/opt/ros/humble /usr/bin/cmake --build /home/rahul/ros2_workspace/build/my_robot_bringup -- -j16 -l16
[0.900s] DEBUG:colcon.colcon_core.task.python.build:While undoing a previous installation files outside the Python library path are being ignored: /home/rahul/ros2_workspace/install/my_robot_controller/share/ament_index/resource_index/packages/my_robot_controller
[0.900s] DEBUG:colcon.colcon_core.task.python.build:While undoing a previous installation files outside the Python library path are being ignored: /home/rahul/ros2_workspace/install/my_robot_controller/share/my_robot_controller/package.xml
[0.900s] DEBUG:colcon.colcon_core.task.python.build:While undoing a previous installation files outside the Python library path are being ignored: /home/rahul/ros2_workspace/install/my_robot_controller/lib/my_robot_controller/lidar_navigation_controller
[0.900s] DEBUG:colcon.colcon_core.task.python.build:While undoing a previous installation files outside the Python library path are being ignored: /home/rahul/ros2_workspace/install/my_robot_controller/lib/my_robot_controller/move_robot
[0.900s] DEBUG:colcon.colcon_core.task.python.build:While undoing a previous installation files outside the Python library path are being ignored: /home/rahul/ros2_workspace/install/my_robot_controller/lib/my_robot_controller/perception_controller
[0.902s] DEBUG:colcon.colcon_core.event_handler.log_command:Invoking command in '/home/rahul/ros2_workspace/build/my_robot_controller': PYTHONPATH=/home/rahul/ros2_workspace/build/my_robot_controller/prefix_override:/usr/lib/python3/dist-packages/colcon_core/task/python/colcon_distutils_commands:/home/rahul/ros2_workspace/install/my_robot_controller/lib/python3.10/site-packages:${PYTHONPATH} /usr/bin/python3 -W ignore:setup.py install is deprecated -W ignore:easy_install command is deprecated setup.py develop --editable --build-directory /home/rahul/ros2_workspace/build/my_robot_controller/build --no-deps symlink_data --force
[0.919s] DEBUG:colcon.colcon_core.event_handler.log_command:Invoked command in '/home/rahul/ros2_workspace/build/my_robot_bringup' returned '0': CMAKE_PREFIX_PATH=/home/rahul/ros2_workspace/install/my_robot_description:/home/rahul/ros2_workspace/install/my_robot_bringup:/home/rahul/arduinobot_ws/install/arduinobot_description:/home/rahul/ros2_ws/install/examples_rclcpp_wait_set:/home/rahul/ros2_ws/install/examples_rclcpp_multithreaded_executor:/home/rahul/ros2_ws/install/examples_rclcpp_minimal_timer:/home/rahul/ros2_ws/install/examples_rclcpp_minimal_subscriber:/home/rahul/ros2_ws/install/examples_rclcpp_minimal_service:/home/rahul/ros2_ws/install/examples_rclcpp_minimal_publisher:/home/rahul/ros2_ws/install/examples_rclcpp_minimal_composition:/home/rahul/ros2_ws/install/examples_rclcpp_minimal_client:/home/rahul/ros2_ws/install/examples_rclcpp_minimal_action_server:/home/rahul/ros2_ws/install/examples_rclcpp_minimal_action_client:/home/rahul/ros2_ws/install/examples_rclcpp_cbg_executor:/home/rahul/ros2_ws/install/examples_rclcpp_async_client:/home/rahul/colcon_ws/install/ur_simulation_gazebo:/home/rahul/colcon_ws/install/ur_moveit_config:/home/rahul/colcon_ws/install/ur_description:/home/rahul/colcon_ws/install/servo_msgs:/home/rahul/colcon_ws/install/realsense_gazebo_plugin:/home/rahul/colcon_ws/install/pymoveit2:/home/rahul/colcon_ws/install/ebot_description:/home/rahul/colcon_ws/install/payload_service:/home/rahul/colcon_ws/install/linkattacher_msgs:/home/rahul/colcon_ws/install/eyantra_warehouse:/home/rahul/colcon_ws/install/ebot_nav2:/home/rahul/colcon_ws/install/ebot_docking:/home/rahul/ros2_workspace/install/my_robot_controller:/home/rahul/arduinobot_ws/install/arduinobot_py_examples:/home/rahul/ros2_ws/install/launch_testing_examples:/home/rahul/ros2_ws/install/examples_rclpy_pointcloud_publisher:/home/rahul/ros2_ws/install/examples_rclpy_minimal_subscriber:/home/rahul/ros2_ws/install/examples_rclpy_minimal_service:/home/rahul/ros2_ws/install/examples_rclpy_minimal_publisher:/home/rahul/ros2_ws/install/examples_rclpy_minimal_client:/home/rahul/ros2_ws/install/examples_rclpy_minimal_action_server:/home/rahul/ros2_ws/install/examples_rclpy_minimal_action_client:/home/rahul/ros2_ws/install/examples_rclpy_guard_conditions:/home/rahul/ros2_ws/install/examples_rclpy_executors:/home/rahul/ros2_ws/install/My_package:/home/rahul/colcon_ws/install/ur5_control:/opt/ros/humble /usr/bin/cmake --build /home/rahul/ros2_workspace/build/my_robot_bringup -- -j16 -l16
[0.921s] DEBUG:colcon.colcon_core.event_handler.log_command:Invoking command in '/home/rahul/ros2_workspace/build/my_robot_bringup': CMAKE_PREFIX_PATH=/home/rahul/ros2_workspace/install/my_robot_description:/home/rahul/ros2_workspace/install/my_robot_bringup:/home/rahul/arduinobot_ws/install/arduinobot_description:/home/rahul/ros2_ws/install/examples_rclcpp_wait_set:/home/rahul/ros2_ws/install/examples_rclcpp_multithreaded_executor:/home/rahul/ros2_ws/install/examples_rclcpp_minimal_timer:/home/rahul/ros2_ws/install/examples_rclcpp_minimal_subscriber:/home/rahul/ros2_ws/install/examples_rclcpp_minimal_service:/home/rahul/ros2_ws/install/examples_rclcpp_minimal_publisher:/home/rahul/ros2_ws/install/examples_rclcpp_minimal_composition:/home/rahul/ros2_ws/install/examples_rclcpp_minimal_client:/home/rahul/ros2_ws/install/examples_rclcpp_minimal_action_server:/home/rahul/ros2_ws/install/examples_rclcpp_minimal_action_client:/home/rahul/ros2_ws/install/examples_rclcpp_cbg_executor:/home/rahul/ros2_ws/install/examples_rclcpp_async_client:/home/rahul/colcon_ws/install/ur_simulation_gazebo:/home/rahul/colcon_ws/install/ur_moveit_config:/home/rahul/colcon_ws/install/ur_description:/home/rahul/colcon_ws/install/servo_msgs:/home/rahul/colcon_ws/install/realsense_gazebo_plugin:/home/rahul/colcon_ws/install/pymoveit2:/home/rahul/colcon_ws/install/ebot_description:/home/rahul/colcon_ws/install/payload_service:/home/rahul/colcon_ws/install/linkattacher_msgs:/home/rahul/colcon_ws/install/eyantra_warehouse:/home/rahul/colcon_ws/install/ebot_nav2:/home/rahul/colcon_ws/install/ebot_docking:/home/rahul/ros2_workspace/install/my_robot_controller:/home/rahul/arduinobot_ws/install/arduinobot_py_examples:/home/rahul/ros2_ws/install/launch_testing_examples:/home/rahul/ros2_ws/install/examples_rclpy_pointcloud_publisher:/home/rahul/ros2_ws/install/examples_rclpy_minimal_subscriber:/home/rahul/ros2_ws/install/examples_rclpy_minimal_service:/home/rahul/ros2_ws/install/examples_rclpy_minimal_publisher:/home/rahul/ros2_ws/install/examples_rclpy_minimal_client:/home/rahul/ros2_ws/install/examples_rclpy_minimal_action_server:/home/rahul/ros2_ws/install/examples_rclpy_minimal_action_client:/home/rahul/ros2_ws/install/examples_rclpy_guard_conditions:/home/rahul/ros2_ws/install/examples_rclpy_executors:/home/rahul/ros2_ws/install/My_package:/home/rahul/colcon_ws/install/ur5_control:/opt/ros/humble /usr/bin/cmake --install /home/rahul/ros2_workspace/build/my_robot_bringup
[0.943s] Level 1:colcon.colcon_core.environment:create_environment_scripts_only(my_robot_bringup)
[0.943s] Level 1:colcon.colcon_core.environment:checking '/home/rahul/ros2_workspace/install/my_robot_bringup' for CMake module files
[0.944s] DEBUG:colcon.colcon_core.event_handler.log_command:Invoked command in '/home/rahul/ros2_workspace/build/my_robot_bringup' returned '0': CMAKE_PREFIX_PATH=/home/rahul/ros2_workspace/install/my_robot_description:/home/rahul/ros2_workspace/install/my_robot_bringup:/home/rahul/arduinobot_ws/install/arduinobot_description:/home/rahul/ros2_ws/install/examples_rclcpp_wait_set:/home/rahul/ros2_ws/install/examples_rclcpp_multithreaded_executor:/home/rahul/ros2_ws/install/examples_rclcpp_minimal_timer:/home/rahul/ros2_ws/install/examples_rclcpp_minimal_subscriber:/home/rahul/ros2_ws/install/examples_rclcpp_minimal_service:/home/rahul/ros2_ws/install/examples_rclcpp_minimal_publisher:/home/rahul/ros2_ws/install/examples_rclcpp_minimal_composition:/home/rahul/ros2_ws/install/examples_rclcpp_minimal_client:/home/rahul/ros2_ws/install/examples_rclcpp_minimal_action_server:/home/rahul/ros2_ws/install/examples_rclcpp_minimal_action_client:/home/rahul/ros2_ws/install/examples_rclcpp_cbg_executor:/home/rahul/ros2_ws/install/examples_rclcpp_async_client:/home/rahul/colcon_ws/install/ur_simulation_gazebo:/home/rahul/colcon_ws/install/ur_moveit_config:/home/rahul/colcon_ws/install/ur_description:/home/rahul/colcon_ws/install/servo_msgs:/home/rahul/colcon_ws/install/realsense_gazebo_plugin:/home/rahul/colcon_ws/install/pymoveit2:/home/rahul/colcon_ws/install/ebot_description:/home/rahul/colcon_ws/install/payload_service:/home/rahul/colcon_ws/install/linkattacher_msgs:/home/rahul/colcon_ws/install/eyantra_warehouse:/home/rahul/colcon_ws/install/ebot_nav2:/home/rahul/colcon_ws/install/ebot_docking:/home/rahul/ros2_workspace/install/my_robot_controller:/home/rahul/arduinobot_ws/install/arduinobot_py_examples:/home/rahul/ros2_ws/install/launch_testing_examples:/home/rahul/ros2_ws/install/examples_rclpy_pointcloud_publisher:/home/rahul/ros2_ws/install/examples_rclpy_minimal_subscriber:/home/rahul/ros2_ws/install/examples_rclpy_minimal_service:/home/rahul/ros2_ws/install/examples_rclpy_minimal_publisher:/home/rahul/ros2_ws/install/examples_rclpy_minimal_client:/home/rahul/ros2_ws/install/examples_rclpy_minimal_action_server:/home/rahul/ros2_ws/install/examples_rclpy_minimal_action_client:/home/rahul/ros2_ws/install/examples_rclpy_guard_conditions:/home/rahul/ros2_ws/install/examples_rclpy_executors:/home/rahul/ros2_ws/install/My_package:/home/rahul/colcon_ws/install/ur5_control:/opt/ros/humble /usr/bin/cmake --install /home/rahul/ros2_workspace/build/my_robot_bringup
[0.944s] Level 1:colcon.colcon_core.environment:checking '/home/rahul/ros2_workspace/install/my_robot_bringup' for CMake config files
[0.945s] Level 1:colcon.colcon_core.shell:create_environment_hook('my_robot_bringup', 'cmake_prefix_path')
[0.945s] INFO:colcon.colcon_core.shell:Creating environment hook '/home/rahul/ros2_workspace/install/my_robot_bringup/share/my_robot_bringup/hook/cmake_prefix_path.ps1'
[0.945s] INFO:colcon.colcon_core.shell:Creating environment descriptor '/home/rahul/ros2_workspace/install/my_robot_bringup/share/my_robot_bringup/hook/cmake_prefix_path.dsv'
[0.946s] INFO:colcon.colcon_core.shell:Creating environment hook '/home/rahul/ros2_workspace/install/my_robot_bringup/share/my_robot_bringup/hook/cmake_prefix_path.sh'
[0.946s] Level 1:colcon.colcon_core.environment:checking '/home/rahul/ros2_workspace/install/my_robot_bringup/bin'
[0.946s] Level 1:colcon.colcon_core.environment:checking '/home/rahul/ros2_workspace/install/my_robot_bringup/lib/pkgconfig/my_robot_bringup.pc'
[0.946s] Level 1:colcon.colcon_core.environment:checking '/home/rahul/ros2_workspace/install/my_robot_bringup/lib/python3.10/site-packages'
[0.947s] Level 1:colcon.colcon_core.environment:checking '/home/rahul/ros2_workspace/install/my_robot_bringup/bin'
[0.947s] INFO:colcon.colcon_core.shell:Creating package script '/home/rahul/ros2_workspace/install/my_robot_bringup/share/my_robot_bringup/package.ps1'
[0.947s] INFO:colcon.colcon_core.shell:Creating package descriptor '/home/rahul/ros2_workspace/install/my_robot_bringup/share/my_robot_bringup/package.dsv'
[0.948s] INFO:colcon.colcon_core.shell:Creating package script '/home/rahul/ros2_workspace/install/my_robot_bringup/share/my_robot_bringup/package.sh'
[0.948s] INFO:colcon.colcon_core.shell:Creating package script '/home/rahul/ros2_workspace/install/my_robot_bringup/share/my_robot_bringup/package.bash'
[0.948s] INFO:colcon.colcon_core.shell:Creating package script '/home/rahul/ros2_workspace/install/my_robot_bringup/share/my_robot_bringup/package.zsh'
[0.948s] Level 1:colcon.colcon_core.environment:create_file_with_runtime_dependencies(/home/rahul/ros2_workspace/install/my_robot_bringup/share/colcon-core/packages/my_robot_bringup)
[0.949s] Level 1:colcon.colcon_core.environment:create_environment_scripts_only(my_robot_bringup)
[0.949s] Level 1:colcon.colcon_core.environment:checking '/home/rahul/ros2_workspace/install/my_robot_bringup' for CMake module files
[0.949s] Level 1:colcon.colcon_core.environment:checking '/home/rahul/ros2_workspace/install/my_robot_bringup' for CMake config files
[0.950s] Level 1:colcon.colcon_core.shell:create_environment_hook('my_robot_bringup', 'cmake_prefix_path')
[0.950s] INFO:colcon.colcon_core.shell:Creating environment hook '/home/rahul/ros2_workspace/install/my_robot_bringup/share/my_robot_bringup/hook/cmake_prefix_path.ps1'
[0.950s] INFO:colcon.colcon_core.shell:Creating environment descriptor '/home/rahul/ros2_workspace/install/my_robot_bringup/share/my_robot_bringup/hook/cmake_prefix_path.dsv'
[0.951s] INFO:colcon.colcon_core.shell:Creating environment hook '/home/rahul/ros2_workspace/install/my_robot_bringup/share/my_robot_bringup/hook/cmake_prefix_path.sh'
[0.951s] Level 1:colcon.colcon_core.environment:checking '/home/rahul/ros2_workspace/install/my_robot_bringup/bin'
[0.951s] Level 1:colcon.colcon_core.environment:checking '/home/rahul/ros2_workspace/install/my_robot_bringup/lib/pkgconfig/my_robot_bringup.pc'
[0.951s] Level 1:colcon.colcon_core.environment:checking '/home/rahul/ros2_workspace/install/my_robot_bringup/lib/python3.10/site-packages'
[0.952s] Level 1:colcon.colcon_core.environment:checking '/home/rahul/ros2_workspace/install/my_robot_bringup/bin'
[0.952s] INFO:colcon.colcon_core.shell:Creating package script '/home/rahul/ros2_workspace/install/my_robot_bringup/share/my_robot_bringup/package.ps1'
[0.952s] INFO:colcon.colcon_core.shell:Creating package descriptor '/home/rahul/ros2_workspace/install/my_robot_bringup/share/my_robot_bringup/package.dsv'
[0.953s] INFO:colcon.colcon_core.shell:Creating package script '/home/rahul/ros2_workspace/install/my_robot_bringup/share/my_robot_bringup/package.sh'
[0.953s] INFO:colcon.colcon_core.shell:Creating package script '/home/rahul/ros2_workspace/install/my_robot_bringup/share/my_robot_bringup/package.bash'
[0.953s] INFO:colcon.colcon_core.shell:Creating package script '/home/rahul/ros2_workspace/install/my_robot_bringup/share/my_robot_bringup/package.zsh'
[0.953s] Level 1:colcon.colcon_core.environment:create_file_with_runtime_dependencies(/home/rahul/ros2_workspace/install/my_robot_bringup/share/colcon-core/packages/my_robot_bringup)
[1.312s] Level 1:colcon.colcon_core.shell:create_environment_hook('my_robot_controller', 'pythonpath_develop')
[1.313s] INFO:colcon.colcon_core.shell:Creating environment hook '/home/rahul/ros2_workspace/build/my_robot_controller/share/my_robot_controller/hook/pythonpath_develop.ps1'
[1.313s] DEBUG:colcon.colcon_core.event_handler.log_command:Invoked command in '/home/rahul/ros2_workspace/build/my_robot_controller' returned '0': PYTHONPATH=/home/rahul/ros2_workspace/build/my_robot_controller/prefix_override:/usr/lib/python3/dist-packages/colcon_core/task/python/colcon_distutils_commands:/home/rahul/ros2_workspace/install/my_robot_controller/lib/python3.10/site-packages:${PYTHONPATH} /usr/bin/python3 -W ignore:setup.py install is deprecated -W ignore:easy_install command is deprecated setup.py develop --editable --build-directory /home/rahul/ros2_workspace/build/my_robot_controller/build --no-deps symlink_data --force
[1.314s] INFO:colcon.colcon_core.shell:Creating environment descriptor '/home/rahul/ros2_workspace/build/my_robot_controller/share/my_robot_controller/hook/pythonpath_develop.dsv'
[1.314s] INFO:colcon.colcon_core.shell:Creating environment hook '/home/rahul/ros2_workspace/build/my_robot_controller/share/my_robot_controller/hook/pythonpath_develop.sh'
[1.314s] Level 1:colcon.colcon_core.environment:checking '/home/rahul/ros2_workspace/install/my_robot_controller' for CMake module files
[1.315s] Level 1:colcon.colcon_core.environment:checking '/home/rahul/ros2_workspace/install/my_robot_controller' for CMake config files
[1.315s] Level 1:colcon.colcon_core.environment:checking '/home/rahul/ros2_workspace/install/my_robot_controller/lib'
[1.315s] Level 1:colcon.colcon_core.environment:checking '/home/rahul/ros2_workspace/install/my_robot_controller/bin'
[1.315s] Level 1:colcon.colcon_core.environment:checking '/home/rahul/ros2_workspace/install/my_robot_controller/lib/pkgconfig/my_robot_controller.pc'
[1.315s] Level 1:colcon.colcon_core.environment:checking '/home/rahul/ros2_workspace/install/my_robot_controller/lib/python3.10/site-packages'
[1.315s] Level 1:colcon.colcon_core.shell:create_environment_hook('my_robot_controller', 'pythonpath')
[1.316s] INFO:colcon.colcon_core.shell:Creating environment hook '/home/rahul/ros2_workspace/install/my_robot_controller/share/my_robot_controller/hook/pythonpath.ps1'
[1.316s] INFO:colcon.colcon_core.shell:Creating environment descriptor '/home/rahul/ros2_workspace/install/my_robot_controller/share/my_robot_controller/hook/pythonpath.dsv'
[1.316s] INFO:colcon.colcon_core.shell:Creating environment hook '/home/rahul/ros2_workspace/install/my_robot_controller/share/my_robot_controller/hook/pythonpath.sh'
[1.317s] Level 1:colcon.colcon_core.environment:checking '/home/rahul/ros2_workspace/install/my_robot_controller/bin'
[1.317s] Level 1:colcon.colcon_core.environment:create_environment_scripts_only(my_robot_controller)
[1.317s] INFO:colcon.colcon_core.shell:Creating package script '/home/rahul/ros2_workspace/install/my_robot_controller/share/my_robot_controller/package.ps1'
[1.318s] INFO:colcon.colcon_core.shell:Creating package descriptor '/home/rahul/ros2_workspace/install/my_robot_controller/share/my_robot_controller/package.dsv'
[1.318s] INFO:colcon.colcon_core.shell:Creating package script '/home/rahul/ros2_workspace/install/my_robot_controller/share/my_robot_controller/package.sh'
[1.318s] INFO:colcon.colcon_core.shell:Creating package script '/home/rahul/ros2_workspace/install/my_robot_controller/share/my_robot_controller/package.bash'
[1.319s] INFO:colcon.colcon_core.shell:Creating package script '/home/rahul/ros2_workspace/install/my_robot_controller/share/my_robot_controller/package.zsh'
[1.319s] Level 1:colcon.colcon_core.environment:create_file_with_runtime_dependencies(/home/rahul/ros2_workspace/install/my_robot_controller/share/colcon-core/packages/my_robot_controller)
[1.319s] DEBUG:colcon.colcon_parallel_executor.executor.parallel:closing loop
[1.319s] DEBUG:colcon.colcon_parallel_executor.executor.parallel:loop closed
[1.319s] DEBUG:colcon.colcon_parallel_executor.executor.parallel:run_until_complete finished with '0'
[1.320s] DEBUG:colcon.colcon_core.event_reactor:joining thread
[1.324s] INFO:colcon.colcon_core.plugin_system:Skipping extension 'colcon_notification.desktop_notification.terminal_notifier': Not used on non-Darwin systems
[1.324s] INFO:colcon.colcon_core.plugin_system:Skipping extension 'colcon_notification.desktop_notification.win32': Not used on non-Windows systems
[1.324s] INFO:colcon.colcon_notification.desktop_notification:Sending desktop notification using 'notify2'
[1.333s] DEBUG:colcon.colcon_core.event_reactor:joined thread
[1.333s] INFO:colcon.colcon_core.shell:Creating prefix script '/home/rahul/ros2_workspace/install/local_setup.ps1'
[1.334s] INFO:colcon.colcon_core.shell:Creating prefix util module '/home/rahul/ros2_workspace/install/_local_setup_util_ps1.py'
[1.335s] INFO:colcon.colcon_core.shell:Creating prefix chain script '/home/rahul/ros2_workspace/install/setup.ps1'
[1.337s] INFO:colcon.colcon_core.shell:Creating prefix script '/home/rahul/ros2_workspace/install/local_setup.sh'
[1.338s] INFO:colcon.colcon_core.shell:Creating prefix util module '/home/rahul/ros2_workspace/install/_local_setup_util_sh.py'
[1.338s] INFO:colcon.colcon_core.shell:Creating prefix chain script '/home/rahul/ros2_workspace/install/setup.sh'
[1.341s] INFO:colcon.colcon_core.shell:Creating prefix script '/home/rahul/ros2_workspace/install/local_setup.bash'
[1.341s] INFO:colcon.colcon_core.shell:Creating prefix chain script '/home/rahul/ros2_workspace/install/setup.bash'
[1.343s] INFO:colcon.colcon_core.shell:Creating prefix script '/home/rahul/ros2_workspace/install/local_setup.zsh'
[1.343s] INFO:colcon.colcon_core.shell:Creating prefix chain script '/home/rahul/ros2_workspace/install/setup.zsh'
