[0.667s] Invoking command in '/home/rahul/ros2_workspace/build/my_robot_controller': PYTHONPATH=/home/rahul/ros2_workspace/build/my_robot_controller/prefix_override:/usr/lib/python3/dist-packages/colcon_core/task/python/colcon_distutils_commands:/home/rahul/ros2_workspace/install/my_robot_controller/lib/python3.10/site-packages:${PYTHONPATH} /usr/bin/python3 -W ignore:setup.py install is deprecated -W ignore:easy_install command is deprecated setup.py develop --uninstall --editable --build-directory /home/rahul/ros2_workspace/build/my_robot_controller/build
[0.905s] running develop
[1.071s] Removing /home/rahul/ros2_workspace/install/my_robot_controller/lib/python3.10/site-packages/my-robot-controller.egg-link (link to .)
[1.103s] Invoked command in '/home/rahul/ros2_workspace/build/my_robot_controller' returned '0': PYTHONPATH=/home/rahul/ros2_workspace/build/my_robot_controller/prefix_override:/usr/lib/python3/dist-packages/colcon_core/task/python/colcon_distutils_commands:/home/rahul/ros2_workspace/install/my_robot_controller/lib/python3.10/site-packages:${PYTHONPATH} /usr/bin/python3 -W ignore:setup.py install is deprecated -W ignore:easy_install command is deprecated setup.py develop --uninstall --editable --build-directory /home/rahul/ros2_workspace/build/my_robot_controller/build
[1.104s] Invoking command in '/home/rahul/ros2_workspace/src/my_robot_controller': PYTHONPATH=/home/rahul/ros2_workspace/build/my_robot_controller/prefix_override:/usr/lib/python3/dist-packages/colcon_core/task/python/colcon_distutils_commands:/home/rahul/ros2_workspace/install/my_robot_controller/lib/python3.10/site-packages:${PYTHONPATH} /usr/bin/python3 -W ignore:setup.py install is deprecated -W ignore:easy_install command is deprecated setup.py egg_info --egg-base ../../build/my_robot_controller build --build-base /home/rahul/ros2_workspace/build/my_robot_controller/build install --record /home/rahul/ros2_workspace/build/my_robot_controller/install.log --single-version-externally-managed install_data --force
[1.325s] running egg_info
[1.325s] writing ../../build/my_robot_controller/my_robot_controller.egg-info/PKG-INFO
[1.326s] writing dependency_links to ../../build/my_robot_controller/my_robot_controller.egg-info/dependency_links.txt
[1.326s] writing entry points to ../../build/my_robot_controller/my_robot_controller.egg-info/entry_points.txt
[1.326s] writing requirements to ../../build/my_robot_controller/my_robot_controller.egg-info/requires.txt
[1.326s] writing top-level names to ../../build/my_robot_controller/my_robot_controller.egg-info/top_level.txt
[1.328s] reading manifest file '../../build/my_robot_controller/my_robot_controller.egg-info/SOURCES.txt'
[1.328s] writing manifest file '../../build/my_robot_controller/my_robot_controller.egg-info/SOURCES.txt'
[1.329s] running build
[1.329s] running build_py
[1.329s] copying my_robot_controller/sign_detection_code.py -> /home/rahul/ros2_workspace/build/my_robot_controller/build/lib/my_robot_controller
[1.329s] copying my_robot_controller/perception_controller.py -> /home/rahul/ros2_workspace/build/my_robot_controller/build/lib/my_robot_controller
[1.329s] running install
[1.329s] running install_lib
[1.331s] creating /home/rahul/ros2_workspace/install/my_robot_controller/lib/python3.10/site-packages/my_robot_controller
[1.331s] copying /home/rahul/ros2_workspace/build/my_robot_controller/build/lib/my_robot_controller/__init__.py -> /home/rahul/ros2_workspace/install/my_robot_controller/lib/python3.10/site-packages/my_robot_controller
[1.331s] copying /home/rahul/ros2_workspace/build/my_robot_controller/build/lib/my_robot_controller/sign_detection_code.py -> /home/rahul/ros2_workspace/install/my_robot_controller/lib/python3.10/site-packages/my_robot_controller
[1.331s] copying /home/rahul/ros2_workspace/build/my_robot_controller/build/lib/my_robot_controller/perception_controller.py -> /home/rahul/ros2_workspace/install/my_robot_controller/lib/python3.10/site-packages/my_robot_controller
[1.331s] copying /home/rahul/ros2_workspace/build/my_robot_controller/build/lib/my_robot_controller/move_robot.py -> /home/rahul/ros2_workspace/install/my_robot_controller/lib/python3.10/site-packages/my_robot_controller
[1.332s] byte-compiling /home/rahul/ros2_workspace/install/my_robot_controller/lib/python3.10/site-packages/my_robot_controller/__init__.py to __init__.cpython-310.pyc
[1.332s] byte-compiling /home/rahul/ros2_workspace/install/my_robot_controller/lib/python3.10/site-packages/my_robot_controller/sign_detection_code.py to sign_detection_code.cpython-310.pyc
[1.332s] byte-compiling /home/rahul/ros2_workspace/install/my_robot_controller/lib/python3.10/site-packages/my_robot_controller/perception_controller.py to perception_controller.cpython-310.pyc
[1.335s] byte-compiling /home/rahul/ros2_workspace/install/my_robot_controller/lib/python3.10/site-packages/my_robot_controller/move_robot.py to move_robot.cpython-310.pyc
[1.336s] running install_data
[1.336s] copying resource/my_robot_controller -> /home/rahul/ros2_workspace/install/my_robot_controller/share/ament_index/resource_index/packages
[1.336s] copying package.xml -> /home/rahul/ros2_workspace/install/my_robot_controller/share/my_robot_controller
[1.336s] running install_egg_info
[1.337s] Copying ../../build/my_robot_controller/my_robot_controller.egg-info to /home/rahul/ros2_workspace/install/my_robot_controller/lib/python3.10/site-packages/my_robot_controller-0.0.0-py3.10.egg-info
[1.338s] running install_scripts
[1.355s] Installing move_robot script to /home/rahul/ros2_workspace/install/my_robot_controller/lib/my_robot_controller
[1.355s] Installing perception_controller script to /home/rahul/ros2_workspace/install/my_robot_controller/lib/my_robot_controller
[1.355s] writing list of installed files to '/home/rahul/ros2_workspace/build/my_robot_controller/install.log'
[30.685s] Invoked command in '/home/rahul/ros2_workspace/src/my_robot_controller' returned '0': PYTHONPATH=/home/rahul/ros2_workspace/build/my_robot_controller/prefix_override:/usr/lib/python3/dist-packages/colcon_core/task/python/colcon_distutils_commands:/home/rahul/ros2_workspace/install/my_robot_controller/lib/python3.10/site-packages:${PYTHONPATH} /usr/bin/python3 -W ignore:setup.py install is deprecated -W ignore:easy_install command is deprecated setup.py egg_info --egg-base ../../build/my_robot_controller build --build-base /home/rahul/ros2_workspace/build/my_robot_controller/build install --record /home/rahul/ros2_workspace/build/my_robot_controller/install.log --single-version-externally-managed install_data --force
