[0.091s] DEBUG:colcon:Command line arguments: ['/usr/bin/colcon', 'build', '--packages-select', 'my_robot_controller', 'my_robot_bringup']
[0.092s] DEBUG:colcon:Parsed command line arguments: Namespace(log_base=None, log_level=None, verb_name='build', build_base='build', install_base='install', merge_install=False, symlink_install=False, test_result_base=None, continue_on_error=False, executor='parallel', parallel_workers=16, event_handlers=None, ignore_user_meta=False, metas=['./colcon.meta'], base_paths=['.'], packages_ignore=None, packages_ignore_regex=None, paths=None, packages_up_to=None, packages_up_to_regex=None, packages_above=None, packages_above_and_dependencies=None, packages_above_depth=None, packages_select_by_dep=None, packages_skip_by_dep=None, packages_skip_up_to=None, packages_select_build_failed=False, packages_skip_build_finished=False, packages_select_test_failures=False, packages_skip_test_passed=False, packages_select=['my_robot_controller', 'my_robot_bringup'], packages_skip=None, packages_select_regex=None, packages_skip_regex=None, packages_start=None, packages_end=None, allow_overriding=[], cmake_args=None, cmake_target=None, cmake_target_skip_unavailable=False, cmake_clean_cache=False, cmake_clean_first=False, cmake_force_configure=False, ament_cmake_args=None, catkin_cmake_args=None, catkin_skip_building_tests=False, verb_parser=<colcon_defaults.argument_parser.defaults.DefaultArgumentsDecorator object at 0x73cf0ea3fe20>, verb_extension=<colcon_core.verb.build.BuildVerb object at 0x73cf0eb9d2d0>, main=<bound method BuildVerb.main of <colcon_core.verb.build.BuildVerb object at 0x73cf0eb9d2d0>>)
[0.253s] Level 1:colcon.colcon_core.package_discovery:discover_packages(colcon_meta) check parameters
[0.253s] Level 1:colcon.colcon_core.package_discovery:discover_packages(recursive) check parameters
[0.253s] Level 1:colcon.colcon_core.package_discovery:discover_packages(ignore) check parameters
[0.253s] Level 1:colcon.colcon_core.package_discovery:discover_packages(path) check parameters
[0.253s] Level 1:colcon.colcon_core.package_discovery:discover_packages(colcon_meta) discover
[0.253s] Level 1:colcon.colcon_core.package_discovery:discover_packages(recursive) discover
[0.253s] INFO:colcon.colcon_core.package_discovery:Crawling recursively for packages in '/home/rahul/ros2_workspace'
[0.253s] Level 1:colcon.colcon_core.package_identification:_identify(.) by extensions ['ignore', 'ignore_ament_install']
[0.253s] Level 1:colcon.colcon_core.package_identification:_identify(.) by extension 'ignore'
[0.253s] Level 1:colcon.colcon_core.package_identification:_identify(.) by extension 'ignore_ament_install'
[0.253s] Level 1:colcon.colcon_core.package_identification:_identify(.) by extensions ['colcon_pkg']
[0.253s] Level 1:colcon.colcon_core.package_identification:_identify(.) by extension 'colcon_pkg'
[0.253s] Level 1:colcon.colcon_core.package_identification:_identify(.) by extensions ['colcon_meta']
[0.253s] Level 1:colcon.colcon_core.package_identification:_identify(.) by extension 'colcon_meta'
[0.253s] Level 1:colcon.colcon_core.package_identification:_identify(.) by extensions ['ros']
[0.253s] Level 1:colcon.colcon_core.package_identification:_identify(.) by extension 'ros'
[0.272s] Level 1:colcon.colcon_core.package_identification:_identify(.) by extensions ['cmake', 'python']
[0.272s] Level 1:colcon.colcon_core.package_identification:_identify(.) by extension 'cmake'
[0.272s] Level 1:colcon.colcon_core.package_identification:_identify(.) by extension 'python'
[0.272s] Level 1:colcon.colcon_core.package_identification:_identify(.) by extensions ['python_setup_py']
[0.272s] Level 1:colcon.colcon_core.package_identification:_identify(.) by extension 'python_setup_py'
[0.273s] Level 1:colcon.colcon_core.package_identification:_identify(build) by extensions ['ignore', 'ignore_ament_install']
[0.273s] Level 1:colcon.colcon_core.package_identification:_identify(build) by extension 'ignore'
[0.273s] Level 1:colcon.colcon_core.package_identification:_identify(build) ignored
[0.273s] Level 1:colcon.colcon_core.package_identification:_identify(install) by extensions ['ignore', 'ignore_ament_install']
[0.273s] Level 1:colcon.colcon_core.package_identification:_identify(install) by extension 'ignore'
[0.273s] Level 1:colcon.colcon_core.package_identification:_identify(install) ignored
[0.273s] Level 1:colcon.colcon_core.package_identification:_identify(log) by extensions ['ignore', 'ignore_ament_install']
[0.273s] Level 1:colcon.colcon_core.package_identification:_identify(log) by extension 'ignore'
[0.273s] Level 1:colcon.colcon_core.package_identification:_identify(log) ignored
[0.273s] Level 1:colcon.colcon_core.package_identification:_identify(src) by extensions ['ignore', 'ignore_ament_install']
[0.273s] Level 1:colcon.colcon_core.package_identification:_identify(src) by extension 'ignore'
[0.273s] Level 1:colcon.colcon_core.package_identification:_identify(src) by extension 'ignore_ament_install'
[0.273s] Level 1:colcon.colcon_core.package_identification:_identify(src) by extensions ['colcon_pkg']
[0.273s] Level 1:colcon.colcon_core.package_identification:_identify(src) by extension 'colcon_pkg'
[0.274s] Level 1:colcon.colcon_core.package_identification:_identify(src) by extensions ['colcon_meta']
[0.274s] Level 1:colcon.colcon_core.package_identification:_identify(src) by extension 'colcon_meta'
[0.274s] Level 1:colcon.colcon_core.package_identification:_identify(src) by extensions ['ros']
[0.274s] Level 1:colcon.colcon_core.package_identification:_identify(src) by extension 'ros'
[0.274s] Level 1:colcon.colcon_core.package_identification:_identify(src) by extensions ['cmake', 'python']
[0.274s] Level 1:colcon.colcon_core.package_identification:_identify(src) by extension 'cmake'
[0.274s] Level 1:colcon.colcon_core.package_identification:_identify(src) by extension 'python'
[0.274s] Level 1:colcon.colcon_core.package_identification:_identify(src) by extensions ['python_setup_py']
[0.274s] Level 1:colcon.colcon_core.package_identification:_identify(src) by extension 'python_setup_py'
[0.274s] Level 1:colcon.colcon_core.package_identification:_identify(src/my_robot_bringup) by extensions ['ignore', 'ignore_ament_install']
[0.274s] Level 1:colcon.colcon_core.package_identification:_identify(src/my_robot_bringup) by extension 'ignore'
[0.274s] Level 1:colcon.colcon_core.package_identification:_identify(src/my_robot_bringup) by extension 'ignore_ament_install'
[0.274s] Level 1:colcon.colcon_core.package_identification:_identify(src/my_robot_bringup) by extensions ['colcon_pkg']
[0.274s] Level 1:colcon.colcon_core.package_identification:_identify(src/my_robot_bringup) by extension 'colcon_pkg'
[0.274s] Level 1:colcon.colcon_core.package_identification:_identify(src/my_robot_bringup) by extensions ['colcon_meta']
[0.274s] Level 1:colcon.colcon_core.package_identification:_identify(src/my_robot_bringup) by extension 'colcon_meta'
[0.274s] Level 1:colcon.colcon_core.package_identification:_identify(src/my_robot_bringup) by extensions ['ros']
[0.274s] Level 1:colcon.colcon_core.package_identification:_identify(src/my_robot_bringup) by extension 'ros'
[0.276s] DEBUG:colcon.colcon_core.package_identification:Package 'src/my_robot_bringup' with type 'ros.ament_cmake' and name 'my_robot_bringup'
[0.276s] Level 1:colcon.colcon_core.package_identification:_identify(src/my_robot_controller) by extensions ['ignore', 'ignore_ament_install']
[0.276s] Level 1:colcon.colcon_core.package_identification:_identify(src/my_robot_controller) by extension 'ignore'
[0.276s] Level 1:colcon.colcon_core.package_identification:_identify(src/my_robot_controller) by extension 'ignore_ament_install'
[0.276s] Level 1:colcon.colcon_core.package_identification:_identify(src/my_robot_controller) by extensions ['colcon_pkg']
[0.276s] Level 1:colcon.colcon_core.package_identification:_identify(src/my_robot_controller) by extension 'colcon_pkg'
[0.276s] Level 1:colcon.colcon_core.package_identification:_identify(src/my_robot_controller) by extensions ['colcon_meta']
[0.276s] Level 1:colcon.colcon_core.package_identification:_identify(src/my_robot_controller) by extension 'colcon_meta'
[0.277s] Level 1:colcon.colcon_core.package_identification:_identify(src/my_robot_controller) by extensions ['ros']
[0.277s] Level 1:colcon.colcon_core.package_identification:_identify(src/my_robot_controller) by extension 'ros'
[0.277s] DEBUG:colcon.colcon_core.package_identification:Package 'src/my_robot_controller' with type 'ros.ament_python' and name 'my_robot_controller'
[0.277s] Level 1:colcon.colcon_core.package_identification:_identify(src/my_robot_description) by extensions ['ignore', 'ignore_ament_install']
[0.277s] Level 1:colcon.colcon_core.package_identification:_identify(src/my_robot_description) by extension 'ignore'
[0.277s] Level 1:colcon.colcon_core.package_identification:_identify(src/my_robot_description) by extension 'ignore_ament_install'
[0.278s] Level 1:colcon.colcon_core.package_identification:_identify(src/my_robot_description) by extensions ['colcon_pkg']
[0.278s] Level 1:colcon.colcon_core.package_identification:_identify(src/my_robot_description) by extension 'colcon_pkg'
[0.278s] Level 1:colcon.colcon_core.package_identification:_identify(src/my_robot_description) by extensions ['colcon_meta']
[0.278s] Level 1:colcon.colcon_core.package_identification:_identify(src/my_robot_description) by extension 'colcon_meta'
[0.278s] Level 1:colcon.colcon_core.package_identification:_identify(src/my_robot_description) by extensions ['ros']
[0.278s] Level 1:colcon.colcon_core.package_identification:_identify(src/my_robot_description) by extension 'ros'
[0.278s] DEBUG:colcon.colcon_core.package_identification:Package 'src/my_robot_description' with type 'ros.ament_cmake' and name 'my_robot_description'
[0.278s] Level 1:colcon.colcon_core.package_discovery:discover_packages(recursive) using defaults
[0.278s] Level 1:colcon.colcon_core.package_discovery:discover_packages(ignore) discover
[0.278s] Level 1:colcon.colcon_core.package_discovery:discover_packages(ignore) using defaults
[0.278s] Level 1:colcon.colcon_core.package_discovery:discover_packages(path) discover
[0.278s] Level 1:colcon.colcon_core.package_discovery:discover_packages(path) using defaults
[0.294s] INFO:colcon.colcon_core.package_selection:Skipping not selected package 'my_robot_description' in 'src/my_robot_description'
[0.294s] Level 1:colcon.colcon_core.package_discovery:discover_packages(prefix_path) check parameters
[0.294s] Level 1:colcon.colcon_core.package_discovery:discover_packages(prefix_path) discover
[0.297s] DEBUG:colcon.colcon_installed_package_information.package_discovery:Found 13 installed packages in /home/rahul/colcon_ws/install
[0.298s] DEBUG:colcon.colcon_installed_package_information.package_discovery:Found 23 installed packages in /home/rahul/ros2_ws/install
[0.298s] DEBUG:colcon.colcon_installed_package_information.package_discovery:Found 2 installed packages in /home/rahul/arduinobot_ws/install
[0.300s] DEBUG:colcon.colcon_installed_package_information.package_discovery:Found 465 installed packages in /opt/ros/humble
[0.303s] Level 1:colcon.colcon_core.package_discovery:discover_packages(prefix_path) using defaults
[0.345s] Level 5:colcon.colcon_core.verb:set package 'my_robot_controller' build argument 'cmake_args' from command line to 'None'
[0.345s] Level 5:colcon.colcon_core.verb:set package 'my_robot_controller' build argument 'cmake_target' from command line to 'None'
[0.345s] Level 5:colcon.colcon_core.verb:set package 'my_robot_controller' build argument 'cmake_target_skip_unavailable' from command line to 'False'
[0.345s] Level 5:colcon.colcon_core.verb:set package 'my_robot_controller' build argument 'cmake_clean_cache' from command line to 'False'
[0.345s] Level 5:colcon.colcon_core.verb:set package 'my_robot_controller' build argument 'cmake_clean_first' from command line to 'False'
[0.345s] Level 5:colcon.colcon_core.verb:set package 'my_robot_controller' build argument 'cmake_force_configure' from command line to 'False'
[0.345s] Level 5:colcon.colcon_core.verb:set package 'my_robot_controller' build argument 'ament_cmake_args' from command line to 'None'
[0.345s] Level 5:colcon.colcon_core.verb:set package 'my_robot_controller' build argument 'catkin_cmake_args' from command line to 'None'
[0.345s] Level 5:colcon.colcon_core.verb:set package 'my_robot_controller' build argument 'catkin_skip_building_tests' from command line to 'False'
[0.345s] DEBUG:colcon.colcon_core.verb:Building package 'my_robot_controller' with the following arguments: {'ament_cmake_args': None, 'build_base': '/home/rahul/ros2_workspace/build/my_robot_controller', 'catkin_cmake_args': None, 'catkin_skip_building_tests': False, 'cmake_args': None, 'cmake_clean_cache': False, 'cmake_clean_first': False, 'cmake_force_configure': False, 'cmake_target': None, 'cmake_target_skip_unavailable': False, 'install_base': '/home/rahul/ros2_workspace/install/my_robot_controller', 'merge_install': False, 'path': '/home/rahul/ros2_workspace/src/my_robot_controller', 'symlink_install': False, 'test_result_base': None}
[0.345s] Level 5:colcon.colcon_core.verb:set package 'my_robot_bringup' build argument 'cmake_args' from command line to 'None'
[0.345s] Level 5:colcon.colcon_core.verb:set package 'my_robot_bringup' build argument 'cmake_target' from command line to 'None'
[0.345s] Level 5:colcon.colcon_core.verb:set package 'my_robot_bringup' build argument 'cmake_target_skip_unavailable' from command line to 'False'
[0.346s] Level 5:colcon.colcon_core.verb:set package 'my_robot_bringup' build argument 'cmake_clean_cache' from command line to 'False'
[0.346s] Level 5:colcon.colcon_core.verb:set package 'my_robot_bringup' build argument 'cmake_clean_first' from command line to 'False'
[0.346s] Level 5:colcon.colcon_core.verb:set package 'my_robot_bringup' build argument 'cmake_force_configure' from command line to 'False'
[0.346s] Level 5:colcon.colcon_core.verb:set package 'my_robot_bringup' build argument 'ament_cmake_args' from command line to 'None'
[0.346s] Level 5:colcon.colcon_core.verb:set package 'my_robot_bringup' build argument 'catkin_cmake_args' from command line to 'None'
[0.346s] Level 5:colcon.colcon_core.verb:set package 'my_robot_bringup' build argument 'catkin_skip_building_tests' from command line to 'False'
[0.346s] DEBUG:colcon.colcon_core.verb:Building package 'my_robot_bringup' with the following arguments: {'ament_cmake_args': None, 'build_base': '/home/rahul/ros2_workspace/build/my_robot_bringup', 'catkin_cmake_args': None, 'catkin_skip_building_tests': False, 'cmake_args': None, 'cmake_clean_cache': False, 'cmake_clean_first': False, 'cmake_force_configure': False, 'cmake_target': None, 'cmake_target_skip_unavailable': False, 'install_base': '/home/rahul/ros2_workspace/install/my_robot_bringup', 'merge_install': False, 'path': '/home/rahul/ros2_workspace/src/my_robot_bringup', 'symlink_install': False, 'test_result_base': None}
[0.346s] INFO:colcon.colcon_core.executor:Executing jobs using 'parallel' executor
[0.347s] DEBUG:colcon.colcon_parallel_executor.executor.parallel:run_until_complete
[0.347s] INFO:colcon.colcon_ros.task.ament_python.build:Building ROS package in '/home/rahul/ros2_workspace/src/my_robot_controller' with build type 'ament_python'
[0.347s] Level 1:colcon.colcon_core.shell:create_environment_hook('my_robot_controller', 'ament_prefix_path')
[0.349s] INFO:colcon.colcon_core.plugin_system:Skipping extension 'colcon_core.shell.bat': Not used on non-Windows systems
[0.349s] INFO:colcon.colcon_core.shell:Creating environment hook '/home/rahul/ros2_workspace/install/my_robot_controller/share/my_robot_controller/hook/ament_prefix_path.ps1'
[0.349s] INFO:colcon.colcon_core.shell:Creating environment descriptor '/home/rahul/ros2_workspace/install/my_robot_controller/share/my_robot_controller/hook/ament_prefix_path.dsv'
[0.350s] INFO:colcon.colcon_core.shell:Creating environment hook '/home/rahul/ros2_workspace/install/my_robot_controller/share/my_robot_controller/hook/ament_prefix_path.sh'
[0.350s] INFO:colcon.colcon_core.shell:Skip shell extension 'powershell' for command environment: Not usable outside of PowerShell
[0.350s] DEBUG:colcon.colcon_core.shell:Skip shell extension 'dsv' for command environment
[0.356s] INFO:colcon.colcon_ros.task.ament_cmake.build:Building ROS package in '/home/rahul/ros2_workspace/src/my_robot_bringup' with build type 'ament_cmake'
[0.356s] INFO:colcon.colcon_cmake.task.cmake.build:Building CMake package in '/home/rahul/ros2_workspace/src/my_robot_bringup'
[0.356s] INFO:colcon.colcon_core.shell:Skip shell extension 'powershell' for command environment: Not usable outside of PowerShell
[0.356s] DEBUG:colcon.colcon_core.shell:Skip shell extension 'dsv' for command environment
[0.609s] INFO:colcon.colcon_core.task.python.build:Building Python package in '/home/rahul/ros2_workspace/src/my_robot_controller'
[0.609s] INFO:colcon.colcon_core.shell:Skip shell extension 'powershell' for command environment: Not usable outside of PowerShell
[0.609s] DEBUG:colcon.colcon_core.shell:Skip shell extension 'dsv' for command environment
[0.618s] DEBUG:colcon.colcon_core.event_handler.log_command:Invoking command in '/home/rahul/ros2_workspace/build/my_robot_bringup': AMENT_PREFIX_PATH=/home/rahul/ros2_workspace/install/my_robot_description:${AMENT_PREFIX_PATH} CMAKE_PREFIX_PATH=/home/rahul/ros2_workspace/install/my_robot_description:/home/rahul/arduinobot_ws/install/arduinobot_description:/home/rahul/ros2_ws/install/examples_rclcpp_wait_set:/home/rahul/ros2_ws/install/examples_rclcpp_multithreaded_executor:/home/rahul/ros2_ws/install/examples_rclcpp_minimal_timer:/home/rahul/ros2_ws/install/examples_rclcpp_minimal_subscriber:/home/rahul/ros2_ws/install/examples_rclcpp_minimal_service:/home/rahul/ros2_ws/install/examples_rclcpp_minimal_publisher:/home/rahul/ros2_ws/install/examples_rclcpp_minimal_composition:/home/rahul/ros2_ws/install/examples_rclcpp_minimal_client:/home/rahul/ros2_ws/install/examples_rclcpp_minimal_action_server:/home/rahul/ros2_ws/install/examples_rclcpp_minimal_action_client:/home/rahul/ros2_ws/install/examples_rclcpp_cbg_executor:/home/rahul/ros2_ws/install/examples_rclcpp_async_client:/home/rahul/colcon_ws/install/ur_simulation_gazebo:/home/rahul/colcon_ws/install/ur_moveit_config:/home/rahul/colcon_ws/install/ur_description:/home/rahul/colcon_ws/install/servo_msgs:/home/rahul/colcon_ws/install/realsense_gazebo_plugin:/home/rahul/colcon_ws/install/pymoveit2:/home/rahul/colcon_ws/install/ebot_description:/home/rahul/colcon_ws/install/payload_service:/home/rahul/colcon_ws/install/linkattacher_msgs:/home/rahul/colcon_ws/install/eyantra_warehouse:/home/rahul/colcon_ws/install/ebot_nav2:/home/rahul/colcon_ws/install/ebot_docking:/home/rahul/arduinobot_ws/install/arduinobot_py_examples:/home/rahul/ros2_ws/install/launch_testing_examples:/home/rahul/ros2_ws/install/examples_rclpy_pointcloud_publisher:/home/rahul/ros2_ws/install/examples_rclpy_minimal_subscriber:/home/rahul/ros2_ws/install/examples_rclpy_minimal_service:/home/rahul/ros2_ws/install/examples_rclpy_minimal_publisher:/home/rahul/ros2_ws/install/examples_rclpy_minimal_client:/home/rahul/ros2_ws/install/examples_rclpy_minimal_action_server:/home/rahul/ros2_ws/install/examples_rclpy_minimal_action_client:/home/rahul/ros2_ws/install/examples_rclpy_guard_conditions:/home/rahul/ros2_ws/install/examples_rclpy_executors:/home/rahul/ros2_ws/install/My_package:/home/rahul/colcon_ws/install/ur5_control:/opt/ros/humble /usr/bin/cmake /home/rahul/ros2_workspace/src/my_robot_bringup -DCMAKE_INSTALL_PREFIX=/home/rahul/ros2_workspace/install/my_robot_bringup
[0.815s] DEBUG:colcon.colcon_core.event_handler.log_command:Invoked command in '/home/rahul/ros2_workspace/build/my_robot_bringup' returned '0': AMENT_PREFIX_PATH=/home/rahul/ros2_workspace/install/my_robot_description:${AMENT_PREFIX_PATH} CMAKE_PREFIX_PATH=/home/rahul/ros2_workspace/install/my_robot_description:/home/rahul/arduinobot_ws/install/arduinobot_description:/home/rahul/ros2_ws/install/examples_rclcpp_wait_set:/home/rahul/ros2_ws/install/examples_rclcpp_multithreaded_executor:/home/rahul/ros2_ws/install/examples_rclcpp_minimal_timer:/home/rahul/ros2_ws/install/examples_rclcpp_minimal_subscriber:/home/rahul/ros2_ws/install/examples_rclcpp_minimal_service:/home/rahul/ros2_ws/install/examples_rclcpp_minimal_publisher:/home/rahul/ros2_ws/install/examples_rclcpp_minimal_composition:/home/rahul/ros2_ws/install/examples_rclcpp_minimal_client:/home/rahul/ros2_ws/install/examples_rclcpp_minimal_action_server:/home/rahul/ros2_ws/install/examples_rclcpp_minimal_action_client:/home/rahul/ros2_ws/install/examples_rclcpp_cbg_executor:/home/rahul/ros2_ws/install/examples_rclcpp_async_client:/home/rahul/colcon_ws/install/ur_simulation_gazebo:/home/rahul/colcon_ws/install/ur_moveit_config:/home/rahul/colcon_ws/install/ur_description:/home/rahul/colcon_ws/install/servo_msgs:/home/rahul/colcon_ws/install/realsense_gazebo_plugin:/home/rahul/colcon_ws/install/pymoveit2:/home/rahul/colcon_ws/install/ebot_description:/home/rahul/colcon_ws/install/payload_service:/home/rahul/colcon_ws/install/linkattacher_msgs:/home/rahul/colcon_ws/install/eyantra_warehouse:/home/rahul/colcon_ws/install/ebot_nav2:/home/rahul/colcon_ws/install/ebot_docking:/home/rahul/arduinobot_ws/install/arduinobot_py_examples:/home/rahul/ros2_ws/install/launch_testing_examples:/home/rahul/ros2_ws/install/examples_rclpy_pointcloud_publisher:/home/rahul/ros2_ws/install/examples_rclpy_minimal_subscriber:/home/rahul/ros2_ws/install/examples_rclpy_minimal_service:/home/rahul/ros2_ws/install/examples_rclpy_minimal_publisher:/home/rahul/ros2_ws/install/examples_rclpy_minimal_client:/home/rahul/ros2_ws/install/examples_rclpy_minimal_action_server:/home/rahul/ros2_ws/install/examples_rclpy_minimal_action_client:/home/rahul/ros2_ws/install/examples_rclpy_guard_conditions:/home/rahul/ros2_ws/install/examples_rclpy_executors:/home/rahul/ros2_ws/install/My_package:/home/rahul/colcon_ws/install/ur5_control:/opt/ros/humble /usr/bin/cmake /home/rahul/ros2_workspace/src/my_robot_bringup -DCMAKE_INSTALL_PREFIX=/home/rahul/ros2_workspace/install/my_robot_bringup
[0.816s] DEBUG:colcon.colcon_core.event_handler.log_command:Invoking command in '/home/rahul/ros2_workspace/build/my_robot_bringup': AMENT_PREFIX_PATH=/home/rahul/ros2_workspace/install/my_robot_description:${AMENT_PREFIX_PATH} CMAKE_PREFIX_PATH=/home/rahul/ros2_workspace/install/my_robot_description:/home/rahul/arduinobot_ws/install/arduinobot_description:/home/rahul/ros2_ws/install/examples_rclcpp_wait_set:/home/rahul/ros2_ws/install/examples_rclcpp_multithreaded_executor:/home/rahul/ros2_ws/install/examples_rclcpp_minimal_timer:/home/rahul/ros2_ws/install/examples_rclcpp_minimal_subscriber:/home/rahul/ros2_ws/install/examples_rclcpp_minimal_service:/home/rahul/ros2_ws/install/examples_rclcpp_minimal_publisher:/home/rahul/ros2_ws/install/examples_rclcpp_minimal_composition:/home/rahul/ros2_ws/install/examples_rclcpp_minimal_client:/home/rahul/ros2_ws/install/examples_rclcpp_minimal_action_server:/home/rahul/ros2_ws/install/examples_rclcpp_minimal_action_client:/home/rahul/ros2_ws/install/examples_rclcpp_cbg_executor:/home/rahul/ros2_ws/install/examples_rclcpp_async_client:/home/rahul/colcon_ws/install/ur_simulation_gazebo:/home/rahul/colcon_ws/install/ur_moveit_config:/home/rahul/colcon_ws/install/ur_description:/home/rahul/colcon_ws/install/servo_msgs:/home/rahul/colcon_ws/install/realsense_gazebo_plugin:/home/rahul/colcon_ws/install/pymoveit2:/home/rahul/colcon_ws/install/ebot_description:/home/rahul/colcon_ws/install/payload_service:/home/rahul/colcon_ws/install/linkattacher_msgs:/home/rahul/colcon_ws/install/eyantra_warehouse:/home/rahul/colcon_ws/install/ebot_nav2:/home/rahul/colcon_ws/install/ebot_docking:/home/rahul/arduinobot_ws/install/arduinobot_py_examples:/home/rahul/ros2_ws/install/launch_testing_examples:/home/rahul/ros2_ws/install/examples_rclpy_pointcloud_publisher:/home/rahul/ros2_ws/install/examples_rclpy_minimal_subscriber:/home/rahul/ros2_ws/install/examples_rclpy_minimal_service:/home/rahul/ros2_ws/install/examples_rclpy_minimal_publisher:/home/rahul/ros2_ws/install/examples_rclpy_minimal_client:/home/rahul/ros2_ws/install/examples_rclpy_minimal_action_server:/home/rahul/ros2_ws/install/examples_rclpy_minimal_action_client:/home/rahul/ros2_ws/install/examples_rclpy_guard_conditions:/home/rahul/ros2_ws/install/examples_rclpy_executors:/home/rahul/ros2_ws/install/My_package:/home/rahul/colcon_ws/install/ur5_control:/opt/ros/humble /usr/bin/cmake --build /home/rahul/ros2_workspace/build/my_robot_bringup -- -j16 -l16
[0.857s] DEBUG:colcon.colcon_core.event_handler.log_command:Invoked command in '/home/rahul/ros2_workspace/build/my_robot_bringup' returned '0': AMENT_PREFIX_PATH=/home/rahul/ros2_workspace/install/my_robot_description:${AMENT_PREFIX_PATH} CMAKE_PREFIX_PATH=/home/rahul/ros2_workspace/install/my_robot_description:/home/rahul/arduinobot_ws/install/arduinobot_description:/home/rahul/ros2_ws/install/examples_rclcpp_wait_set:/home/rahul/ros2_ws/install/examples_rclcpp_multithreaded_executor:/home/rahul/ros2_ws/install/examples_rclcpp_minimal_timer:/home/rahul/ros2_ws/install/examples_rclcpp_minimal_subscriber:/home/rahul/ros2_ws/install/examples_rclcpp_minimal_service:/home/rahul/ros2_ws/install/examples_rclcpp_minimal_publisher:/home/rahul/ros2_ws/install/examples_rclcpp_minimal_composition:/home/rahul/ros2_ws/install/examples_rclcpp_minimal_client:/home/rahul/ros2_ws/install/examples_rclcpp_minimal_action_server:/home/rahul/ros2_ws/install/examples_rclcpp_minimal_action_client:/home/rahul/ros2_ws/install/examples_rclcpp_cbg_executor:/home/rahul/ros2_ws/install/examples_rclcpp_async_client:/home/rahul/colcon_ws/install/ur_simulation_gazebo:/home/rahul/colcon_ws/install/ur_moveit_config:/home/rahul/colcon_ws/install/ur_description:/home/rahul/colcon_ws/install/servo_msgs:/home/rahul/colcon_ws/install/realsense_gazebo_plugin:/home/rahul/colcon_ws/install/pymoveit2:/home/rahul/colcon_ws/install/ebot_description:/home/rahul/colcon_ws/install/payload_service:/home/rahul/colcon_ws/install/linkattacher_msgs:/home/rahul/colcon_ws/install/eyantra_warehouse:/home/rahul/colcon_ws/install/ebot_nav2:/home/rahul/colcon_ws/install/ebot_docking:/home/rahul/arduinobot_ws/install/arduinobot_py_examples:/home/rahul/ros2_ws/install/launch_testing_examples:/home/rahul/ros2_ws/install/examples_rclpy_pointcloud_publisher:/home/rahul/ros2_ws/install/examples_rclpy_minimal_subscriber:/home/rahul/ros2_ws/install/examples_rclpy_minimal_service:/home/rahul/ros2_ws/install/examples_rclpy_minimal_publisher:/home/rahul/ros2_ws/install/examples_rclpy_minimal_client:/home/rahul/ros2_ws/install/examples_rclpy_minimal_action_server:/home/rahul/ros2_ws/install/examples_rclpy_minimal_action_client:/home/rahul/ros2_ws/install/examples_rclpy_guard_conditions:/home/rahul/ros2_ws/install/examples_rclpy_executors:/home/rahul/ros2_ws/install/My_package:/home/rahul/colcon_ws/install/ur5_control:/opt/ros/humble /usr/bin/cmake --build /home/rahul/ros2_workspace/build/my_robot_bringup -- -j16 -l16
[0.867s] DEBUG:colcon.colcon_core.event_handler.log_command:Invoking command in '/home/rahul/ros2_workspace/build/my_robot_bringup': AMENT_PREFIX_PATH=/home/rahul/ros2_workspace/install/my_robot_description:${AMENT_PREFIX_PATH} CMAKE_PREFIX_PATH=/home/rahul/ros2_workspace/install/my_robot_description:/home/rahul/arduinobot_ws/install/arduinobot_description:/home/rahul/ros2_ws/install/examples_rclcpp_wait_set:/home/rahul/ros2_ws/install/examples_rclcpp_multithreaded_executor:/home/rahul/ros2_ws/install/examples_rclcpp_minimal_timer:/home/rahul/ros2_ws/install/examples_rclcpp_minimal_subscriber:/home/rahul/ros2_ws/install/examples_rclcpp_minimal_service:/home/rahul/ros2_ws/install/examples_rclcpp_minimal_publisher:/home/rahul/ros2_ws/install/examples_rclcpp_minimal_composition:/home/rahul/ros2_ws/install/examples_rclcpp_minimal_client:/home/rahul/ros2_ws/install/examples_rclcpp_minimal_action_server:/home/rahul/ros2_ws/install/examples_rclcpp_minimal_action_client:/home/rahul/ros2_ws/install/examples_rclcpp_cbg_executor:/home/rahul/ros2_ws/install/examples_rclcpp_async_client:/home/rahul/colcon_ws/install/ur_simulation_gazebo:/home/rahul/colcon_ws/install/ur_moveit_config:/home/rahul/colcon_ws/install/ur_description:/home/rahul/colcon_ws/install/servo_msgs:/home/rahul/colcon_ws/install/realsense_gazebo_plugin:/home/rahul/colcon_ws/install/pymoveit2:/home/rahul/colcon_ws/install/ebot_description:/home/rahul/colcon_ws/install/payload_service:/home/rahul/colcon_ws/install/linkattacher_msgs:/home/rahul/colcon_ws/install/eyantra_warehouse:/home/rahul/colcon_ws/install/ebot_nav2:/home/rahul/colcon_ws/install/ebot_docking:/home/rahul/arduinobot_ws/install/arduinobot_py_examples:/home/rahul/ros2_ws/install/launch_testing_examples:/home/rahul/ros2_ws/install/examples_rclpy_pointcloud_publisher:/home/rahul/ros2_ws/install/examples_rclpy_minimal_subscriber:/home/rahul/ros2_ws/install/examples_rclpy_minimal_service:/home/rahul/ros2_ws/install/examples_rclpy_minimal_publisher:/home/rahul/ros2_ws/install/examples_rclpy_minimal_client:/home/rahul/ros2_ws/install/examples_rclpy_minimal_action_server:/home/rahul/ros2_ws/install/examples_rclpy_minimal_action_client:/home/rahul/ros2_ws/install/examples_rclpy_guard_conditions:/home/rahul/ros2_ws/install/examples_rclpy_executors:/home/rahul/ros2_ws/install/My_package:/home/rahul/colcon_ws/install/ur5_control:/opt/ros/humble /usr/bin/cmake --install /home/rahul/ros2_workspace/build/my_robot_bringup
[0.889s] Level 1:colcon.colcon_core.environment:create_environment_scripts_only(my_robot_bringup)
[0.889s] DEBUG:colcon.colcon_core.event_handler.log_command:Invoked command in '/home/rahul/ros2_workspace/build/my_robot_bringup' returned '0': AMENT_PREFIX_PATH=/home/rahul/ros2_workspace/install/my_robot_description:${AMENT_PREFIX_PATH} CMAKE_PREFIX_PATH=/home/rahul/ros2_workspace/install/my_robot_description:/home/rahul/arduinobot_ws/install/arduinobot_description:/home/rahul/ros2_ws/install/examples_rclcpp_wait_set:/home/rahul/ros2_ws/install/examples_rclcpp_multithreaded_executor:/home/rahul/ros2_ws/install/examples_rclcpp_minimal_timer:/home/rahul/ros2_ws/install/examples_rclcpp_minimal_subscriber:/home/rahul/ros2_ws/install/examples_rclcpp_minimal_service:/home/rahul/ros2_ws/install/examples_rclcpp_minimal_publisher:/home/rahul/ros2_ws/install/examples_rclcpp_minimal_composition:/home/rahul/ros2_ws/install/examples_rclcpp_minimal_client:/home/rahul/ros2_ws/install/examples_rclcpp_minimal_action_server:/home/rahul/ros2_ws/install/examples_rclcpp_minimal_action_client:/home/rahul/ros2_ws/install/examples_rclcpp_cbg_executor:/home/rahul/ros2_ws/install/examples_rclcpp_async_client:/home/rahul/colcon_ws/install/ur_simulation_gazebo:/home/rahul/colcon_ws/install/ur_moveit_config:/home/rahul/colcon_ws/install/ur_description:/home/rahul/colcon_ws/install/servo_msgs:/home/rahul/colcon_ws/install/realsense_gazebo_plugin:/home/rahul/colcon_ws/install/pymoveit2:/home/rahul/colcon_ws/install/ebot_description:/home/rahul/colcon_ws/install/payload_service:/home/rahul/colcon_ws/install/linkattacher_msgs:/home/rahul/colcon_ws/install/eyantra_warehouse:/home/rahul/colcon_ws/install/ebot_nav2:/home/rahul/colcon_ws/install/ebot_docking:/home/rahul/arduinobot_ws/install/arduinobot_py_examples:/home/rahul/ros2_ws/install/launch_testing_examples:/home/rahul/ros2_ws/install/examples_rclpy_pointcloud_publisher:/home/rahul/ros2_ws/install/examples_rclpy_minimal_subscriber:/home/rahul/ros2_ws/install/examples_rclpy_minimal_service:/home/rahul/ros2_ws/install/examples_rclpy_minimal_publisher:/home/rahul/ros2_ws/install/examples_rclpy_minimal_client:/home/rahul/ros2_ws/install/examples_rclpy_minimal_action_server:/home/rahul/ros2_ws/install/examples_rclpy_minimal_action_client:/home/rahul/ros2_ws/install/examples_rclpy_guard_conditions:/home/rahul/ros2_ws/install/examples_rclpy_executors:/home/rahul/ros2_ws/install/My_package:/home/rahul/colcon_ws/install/ur5_control:/opt/ros/humble /usr/bin/cmake --install /home/rahul/ros2_workspace/build/my_robot_bringup
[0.891s] Level 1:colcon.colcon_core.environment:checking '/home/rahul/ros2_workspace/install/my_robot_bringup' for CMake module files
[0.892s] Level 1:colcon.colcon_core.environment:checking '/home/rahul/ros2_workspace/install/my_robot_bringup' for CMake config files
[0.892s] Level 1:colcon.colcon_core.shell:create_environment_hook('my_robot_bringup', 'cmake_prefix_path')
[0.892s] INFO:colcon.colcon_core.shell:Creating environment hook '/home/rahul/ros2_workspace/install/my_robot_bringup/share/my_robot_bringup/hook/cmake_prefix_path.ps1'
[0.893s] INFO:colcon.colcon_core.shell:Creating environment descriptor '/home/rahul/ros2_workspace/install/my_robot_bringup/share/my_robot_bringup/hook/cmake_prefix_path.dsv'
[0.893s] INFO:colcon.colcon_core.shell:Creating environment hook '/home/rahul/ros2_workspace/install/my_robot_bringup/share/my_robot_bringup/hook/cmake_prefix_path.sh'
[0.894s] Level 1:colcon.colcon_core.environment:checking '/home/rahul/ros2_workspace/install/my_robot_bringup/bin'
[0.894s] Level 1:colcon.colcon_core.environment:checking '/home/rahul/ros2_workspace/install/my_robot_bringup/lib/pkgconfig/my_robot_bringup.pc'
[0.894s] Level 1:colcon.colcon_core.environment:checking '/home/rahul/ros2_workspace/install/my_robot_bringup/lib/python3.10/site-packages'
[0.894s] Level 1:colcon.colcon_core.environment:checking '/home/rahul/ros2_workspace/install/my_robot_bringup/bin'
[0.894s] INFO:colcon.colcon_core.shell:Creating package script '/home/rahul/ros2_workspace/install/my_robot_bringup/share/my_robot_bringup/package.ps1'
[0.895s] INFO:colcon.colcon_core.shell:Creating package descriptor '/home/rahul/ros2_workspace/install/my_robot_bringup/share/my_robot_bringup/package.dsv'
[0.896s] INFO:colcon.colcon_core.shell:Creating package script '/home/rahul/ros2_workspace/install/my_robot_bringup/share/my_robot_bringup/package.sh'
[0.896s] INFO:colcon.colcon_core.shell:Creating package script '/home/rahul/ros2_workspace/install/my_robot_bringup/share/my_robot_bringup/package.bash'
[0.897s] INFO:colcon.colcon_core.shell:Creating package script '/home/rahul/ros2_workspace/install/my_robot_bringup/share/my_robot_bringup/package.zsh'
[0.897s] Level 1:colcon.colcon_core.environment:create_file_with_runtime_dependencies(/home/rahul/ros2_workspace/install/my_robot_bringup/share/colcon-core/packages/my_robot_bringup)
[0.898s] Level 1:colcon.colcon_core.environment:create_environment_scripts_only(my_robot_bringup)
[0.898s] Level 1:colcon.colcon_core.environment:checking '/home/rahul/ros2_workspace/install/my_robot_bringup' for CMake module files
[0.898s] Level 1:colcon.colcon_core.environment:checking '/home/rahul/ros2_workspace/install/my_robot_bringup' for CMake config files
[0.899s] Level 1:colcon.colcon_core.shell:create_environment_hook('my_robot_bringup', 'cmake_prefix_path')
[0.899s] INFO:colcon.colcon_core.shell:Creating environment hook '/home/rahul/ros2_workspace/install/my_robot_bringup/share/my_robot_bringup/hook/cmake_prefix_path.ps1'
[0.899s] INFO:colcon.colcon_core.shell:Creating environment descriptor '/home/rahul/ros2_workspace/install/my_robot_bringup/share/my_robot_bringup/hook/cmake_prefix_path.dsv'
[0.900s] INFO:colcon.colcon_core.shell:Creating environment hook '/home/rahul/ros2_workspace/install/my_robot_bringup/share/my_robot_bringup/hook/cmake_prefix_path.sh'
[0.900s] Level 1:colcon.colcon_core.environment:checking '/home/rahul/ros2_workspace/install/my_robot_bringup/bin'
[0.900s] Level 1:colcon.colcon_core.environment:checking '/home/rahul/ros2_workspace/install/my_robot_bringup/lib/pkgconfig/my_robot_bringup.pc'
[0.900s] Level 1:colcon.colcon_core.environment:checking '/home/rahul/ros2_workspace/install/my_robot_bringup/lib/python3.10/site-packages'
[0.901s] Level 1:colcon.colcon_core.environment:checking '/home/rahul/ros2_workspace/install/my_robot_bringup/bin'
[0.901s] INFO:colcon.colcon_core.shell:Creating package script '/home/rahul/ros2_workspace/install/my_robot_bringup/share/my_robot_bringup/package.ps1'
[0.901s] INFO:colcon.colcon_core.shell:Creating package descriptor '/home/rahul/ros2_workspace/install/my_robot_bringup/share/my_robot_bringup/package.dsv'
[0.902s] INFO:colcon.colcon_core.shell:Creating package script '/home/rahul/ros2_workspace/install/my_robot_bringup/share/my_robot_bringup/package.sh'
[0.902s] INFO:colcon.colcon_core.shell:Creating package script '/home/rahul/ros2_workspace/install/my_robot_bringup/share/my_robot_bringup/package.bash'
[0.902s] INFO:colcon.colcon_core.shell:Creating package script '/home/rahul/ros2_workspace/install/my_robot_bringup/share/my_robot_bringup/package.zsh'
[0.903s] Level 1:colcon.colcon_core.environment:create_file_with_runtime_dependencies(/home/rahul/ros2_workspace/install/my_robot_bringup/share/colcon-core/packages/my_robot_bringup)
[30.936s] DEBUG:colcon.colcon_core.event_handler.log_command:Invoking command in '/home/rahul/ros2_workspace/build/my_robot_controller': PYTHONPATH=/home/rahul/ros2_workspace/build/my_robot_controller/prefix_override:/usr/lib/python3/dist-packages/colcon_core/task/python/colcon_distutils_commands:/home/rahul/ros2_workspace/install/my_robot_controller/lib/python3.10/site-packages:${PYTHONPATH} /usr/bin/python3 -W ignore:setup.py install is deprecated -W ignore:easy_install command is deprecated setup.py develop --uninstall --editable --build-directory /home/rahul/ros2_workspace/build/my_robot_controller/build
[31.358s] DEBUG:colcon.colcon_core.event_handler.log_command:Invoked command in '/home/rahul/ros2_workspace/build/my_robot_controller' returned '0': PYTHONPATH=/home/rahul/ros2_workspace/build/my_robot_controller/prefix_override:/usr/lib/python3/dist-packages/colcon_core/task/python/colcon_distutils_commands:/home/rahul/ros2_workspace/install/my_robot_controller/lib/python3.10/site-packages:${PYTHONPATH} /usr/bin/python3 -W ignore:setup.py install is deprecated -W ignore:easy_install command is deprecated setup.py develop --uninstall --editable --build-directory /home/rahul/ros2_workspace/build/my_robot_controller/build
[31.363s] DEBUG:colcon.colcon_core.event_handler.log_command:Invoking command in '/home/rahul/ros2_workspace/src/my_robot_controller': PYTHONPATH=/home/rahul/ros2_workspace/build/my_robot_controller/prefix_override:/usr/lib/python3/dist-packages/colcon_core/task/python/colcon_distutils_commands:/home/rahul/ros2_workspace/install/my_robot_controller/lib/python3.10/site-packages:${PYTHONPATH} /usr/bin/python3 -W ignore:setup.py install is deprecated -W ignore:easy_install command is deprecated setup.py egg_info --egg-base ../../build/my_robot_controller build --build-base /home/rahul/ros2_workspace/build/my_robot_controller/build install --record /home/rahul/ros2_workspace/build/my_robot_controller/install.log --single-version-externally-managed install_data --force
[31.631s] Level 1:colcon.colcon_core.environment:checking '/home/rahul/ros2_workspace/install/my_robot_controller' for CMake module files
[31.632s] DEBUG:colcon.colcon_core.event_handler.log_command:Invoked command in '/home/rahul/ros2_workspace/src/my_robot_controller' returned '0': PYTHONPATH=/home/rahul/ros2_workspace/build/my_robot_controller/prefix_override:/usr/lib/python3/dist-packages/colcon_core/task/python/colcon_distutils_commands:/home/rahul/ros2_workspace/install/my_robot_controller/lib/python3.10/site-packages:${PYTHONPATH} /usr/bin/python3 -W ignore:setup.py install is deprecated -W ignore:easy_install command is deprecated setup.py egg_info --egg-base ../../build/my_robot_controller build --build-base /home/rahul/ros2_workspace/build/my_robot_controller/build install --record /home/rahul/ros2_workspace/build/my_robot_controller/install.log --single-version-externally-managed install_data --force
[31.632s] Level 1:colcon.colcon_core.environment:checking '/home/rahul/ros2_workspace/install/my_robot_controller' for CMake config files
[31.633s] Level 1:colcon.colcon_core.environment:checking '/home/rahul/ros2_workspace/install/my_robot_controller/lib'
[31.633s] Level 1:colcon.colcon_core.environment:checking '/home/rahul/ros2_workspace/install/my_robot_controller/bin'
[31.633s] Level 1:colcon.colcon_core.environment:checking '/home/rahul/ros2_workspace/install/my_robot_controller/lib/pkgconfig/my_robot_controller.pc'
[31.633s] Level 1:colcon.colcon_core.environment:checking '/home/rahul/ros2_workspace/install/my_robot_controller/lib/python3.10/site-packages'
[31.633s] Level 1:colcon.colcon_core.shell:create_environment_hook('my_robot_controller', 'pythonpath')
[31.634s] INFO:colcon.colcon_core.shell:Creating environment hook '/home/rahul/ros2_workspace/install/my_robot_controller/share/my_robot_controller/hook/pythonpath.ps1'
[31.634s] INFO:colcon.colcon_core.shell:Creating environment descriptor '/home/rahul/ros2_workspace/install/my_robot_controller/share/my_robot_controller/hook/pythonpath.dsv'
[31.634s] INFO:colcon.colcon_core.shell:Creating environment hook '/home/rahul/ros2_workspace/install/my_robot_controller/share/my_robot_controller/hook/pythonpath.sh'
[31.635s] Level 1:colcon.colcon_core.environment:checking '/home/rahul/ros2_workspace/install/my_robot_controller/bin'
[31.635s] Level 1:colcon.colcon_core.environment:create_environment_scripts_only(my_robot_controller)
[31.635s] INFO:colcon.colcon_core.shell:Creating package script '/home/rahul/ros2_workspace/install/my_robot_controller/share/my_robot_controller/package.ps1'
[31.636s] INFO:colcon.colcon_core.shell:Creating package descriptor '/home/rahul/ros2_workspace/install/my_robot_controller/share/my_robot_controller/package.dsv'
[31.636s] INFO:colcon.colcon_core.shell:Creating package script '/home/rahul/ros2_workspace/install/my_robot_controller/share/my_robot_controller/package.sh'
[31.636s] INFO:colcon.colcon_core.shell:Creating package script '/home/rahul/ros2_workspace/install/my_robot_controller/share/my_robot_controller/package.bash'
[31.637s] INFO:colcon.colcon_core.shell:Creating package script '/home/rahul/ros2_workspace/install/my_robot_controller/share/my_robot_controller/package.zsh'
[31.637s] Level 1:colcon.colcon_core.environment:create_file_with_runtime_dependencies(/home/rahul/ros2_workspace/install/my_robot_controller/share/colcon-core/packages/my_robot_controller)
[31.637s] DEBUG:colcon.colcon_parallel_executor.executor.parallel:closing loop
[31.637s] DEBUG:colcon.colcon_parallel_executor.executor.parallel:loop closed
[31.637s] DEBUG:colcon.colcon_parallel_executor.executor.parallel:run_until_complete finished with '0'
[31.637s] DEBUG:colcon.colcon_core.event_reactor:joining thread
[31.642s] INFO:colcon.colcon_core.plugin_system:Skipping extension 'colcon_notification.desktop_notification.terminal_notifier': Not used on non-Darwin systems
[31.642s] INFO:colcon.colcon_core.plugin_system:Skipping extension 'colcon_notification.desktop_notification.win32': Not used on non-Windows systems
[31.642s] INFO:colcon.colcon_notification.desktop_notification:Sending desktop notification using 'notify2'
[31.642s] DEBUG:colcon.colcon_notification.desktop_notification.notify2:Failed to initialize notify2: org.freedesktop.DBus.Error.AccessDenied: Failed to connect to socket /run/user/1000/bus: Operation not permitted
[31.642s] DEBUG:colcon.colcon_core.event_reactor:joined thread
[31.643s] INFO:colcon.colcon_core.shell:Creating prefix script '/home/rahul/ros2_workspace/install/local_setup.ps1'
[31.643s] INFO:colcon.colcon_core.shell:Creating prefix util module '/home/rahul/ros2_workspace/install/_local_setup_util_ps1.py'
[31.644s] INFO:colcon.colcon_core.shell:Creating prefix chain script '/home/rahul/ros2_workspace/install/setup.ps1'
[31.646s] INFO:colcon.colcon_core.shell:Creating prefix script '/home/rahul/ros2_workspace/install/local_setup.sh'
[31.647s] INFO:colcon.colcon_core.shell:Creating prefix util module '/home/rahul/ros2_workspace/install/_local_setup_util_sh.py'
[31.647s] INFO:colcon.colcon_core.shell:Creating prefix chain script '/home/rahul/ros2_workspace/install/setup.sh'
[31.650s] INFO:colcon.colcon_core.shell:Creating prefix script '/home/rahul/ros2_workspace/install/local_setup.bash'
[31.651s] INFO:colcon.colcon_core.shell:Creating prefix chain script '/home/rahul/ros2_workspace/install/setup.bash'
[31.652s] INFO:colcon.colcon_core.shell:Creating prefix script '/home/rahul/ros2_workspace/install/local_setup.zsh'
[31.653s] INFO:colcon.colcon_core.shell:Creating prefix chain script '/home/rahul/ros2_workspace/install/setup.zsh'
