[0.233s] DEBUG:colcon:Command line arguments: ['/usr/bin/colcon', 'list', '-p', '--base-paths', '/home/rahul/ros2_workspace']
[0.234s] DEBUG:colcon:Parsed command line arguments: Namespace(log_base=None, log_level=None, verb_name='list', build_base='build', ignore_user_meta=False, metas=['./colcon.meta'], base_paths=['/home/rahul/ros2_workspace'], packages_ignore=None, packages_ignore_regex=None, paths=None, packages_up_to=None, packages_up_to_regex=None, packages_above=None, packages_above_and_dependencies=None, packages_above_depth=None, packages_select_by_dep=None, packages_skip_by_dep=None, packages_skip_up_to=None, packages_select_build_failed=False, packages_skip_build_finished=False, packages_select_test_failures=False, packages_skip_test_passed=False, packages_select=None, packages_skip=None, packages_select_regex=None, packages_skip_regex=None, packages_start=None, packages_end=None, allow_overriding=[], topological_order=False, names_only=False, paths_only=True, topological_graph=False, topological_graph_dot=False, topological_graph_density=False, topological_graph_legend=False, topological_graph_dot_cluster=False, topological_graph_dot_include_skipped=False, verb_parser=<colcon_defaults.argument_parser.defaults.DefaultArgumentsDecorator object at 0x7a79d868c6d0>, verb_extension=<colcon_package_information.verb.list.ListVerb object at 0x7a79d865b790>, main=<bound method ListVerb.main of <colcon_package_information.verb.list.ListVerb object at 0x7a79d865b790>>)
[0.695s] Level 1:colcon.colcon_core.package_discovery:discover_packages(colcon_meta) check parameters
[0.696s] Level 1:colcon.colcon_core.package_discovery:discover_packages(recursive) check parameters
[0.696s] Level 1:colcon.colcon_core.package_discovery:discover_packages(ignore) check parameters
[0.696s] Level 1:colcon.colcon_core.package_discovery:discover_packages(path) check parameters
[0.696s] Level 1:colcon.colcon_core.package_discovery:discover_packages(recursive) discover
[0.696s] INFO:colcon.colcon_core.package_discovery:Crawling recursively for packages in '/home/rahul/ros2_workspace'
[0.697s] Level 1:colcon.colcon_core.package_identification:_identify(/home/rahul/ros2_workspace) by extensions ['ignore', 'ignore_ament_install']
[0.697s] Level 1:colcon.colcon_core.package_identification:_identify(/home/rahul/ros2_workspace) by extension 'ignore'
[0.697s] Level 1:colcon.colcon_core.package_identification:_identify(/home/rahul/ros2_workspace) by extension 'ignore_ament_install'
[0.698s] Level 1:colcon.colcon_core.package_identification:_identify(/home/rahul/ros2_workspace) by extensions ['colcon_pkg']
[0.698s] Level 1:colcon.colcon_core.package_identification:_identify(/home/rahul/ros2_workspace) by extension 'colcon_pkg'
[0.698s] Level 1:colcon.colcon_core.package_identification:_identify(/home/rahul/ros2_workspace) by extensions ['colcon_meta']
[0.698s] Level 1:colcon.colcon_core.package_identification:_identify(/home/rahul/ros2_workspace) by extension 'colcon_meta'
[0.698s] Level 1:colcon.colcon_core.package_identification:_identify(/home/rahul/ros2_workspace) by extensions ['ros']
[0.698s] Level 1:colcon.colcon_core.package_identification:_identify(/home/rahul/ros2_workspace) by extension 'ros'
[0.747s] Level 1:colcon.colcon_core.package_identification:_identify(/home/rahul/ros2_workspace) by extensions ['cmake', 'python']
[0.747s] Level 1:colcon.colcon_core.package_identification:_identify(/home/rahul/ros2_workspace) by extension 'cmake'
[0.747s] Level 1:colcon.colcon_core.package_identification:_identify(/home/rahul/ros2_workspace) by extension 'python'
[0.748s] Level 1:colcon.colcon_core.package_identification:_identify(/home/rahul/ros2_workspace) by extensions ['python_setup_py']
[0.748s] Level 1:colcon.colcon_core.package_identification:_identify(/home/rahul/ros2_workspace) by extension 'python_setup_py'
[0.748s] Level 1:colcon.colcon_core.package_identification:_identify(/home/rahul/ros2_workspace/build) by extensions ['ignore', 'ignore_ament_install']
[0.749s] Level 1:colcon.colcon_core.package_identification:_identify(/home/rahul/ros2_workspace/build) by extension 'ignore'
[0.749s] Level 1:colcon.colcon_core.package_identification:_identify(/home/rahul/ros2_workspace/build) ignored
[0.749s] Level 1:colcon.colcon_core.package_identification:_identify(/home/rahul/ros2_workspace/install) by extensions ['ignore', 'ignore_ament_install']
[0.749s] Level 1:colcon.colcon_core.package_identification:_identify(/home/rahul/ros2_workspace/install) by extension 'ignore'
[0.749s] Level 1:colcon.colcon_core.package_identification:_identify(/home/rahul/ros2_workspace/install) ignored
[0.749s] Level 1:colcon.colcon_core.package_identification:_identify(/home/rahul/ros2_workspace/log) by extensions ['ignore', 'ignore_ament_install']
[0.750s] Level 1:colcon.colcon_core.package_identification:_identify(/home/rahul/ros2_workspace/log) by extension 'ignore'
[0.750s] Level 1:colcon.colcon_core.package_identification:_identify(/home/rahul/ros2_workspace/log) ignored
[0.750s] Level 1:colcon.colcon_core.package_identification:_identify(/home/rahul/ros2_workspace/src) by extensions ['ignore', 'ignore_ament_install']
[0.750s] Level 1:colcon.colcon_core.package_identification:_identify(/home/rahul/ros2_workspace/src) by extension 'ignore'
[0.750s] Level 1:colcon.colcon_core.package_identification:_identify(/home/rahul/ros2_workspace/src) by extension 'ignore_ament_install'
[0.750s] Level 1:colcon.colcon_core.package_identification:_identify(/home/rahul/ros2_workspace/src) by extensions ['colcon_pkg']
[0.750s] Level 1:colcon.colcon_core.package_identification:_identify(/home/rahul/ros2_workspace/src) by extension 'colcon_pkg'
[0.750s] Level 1:colcon.colcon_core.package_identification:_identify(/home/rahul/ros2_workspace/src) by extensions ['colcon_meta']
[0.750s] Level 1:colcon.colcon_core.package_identification:_identify(/home/rahul/ros2_workspace/src) by extension 'colcon_meta'
[0.750s] Level 1:colcon.colcon_core.package_identification:_identify(/home/rahul/ros2_workspace/src) by extensions ['ros']
[0.750s] Level 1:colcon.colcon_core.package_identification:_identify(/home/rahul/ros2_workspace/src) by extension 'ros'
[0.750s] Level 1:colcon.colcon_core.package_identification:_identify(/home/rahul/ros2_workspace/src) by extensions ['cmake', 'python']
[0.751s] Level 1:colcon.colcon_core.package_identification:_identify(/home/rahul/ros2_workspace/src) by extension 'cmake'
[0.751s] Level 1:colcon.colcon_core.package_identification:_identify(/home/rahul/ros2_workspace/src) by extension 'python'
[0.751s] Level 1:colcon.colcon_core.package_identification:_identify(/home/rahul/ros2_workspace/src) by extensions ['python_setup_py']
[0.751s] Level 1:colcon.colcon_core.package_identification:_identify(/home/rahul/ros2_workspace/src) by extension 'python_setup_py'
[0.751s] Level 1:colcon.colcon_core.package_identification:_identify(/home/rahul/ros2_workspace/src/my_robot_description) by extensions ['ignore', 'ignore_ament_install']
[0.751s] Level 1:colcon.colcon_core.package_identification:_identify(/home/rahul/ros2_workspace/src/my_robot_description) by extension 'ignore'
[0.751s] Level 1:colcon.colcon_core.package_identification:_identify(/home/rahul/ros2_workspace/src/my_robot_description) by extension 'ignore_ament_install'
[0.751s] Level 1:colcon.colcon_core.package_identification:_identify(/home/rahul/ros2_workspace/src/my_robot_description) by extensions ['colcon_pkg']
[0.751s] Level 1:colcon.colcon_core.package_identification:_identify(/home/rahul/ros2_workspace/src/my_robot_description) by extension 'colcon_pkg'
[0.751s] Level 1:colcon.colcon_core.package_identification:_identify(/home/rahul/ros2_workspace/src/my_robot_description) by extensions ['colcon_meta']
[0.751s] Level 1:colcon.colcon_core.package_identification:_identify(/home/rahul/ros2_workspace/src/my_robot_description) by extension 'colcon_meta'
[0.751s] Level 1:colcon.colcon_core.package_identification:_identify(/home/rahul/ros2_workspace/src/my_robot_description) by extensions ['ros']
[0.751s] Level 1:colcon.colcon_core.package_identification:_identify(/home/rahul/ros2_workspace/src/my_robot_description) by extension 'ros'
[0.758s] DEBUG:colcon.colcon_core.package_identification:Package '/home/rahul/ros2_workspace/src/my_robot_description' with type 'ros.ament_cmake' and name 'my_robot_description'
[0.759s] Level 1:colcon.colcon_core.package_discovery:discover_packages(recursive) using defaults
